Component: ARM Compiler 5.06 update 2 (build 183) Tool: armlink [4d35b7]

==============================================================================

Section Cross References

    system_stm32f1xx.o(i.SystemCoreClockUpdate) refers to system_stm32f1xx.o(.data) for .data
    system_stm32f1xx.o(i.SystemCoreClockUpdate) refers to system_stm32f1xx.o(.constdata) for .constdata
    stm32f1xx_hal_rcc.o(i.HAL_RCC_ClockConfig) refers to stm32f1xx_hal.o(i.HAL_GetTick) for HAL_GetTick
    stm32f1xx_hal_rcc.o(i.HAL_RCC_ClockConfig) refers to stm32f1xx_hal_rcc.o(i.HAL_RCC_GetSysClockFreq) for HAL_RCC_GetSysClockFreq
    stm32f1xx_hal_rcc.o(i.HAL_RCC_ClockConfig) refers to stm32f1xx_hal.o(i.HAL_InitTick) for HAL_InitTick
    stm32f1xx_hal_rcc.o(i.HAL_RCC_ClockConfig) refers to system_stm32f1xx.o(.constdata) for AHBPrescTable
    stm32f1xx_hal_rcc.o(i.HAL_RCC_ClockConfig) refers to system_stm32f1xx.o(.data) for SystemCoreClock
    stm32f1xx_hal_rcc.o(i.HAL_RCC_DeInit) refers to system_stm32f1xx.o(.data) for SystemCoreClock
    stm32f1xx_hal_rcc.o(i.HAL_RCC_GetHCLKFreq) refers to system_stm32f1xx.o(.data) for SystemCoreClock
    stm32f1xx_hal_rcc.o(i.HAL_RCC_GetPCLK1Freq) refers to system_stm32f1xx.o(.data) for SystemCoreClock
    stm32f1xx_hal_rcc.o(i.HAL_RCC_GetPCLK1Freq) refers to system_stm32f1xx.o(.constdata) for APBPrescTable
    stm32f1xx_hal_rcc.o(i.HAL_RCC_GetPCLK2Freq) refers to system_stm32f1xx.o(.data) for SystemCoreClock
    stm32f1xx_hal_rcc.o(i.HAL_RCC_GetPCLK2Freq) refers to system_stm32f1xx.o(.constdata) for APBPrescTable
    stm32f1xx_hal_rcc.o(i.HAL_RCC_MCOConfig) refers to stm32f1xx_hal_gpio.o(i.HAL_GPIO_Init) for HAL_GPIO_Init
    stm32f1xx_hal_rcc.o(i.HAL_RCC_NMI_IRQHandler) refers to stm32f1xx_hal_rcc.o(i.HAL_RCC_CSSCallback) for HAL_RCC_CSSCallback
    stm32f1xx_hal_rcc.o(i.HAL_RCC_OscConfig) refers to stm32f1xx_hal.o(i.HAL_GetTick) for HAL_GetTick
    stm32f1xx_hal_rcc.o(i.HAL_RCC_OscConfig) refers to stm32f1xx_hal.o(i.HAL_Delay) for HAL_Delay
    stm32f1xx_hal_dma.o(i.HAL_DMA_Abort) refers to stm32f1xx_hal.o(i.HAL_GetTick) for HAL_GetTick
    stm32f1xx_hal_dma.o(i.HAL_DMA_PollForTransfer) refers to stm32f1xx_hal.o(i.HAL_GetTick) for HAL_GetTick
    stm32f1xx_hal_dma.o(i.HAL_DMA_Start) refers to stm32f1xx_hal_dma.o(i.DMA_SetConfig) for DMA_SetConfig
    stm32f1xx_hal_dma.o(i.HAL_DMA_Start_IT) refers to stm32f1xx_hal_dma.o(i.DMA_SetConfig) for DMA_SetConfig
    stm32f1xx_hal_uart.o(i.HAL_HalfDuplex_Init) refers to stm32f1xx_hal_msp.o(i.HAL_UART_MspInit) for HAL_UART_MspInit
    stm32f1xx_hal_uart.o(i.HAL_HalfDuplex_Init) refers to stm32f1xx_hal_uart.o(i.UART_SetConfig) for UART_SetConfig
    stm32f1xx_hal_uart.o(i.HAL_LIN_Init) refers to stm32f1xx_hal_msp.o(i.HAL_UART_MspInit) for HAL_UART_MspInit
    stm32f1xx_hal_uart.o(i.HAL_LIN_Init) refers to stm32f1xx_hal_uart.o(i.UART_SetConfig) for UART_SetConfig
    stm32f1xx_hal_uart.o(i.HAL_MultiProcessor_Init) refers to stm32f1xx_hal_msp.o(i.HAL_UART_MspInit) for HAL_UART_MspInit
    stm32f1xx_hal_uart.o(i.HAL_MultiProcessor_Init) refers to stm32f1xx_hal_uart.o(i.UART_SetConfig) for UART_SetConfig
    stm32f1xx_hal_uart.o(i.HAL_UART_DMAStop) refers to stm32f1xx_hal_dma.o(i.HAL_DMA_Abort) for HAL_DMA_Abort
    stm32f1xx_hal_uart.o(i.HAL_UART_DeInit) refers to stm32f1xx_hal_msp.o(i.HAL_UART_MspDeInit) for HAL_UART_MspDeInit
    stm32f1xx_hal_uart.o(i.HAL_UART_IRQHandler) refers to stm32f1xx_hal_uart.o(i.UART_Receive_IT) for UART_Receive_IT
    stm32f1xx_hal_uart.o(i.HAL_UART_IRQHandler) refers to stm32f1xx_hal_uart.o(i.UART_Transmit_IT) for UART_Transmit_IT
    stm32f1xx_hal_uart.o(i.HAL_UART_IRQHandler) refers to stm32f1xx_hal_uart.o(i.HAL_UART_TxCpltCallback) for HAL_UART_TxCpltCallback
    stm32f1xx_hal_uart.o(i.HAL_UART_IRQHandler) refers to stm32f1xx_hal_uart.o(i.HAL_UART_ErrorCallback) for HAL_UART_ErrorCallback
    stm32f1xx_hal_uart.o(i.HAL_UART_Init) refers to stm32f1xx_hal_msp.o(i.HAL_UART_MspInit) for HAL_UART_MspInit
    stm32f1xx_hal_uart.o(i.HAL_UART_Init) refers to stm32f1xx_hal_uart.o(i.UART_SetConfig) for UART_SetConfig
    stm32f1xx_hal_uart.o(i.HAL_UART_Receive) refers to stm32f1xx_hal_uart.o(i.UART_WaitOnFlagUntilTimeout) for UART_WaitOnFlagUntilTimeout
    stm32f1xx_hal_uart.o(i.HAL_UART_Receive_DMA) refers to stm32f1xx_hal_dma.o(i.HAL_DMA_Start_IT) for HAL_DMA_Start_IT
    stm32f1xx_hal_uart.o(i.HAL_UART_Receive_DMA) refers to stm32f1xx_hal_uart.o(i.UART_DMAReceiveCplt) for UART_DMAReceiveCplt
    stm32f1xx_hal_uart.o(i.HAL_UART_Receive_DMA) refers to stm32f1xx_hal_uart.o(i.UART_DMARxHalfCplt) for UART_DMARxHalfCplt
    stm32f1xx_hal_uart.o(i.HAL_UART_Receive_DMA) refers to stm32f1xx_hal_uart.o(i.UART_DMAError) for UART_DMAError
    stm32f1xx_hal_uart.o(i.HAL_UART_Transmit) refers to stm32f1xx_hal_uart.o(i.UART_WaitOnFlagUntilTimeout) for UART_WaitOnFlagUntilTimeout
    stm32f1xx_hal_uart.o(i.HAL_UART_Transmit_DMA) refers to stm32f1xx_hal_dma.o(i.HAL_DMA_Start_IT) for HAL_DMA_Start_IT
[...]
    i.Error_Handler                          0x08000304   Section        0  main.o(i.Error_Handler)
    i.GPS_set_state                          0x08000308   Section        0  main.o(i.GPS_set_state)
    i.HAL_ADC_ConfigChannel                  0x08000320   Section        0  stm32f1xx_hal_adc.o(i.HAL_ADC_ConfigChannel)
    i.HAL_ADC_Init                           0x08000488   Section        0  stm32f1xx_hal_adc.o(i.HAL_ADC_Init)
    i.HAL_ADC_MspInit                        0x080005d0   Section        0  stm32f1xx_hal_msp.o(i.HAL_ADC_MspInit)
    i.HAL_Delay                              0x08000610   Section        0  stm32f1xx_hal.o(i.HAL_Delay)
    i.HAL_GPIO_EXTI_Callback                 0x08000626   Section        0  stm32f1xx_hal_gpio.o(i.HAL_GPIO_EXTI_Callback)
    i.HAL_GPIO_EXTI_IRQHandler               0x08000628   Section        0  stm32f1xx_hal_gpio.o(i.HAL_GPIO_EXTI_IRQHandler)
    i.HAL_GPIO_Init                          0x08000640   Section        0  stm32f1xx_hal_gpio.o(i.HAL_GPIO_Init)
    i.HAL_GPIO_TogglePin                     0x08000828   Section        0  stm32f1xx_hal_gpio.o(i.HAL_GPIO_TogglePin)
    i.HAL_GPIO_WritePin                      0x08000830   Section        0  stm32f1xx_hal_gpio.o(i.HAL_GPIO_WritePin)
    i.HAL_GetTick                            0x0800083c   Section        0  stm32f1xx_hal.o(i.HAL_GetTick)
    i.HAL_I2C_Init                           0x08000848   Section        0  stm32f1xx_hal_i2c.o(i.HAL_I2C_Init)
    i.HAL_I2C_Mem_Write                      0x08000928   Section        0  stm32f1xx_hal_i2c.o(i.HAL_I2C_Mem_Write)
    i.HAL_I2C_MspInit                        0x08000a20   Section        0  stm32f1xx_hal_msp.o(i.HAL_I2C_MspInit)
    i.HAL_IncTick                            0x08000a64   Section        0  stm32f1xx_hal.o(i.HAL_IncTick)
    i.HAL_Init                               0x08000a74   Section        0  stm32f1xx_hal.o(i.HAL_Init)
    i.HAL_InitTick                           0x08000a98   Section        0  stm32f1xx_hal.o(i.HAL_InitTick)
    i.HAL_MspInit                            0x08000abc   Section        0  stm32f1xx_hal_msp.o(i.HAL_MspInit)
    i.HAL_NVIC_EnableIRQ                     0x08000b3c   Section        0  stm32f1xx_hal_cortex.o(i.HAL_NVIC_EnableIRQ)
    i.HAL_NVIC_SetPriority                   0x08000b54   Section        0  stm32f1xx_hal_cortex.o(i.HAL_NVIC_SetPriority)
    i.HAL_NVIC_SetPriorityGrouping           0x08000b94   Section        0  stm32f1xx_hal_cortex.o(i.HAL_NVIC_SetPriorityGrouping)
    i.HAL_PCDEx_PMAConfig                    0x08000bb8   Section        0  stm32f1xx_hal_pcd_ex.o(i.HAL_PCDEx_PMAConfig)
    i.HAL_PCDEx_SetConnectionState           0x08000bec   Section        0  usbd_conf.o(i.HAL_PCDEx_SetConnectionState)
    i.HAL_PCD_DataInStageCallback            0x08000bee   Section        0  usbd_conf.o(i.HAL_PCD_DataInStageCallback)
    i.HAL_PCD_DataOutStageCallback           0x08000bfc   Section        0  usbd_conf.o(i.HAL_PCD_DataOutStageCallback)
    i.HAL_PCD_EP_Close                       0x08000c0c   Section        0  stm32f1xx_hal_pcd.o(i.HAL_PCD_EP_Close)
    i.HAL_PCD_EP_ClrStall                    0x08000c4c   Section        0  stm32f1xx_hal_pcd.o(i.HAL_PCD_EP_ClrStall)
    i.HAL_PCD_EP_GetRxCount                  0x08000c94   Section        0  stm32f1xx_hal_pcd.o(i.HAL_PCD_EP_GetRxCount)
    i.HAL_PCD_EP_Open                        0x08000ca4   Section        0  stm32f1xx_hal_pcd.o(i.HAL_PCD_EP_Open)
    i.HAL_PCD_EP_Receive                     0x08000ce8   Section        0  stm32f1xx_hal_pcd.o(i.HAL_PCD_EP_Receive)
    i.HAL_PCD_EP_SetStall                    0x08000d28   Section        0  stm32f1xx_hal_pcd.o(i.HAL_PCD_EP_SetStall)
    i.HAL_PCD_EP_Transmit                    0x08000d7e   Section        0  stm32f1xx_hal_pcd.o(i.HAL_PCD_EP_Transmit)
    i.HAL_PCD_IRQHandler                     0x08000dbc   Section        0  stm32f1xx_hal_pcd.o(i.HAL_PCD_IRQHandler)
    i.HAL_PCD_Init                           0x08000ec8   Section        0  stm32f1xx_hal_pcd.o(i.HAL_PCD_Init)
    i.HAL_PCD_MspInit                        0x08000f88   Section        0  usbd_conf.o(i.HAL_PCD_MspInit)
    i.HAL_PCD_ResetCallback                  0x08000fc4   Section        0  usbd_conf.o(i.HAL_PCD_ResetCallback)
    i.HAL_PCD_ResumeCallback                 0x08000fde   Section        0  usbd_conf.o(i.HAL_PCD_ResumeCallback)
    i.HAL_PCD_SOFCallback                    0x08000fe6   Section        0  usbd_conf.o(i.HAL_PCD_SOFCallback)
    i.HAL_PCD_SetAddress                     0x08000fee   Section        0  stm32f1xx_hal_pcd.o(i.HAL_PCD_SetAddress)
    i.HAL_PCD_SetupStageCallback             0x08001016   Section        0  usbd_conf.o(i.HAL_PCD_SetupStageCallback)
    i.HAL_PCD_Start                          0x08001024   Section        0  stm32f1xx_hal_pcd.o(i.HAL_PCD_Start)
    i.HAL_PCD_SuspendCallback                0x08001058   Section        0  usbd_conf.o(i.HAL_PCD_SuspendCallback)
    i.HAL_RCCEx_PeriphCLKConfig              0x0800107c   Section        0  stm32f1xx_hal_rcc_ex.o(i.HAL_RCCEx_PeriphCLKConfig)
    i.HAL_RCC_ClockConfig                    0x080011a8   Section        0  stm32f1xx_hal_rcc.o(i.HAL_RCC_ClockConfig)
    i.HAL_RCC_GetHCLKFreq                    0x08001330   Section        0  stm32f1xx_hal_rcc.o(i.HAL_RCC_GetHCLKFreq)
    i.HAL_RCC_GetPCLK1Freq                   0x0800133c   Section        0  stm32f1xx_hal_rcc.o(i.HAL_RCC_GetPCLK1Freq)
    i.HAL_RCC_GetPCLK2Freq                   0x0800136c   Section        0  stm32f1xx_hal_rcc.o(i.HAL_RCC_GetPCLK2Freq)
    i.HAL_RCC_GetSysClockFreq                0x0800139c   Section        0  stm32f1xx_hal_rcc.o(i.HAL_RCC_GetSysClockFreq)
    i.HAL_RCC_OscConfig                      0x08001428   Section        0  stm32f1xx_hal_rcc.o(i.HAL_RCC_OscConfig)
    i.HAL_SPI_Init                           0x080019a8   Section        0  stm32f1xx_hal_spi_ex.o(i.HAL_SPI_Init)
    i.HAL_SPI_MspInit                        0x08001a30   Section        0  stm32f1xx_hal_msp.o(i.HAL_SPI_MspInit)
    i.HAL_SYSTICK_CLKSourceConfig            0x08001a8c   Section        0  stm32f1xx_hal_cortex.o(i.HAL_SYSTICK_CLKSourceConfig)
    i.HAL_SYSTICK_Callback                   0x08001aa4   Section        0  stm32f1xx_hal_cortex.o(i.HAL_SYSTICK_Callback)
    i.HAL_SYSTICK_Config                     0x08001aa6   Section        0  stm32f1xx_hal_cortex.o(i.HAL_SYSTICK_Config)
    i.HAL_SYSTICK_IRQHandler                 0x08001ace   Section        0  stm32f1xx_hal_cortex.o(i.HAL_SYSTICK_IRQHandler)
    i.HAL_TIMEx_BreakCallback                0x08001ad6   Section        0  stm32f1xx_hal_tim_ex.o(i.HAL_TIMEx_BreakCallback)
    i.HAL_TIMEx_CommutationCallback          0x08001ad8   Section        0  stm32f1xx_hal_tim_ex.o(i.HAL_TIMEx_CommutationCallback)
    i.HAL_TIMEx_MasterConfigSynchronization  0x08001ada   Section        0  stm32f1xx_hal_tim_ex.o(i.HAL_TIMEx_MasterConfigSynchronization)
    i.HAL_TIM_Base_Init                      0x08001b2a   Section        0  stm32f1xx_hal_tim.o(i.HAL_TIM_Base_Init)
    i.HAL_TIM_Base_MspInit                   0x08001b60   Section        0  stm32f1xx_hal_msp.o(i.HAL_TIM_Base_MspInit)
    i.HAL_TIM_ConfigClockSource              0x08001bd8   Section        0  stm32f1xx_hal_tim.o(i.HAL_TIM_ConfigClockSource)
    i.HAL_TIM_IC_CaptureCallback             0x08001cca   Section        0  stm32f1xx_hal_tim.o(i.HAL_TIM_IC_CaptureCallback)
    i.HAL_TIM_IC_ConfigChannel               0x08001ccc   Section        0  stm32f1xx_hal_tim.o(i.HAL_TIM_IC_ConfigChannel)
    i.HAL_TIM_IC_Init                        0x08001dea   Section        0  stm32f1xx_hal_tim.o(i.HAL_TIM_IC_Init)
    i.HAL_TIM_IC_MspInit                     0x08001e20   Section        0  stm32f1xx_hal_tim.o(i.HAL_TIM_IC_MspInit)
    i.HAL_TIM_IRQHandler                     0x08001e22   Section        0  stm32f1xx_hal_tim.o(i.HAL_TIM_IRQHandler)
    i.HAL_TIM_OC_DelayElapsedCallback        0x08001f88   Section        0  stm32f1xx_hal_tim.o(i.HAL_TIM_OC_DelayElapsedCallback)
    i.HAL_TIM_PWM_PulseFinishedCallback      0x08001f8a   Section        0  stm32f1xx_hal_tim.o(i.HAL_TIM_PWM_PulseFinishedCallback)
    i.HAL_TIM_PeriodElapsedCallback          0x08001f8c   Section        0  stm32f1xx_hal_tim.o(i.HAL_TIM_PeriodElapsedCallback)
    i.HAL_TIM_TriggerCallback                0x08001f8e   Section        0  stm32f1xx_hal_tim.o(i.HAL_TIM_TriggerCallback)
    i.HAL_UART_ErrorCallback                 0x08001f90   Section        0  stm32f1xx_hal_uart.o(i.HAL_UART_ErrorCallback)
    i.HAL_UART_IRQHandler                    0x08001f94   Section        0  stm32f1xx_hal_uart.o(i.HAL_UART_IRQHandler)
    i.HAL_UART_Init                          0x0800206e   Section        0  stm32f1xx_hal_uart.o(i.HAL_UART_Init)
    i.HAL_UART_MspInit                       0x080020cc   Section        0  stm32f1xx_hal_msp.o(i.HAL_UART_MspInit)
    i.HAL_UART_RxCpltCallback                0x08002180   Section        0  stm32f1xx_hal_uart.o(i.HAL_UART_RxCpltCallback)
    i.HAL_UART_TxCpltCallback                0x08002182   Section        0  stm32f1xx_hal_uart.o(i.HAL_UART_TxCpltCallback)
    i.HardFault_Handler                      0x08002184   Section        0  stm32f1xx_it.o(i.HardFault_Handler)
    i.I2C_IsAcknowledgeFailed                0x08002186   Section        0  stm32f1xx_hal_i2c.o(i.I2C_IsAcknowledgeFailed)
    I2C_IsAcknowledgeFailed                  0x08002187   Thumb Code    42  stm32f1xx_hal_i2c.o(i.I2C_IsAcknowledgeFailed)
    i.I2C_RequestMemoryWrite                 0x080021b0   Section        0  stm32f1xx_hal_i2c.o(i.I2C_RequestMemoryWrite)
    I2C_RequestMemoryWrite                   0x080021b1   Thumb Code   146  stm32f1xx_hal_i2c.o(i.I2C_RequestMemoryWrite)
    i.I2C_WaitOnFlagUntilTimeout             0x08002248   Section        0  stm32f1xx_hal_i2c.o(i.I2C_WaitOnFlagUntilTimeout)
    I2C_WaitOnFlagUntilTimeout               0x08002249   Thumb Code   138  stm32f1xx_hal_i2c.o(i.I2C_WaitOnFlagUntilTimeout)
    i.I2C_WaitOnMasterAddressFlagUntilTimeout 0x080022d2   Section        0  stm32f1xx_hal_i2c.o(i.I2C_WaitOnMasterAddressFlagUntilTimeout)
    I2C_WaitOnMasterAddressFlagUntilTimeout  0x080022d3   Thumb Code   136  stm32f1xx_hal_i2c.o(i.I2C_WaitOnMasterAddressFlagUntilTimeout)
    i.I2C_WaitOnTXEFlagUntilTimeout          0x0800235a   Section        0  stm32f1xx_hal_i2c.o(i.I2C_WaitOnTXEFlagUntilTimeout)
    I2C_WaitOnTXEFlagUntilTimeout            0x0800235b   Thumb Code    80  stm32f1xx_hal_i2c.o(i.I2C_WaitOnTXEFlagUntilTimeout)
    i.MX_ADC1_Init                           0x080023ac   Section        0  main.o(i.MX_ADC1_Init)
    MX_ADC1_Init                             0x080023ad   Thumb Code    60  main.o(i.MX_ADC1_Init)
    i.MX_GPIO_Init                           0x080023f0   Section        0  main.o(i.MX_GPIO_Init)
    MX_GPIO_Init                             0x080023f1   Thumb Code   244  main.o(i.MX_GPIO_Init)
    i.MX_I2C1_Init                           0x080024f8   Section        0  main.o(i.MX_I2C1_Init)
    MX_I2C1_Init                             0x080024f9   Thumb Code    86  main.o(i.MX_I2C1_Init)
    i.MX_SPI2_Init                           0x08002564   Section        0  main.o(i.MX_SPI2_Init)
    MX_SPI2_Init                             0x08002565   Thumb Code    54  main.o(i.MX_SPI2_Init)
    i.MX_TIM5_Init                           0x080025a4   Section        0  main.o(i.MX_TIM5_Init)
    MX_TIM5_Init                             0x080025a5   Thumb Code   118  main.o(i.MX_TIM5_Init)
    i.MX_USB_DEVICE_Init                     0x08002624   Section        0  usb_device.o(i.MX_USB_DEVICE_Init)
    i.MemManage_Handler                      0x0800265c   Section        0  stm32f1xx_it.o(i.MemManage_Handler)
    i.NMI_Handler                            0x0800265e   Section        0  stm32f1xx_it.o(i.NMI_Handler)
    i.NVIC_SetPriority                       0x08002660   Section        0  stm32f1xx_hal_cortex.o(i.NVIC_SetPriority)
    NVIC_SetPriority                         0x08002661   Thumb Code    32  stm32f1xx_hal_cortex.o(i.NVIC_SetPriority)
    i.PCD_EP_ISR_Handler                     0x08002680   Section        0  stm32f1xx_hal_pcd.o(i.PCD_EP_ISR_Handler)
    PCD_EP_ISR_Handler                       0x08002681   Thumb Code   866  stm32f1xx_hal_pcd.o(i.PCD_EP_ISR_Handler)
    i.PendSV_Handler                         0x080029e2   Section        0  stm32f1xx_it.o(i.PendSV_Handler)
    i.SSD1306_DrawPixel                      0x080029e4   Section        0  ssd1306.o(i.SSD1306_DrawPixel)
    i.SSD1306_Fill                           0x08002a24   Section        0  ssd1306.o(i.SSD1306_Fill)
    i.SSD1306_GotoXY                         0x08002a3c   Section        0  ssd1306.o(i.SSD1306_GotoXY)
    i.SSD1306_Init                           0x08002a48   Section        0  ssd1306.o(i.SSD1306_Init)
    i.SSD1306_Putc                           0x08002b18   Section        0  ssd1306.o(i.SSD1306_Putc)
    i.SSD1306_Puts                           0x08002bb8   Section        0  ssd1306.o(i.SSD1306_Puts)
    i.SSD1306_UpdateScreen                   0x08002be0   Section        0  ssd1306.o(i.SSD1306_UpdateScreen)
    i.SSD1306_WRITECOMMAND                   0x08002c3c   Section        0  ssd1306.o(i.SSD1306_WRITECOMMAND)
    i.SVC_Handler                            0x08002c60   Section        0  stm32f1xx_it.o(i.SVC_Handler)
    i.SysTick_Handler                        0x08002c62   Section        0  stm32f1xx_it.o(i.SysTick_Handler)
    i.SystemClock_Config                     0x08002c70   Section        0  main.o(i.SystemClock_Config)
    i.SystemInit                             0x08002cf0   Section        0  system_stm32f1xx.o(i.SystemInit)
    i.TIM5_IRQHandler                        0x08002d38   Section        0  stm32f1xx_it.o(i.TIM5_IRQHandler)
    i.TIM6_IRQHandler                        0x08002d44   Section        0  stm32f1xx_it.o(i.TIM6_IRQHandler)
    i.TIM_Base_SetConfig                     0x08002d50   Section        0  stm32f1xx_hal_tim.o(i.TIM_Base_SetConfig)
    i.TIM_ETR_SetConfig                      0x08002dd4   Section        0  stm32f1xx_hal_tim.o(i.TIM_ETR_SetConfig)
    TIM_ETR_SetConfig                        0x08002dd5   Thumb Code    20  stm32f1xx_hal_tim.o(i.TIM_ETR_SetConfig)
    i.TIM_ITRx_SetConfig                     0x08002de8   Section        0  stm32f1xx_hal_tim.o(i.TIM_ITRx_SetConfig)
    TIM_ITRx_SetConfig                       0x08002de9   Thumb Code    16  stm32f1xx_hal_tim.o(i.TIM_ITRx_SetConfig)
    i.TIM_TI1_ConfigInputStage               0x08002df8   Section        0  stm32f1xx_hal_tim.o(i.TIM_TI1_ConfigInputStage)
    TIM_TI1_ConfigInputStage                 0x08002df9   Thumb Code    34  stm32f1xx_hal_tim.o(i.TIM_TI1_ConfigInputStage)
    i.TIM_TI1_SetConfig                      0x08002e1c   Section        0  stm32f1xx_hal_tim.o(i.TIM_TI1_SetConfig)
    i.TIM_TI2_ConfigInputStage               0x08002e88   Section        0  stm32f1xx_hal_tim.o(i.TIM_TI2_ConfigInputStage)
    TIM_TI2_ConfigInputStage                 0x08002e89   Thumb Code    36  stm32f1xx_hal_tim.o(i.TIM_TI2_ConfigInputStage)
    i.TIM_TI2_SetConfig                      0x08002eac   Section        0  stm32f1xx_hal_tim.o(i.TIM_TI2_SetConfig)
    TIM_TI2_SetConfig                        0x08002ead   Thumb Code    54  stm32f1xx_hal_tim.o(i.TIM_TI2_SetConfig)
    i.UART4_IRQHandler                       0x08002ee4   Section        0  stm32f1xx_it.o(i.UART4_IRQHandler)
    i.UART_Receive_IT                        0x08002f04   Section        0  stm32f1xx_hal_uart.o(i.UART_Receive_IT)
    UART_Receive_IT                          0x08002f05   Thumb Code   168  stm32f1xx_hal_uart.o(i.UART_Receive_IT)
    i.UART_SetConfig                         0x08002fac   Section        0  stm32f1xx_hal_uart.o(i.UART_SetConfig)
    UART_SetConfig                           0x08002fad   Thumb Code   364  stm32f1xx_hal_uart.o(i.UART_SetConfig)
    i.UART_Transmit_IT                       0x0800311c   Section        0  stm32f1xx_hal_uart.o(i.UART_Transmit_IT)
    UART_Transmit_IT                         0x0800311d   Thumb Code   102  stm32f1xx_hal_uart.o(i.UART_Transmit_IT)
    i.USART1_IRQHandler                      0x08003184   Section        0  stm32f1xx_it.o(i.USART1_IRQHandler)
    i.USBD_CDC_DataIn                        0x08003190   Section        0  usbd_cdc.o(i.USBD_CDC_DataIn)
    USBD_CDC_DataIn                          0x08003191   Thumb Code    20  usbd_cdc.o(i.USBD_CDC_DataIn)
    i.USBD_CDC_DataOut                       0x080031a4   Section        0  usbd_cdc.o(i.USBD_CDC_DataOut)
    USBD_CDC_DataOut                         0x080031a5   Thumb Code    46  usbd_cdc.o(i.USBD_CDC_DataOut)
    i.USBD_CDC_DeInit                        0x080031d2   Section        0  usbd_cdc.o(i.USBD_CDC_DeInit)
    USBD_CDC_DeInit                          0x080031d3   Thumb Code    60  usbd_cdc.o(i.USBD_CDC_DeInit)
    i.USBD_CDC_EP0_RxReady                   0x0800320e   Section        0  usbd_cdc.o(i.USBD_CDC_EP0_RxReady)
    USBD_CDC_EP0_RxReady                     0x0800320f   Thumb Code    36  usbd_cdc.o(i.USBD_CDC_EP0_RxReady)
    i.USBD_CDC_GetDeviceQualifierDescriptor  0x08003234   Section        0  usbd_cdc.o(i.USBD_CDC_GetDeviceQualifierDescriptor)
    i.USBD_CDC_GetFSCfgDesc                  0x08003240   Section        0  usbd_cdc.o(i.USBD_CDC_GetFSCfgDesc)
    USBD_CDC_GetFSCfgDesc                    0x08003241   Thumb Code     8  usbd_cdc.o(i.USBD_CDC_GetFSCfgDesc)
    i.USBD_CDC_GetHSCfgDesc                  0x0800324c   Section        0  usbd_cdc.o(i.USBD_CDC_GetHSCfgDesc)
    USBD_CDC_GetHSCfgDesc                    0x0800324d   Thumb Code     8  usbd_cdc.o(i.USBD_CDC_GetHSCfgDesc)
    i.USBD_CDC_GetOtherSpeedCfgDesc          0x08003258   Section        0  usbd_cdc.o(i.USBD_CDC_GetOtherSpeedCfgDesc)
    USBD_CDC_GetOtherSpeedCfgDesc            0x08003259   Thumb Code     8  usbd_cdc.o(i.USBD_CDC_GetOtherSpeedCfgDesc)
    i.USBD_CDC_Init                          0x08003264   Section        0  usbd_cdc.o(i.USBD_CDC_Init)
    USBD_CDC_Init                            0x08003265   Thumb Code   136  usbd_cdc.o(i.USBD_CDC_Init)
    i.USBD_CDC_ReceivePacket                 0x080032ec   Section        0  usbd_cdc.o(i.USBD_CDC_ReceivePacket)
    i.USBD_CDC_RegisterInterface             0x08003314   Section        0  usbd_cdc.o(i.USBD_CDC_RegisterInterface)
    i.USBD_CDC_SetRxBuffer                   0x08003324   Section        0  usbd_cdc.o(i.USBD_CDC_SetRxBuffer)
    i.USBD_CDC_SetTxBuffer                   0x08003330   Section        0  usbd_cdc.o(i.USBD_CDC_SetTxBuffer)
    i.USBD_CDC_Setup                         0x08003340   Section        0  usbd_cdc.o(i.USBD_CDC_Setup)
    USBD_CDC_Setup                           0x08003341   Thumb Code   106  usbd_cdc.o(i.USBD_CDC_Setup)
    i.USBD_ClrClassConfig                    0x080033b0   Section        0  usbd_core.o(i.USBD_ClrClassConfig)
    i.USBD_CtlContinueRx                     0x080033be   Section        0  usbd_ioreq.o(i.USBD_CtlContinueRx)
    i.USBD_CtlContinueSendData               0x080033ce   Section        0  usbd_ioreq.o(i.USBD_CtlContinueSendData)
    i.USBD_CtlError                          0x080033de   Section        0  usbd_ctlreq.o(i.USBD_CtlError)
    i.USBD_CtlPrepareRx                      0x080033f4   Section        0  usbd_ioreq.o(i.USBD_CtlPrepareRx)
    i.USBD_CtlReceiveStatus                  0x08003412   Section        0  usbd_ioreq.o(i.USBD_CtlReceiveStatus)
    i.USBD_CtlSendData                       0x08003428   Section        0  usbd_ioreq.o(i.USBD_CtlSendData)
    i.USBD_CtlSendStatus                     0x08003442   Section        0  usbd_ioreq.o(i.USBD_CtlSendStatus)
    i.USBD_FS_ConfigStrDescriptor            0x08003458   Section        0  usbd_desc.o(i.USBD_FS_ConfigStrDescriptor)
    i.USBD_FS_DeviceDescriptor               0x08003478   Section        0  usbd_desc.o(i.USBD_FS_DeviceDescriptor)
    i.USBD_FS_InterfaceStrDescriptor         0x08003484   Section        0  usbd_desc.o(i.USBD_FS_InterfaceStrDescriptor)
    i.USBD_FS_LangIDStrDescriptor            0x080034a8   Section        0  usbd_desc.o(i.USBD_FS_LangIDStrDescriptor)
    i.USBD_FS_ManufacturerStrDescriptor      0x080034b4   Section        0  usbd_desc.o(i.USBD_FS_ManufacturerStrDescriptor)
    i.USBD_FS_ProductStrDescriptor           0x080034dc   Section        0  usbd_desc.o(i.USBD_FS_ProductStrDescriptor)
    i.USBD_FS_SerialStrDescriptor            0x08003508   Section        0  usbd_desc.o(i.USBD_FS_SerialStrDescriptor)
    i.USBD_GetDescriptor                     0x0800352c   Section        0  usbd_ctlreq.o(i.USBD_GetDescriptor)
    USBD_GetDescriptor                       0x0800352d   Thumb Code   224  usbd_ctlreq.o(i.USBD_GetDescriptor)
    i.USBD_GetString                         0x0800360c   Section        0  usbd_ctlreq.o(i.USBD_GetString)
    i.USBD_Init                              0x08003652   Section        0  usbd_core.o(i.USBD_Init)
    i.USBD_LL_ClearStallEP                   0x0800367c   Section        0  usbd_conf.o(i.USBD_LL_ClearStallEP)
    i.USBD_LL_CloseEP                        0x0800368a   Section        0  usbd_conf.o(i.USBD_LL_CloseEP)
    i.USBD_LL_DataInStage                    0x08003698   Section        0  usbd_core.o(i.USBD_LL_DataInStage)
    i.USBD_LL_DataOutStage                   0x08003742   Section        0  usbd_core.o(i.USBD_LL_DataOutStage)
    i.USBD_LL_GetRxDataSize                  0x080037ac   Section        0  usbd_conf.o(i.USBD_LL_GetRxDataSize)
    i.USBD_LL_Init                           0x080037b4   Section        0  usbd_conf.o(i.USBD_LL_Init)
    i.USBD_LL_IsStallEP                      0x08003838   Section        0  usbd_conf.o(i.USBD_LL_IsStallEP)
    i.USBD_LL_OpenEP                         0x08003854   Section        0  usbd_conf.o(i.USBD_LL_OpenEP)
    i.USBD_LL_PrepareReceive                 0x08003868   Section        0  usbd_conf.o(i.USBD_LL_PrepareReceive)
    i.USBD_LL_Reset                          0x08003876   Section        0  usbd_core.o(i.USBD_LL_Reset)
    i.USBD_LL_Resume                         0x080038b4   Section        0  usbd_core.o(i.USBD_LL_Resume)
    i.USBD_LL_SOF                            0x080038c0   Section        0  usbd_core.o(i.USBD_LL_SOF)
    i.USBD_LL_SetSpeed                       0x080038d8   Section        0  usbd_core.o(i.USBD_LL_SetSpeed)
    i.USBD_LL_SetUSBAddress                  0x080038de   Section        0  usbd_conf.o(i.USBD_LL_SetUSBAddress)
    i.USBD_LL_SetupStage                     0x080038ec   Section        0  usbd_core.o(i.USBD_LL_SetupStage)
    i.USBD_LL_StallEP                        0x08003946   Section        0  usbd_conf.o(i.USBD_LL_StallEP)
    i.USBD_LL_Start                          0x08003954   Section        0  usbd_conf.o(i.USBD_LL_Start)
    i.USBD_LL_Suspend                        0x08003962   Section        0  usbd_core.o(i.USBD_LL_Suspend)
    i.USBD_LL_Transmit                       0x08003974   Section        0  usbd_conf.o(i.USBD_LL_Transmit)
    i.USBD_ParseSetupRequest                 0x08003982   Section        0  usbd_ctlreq.o(i.USBD_ParseSetupRequest)
    i.USBD_RegisterClass                     0x080039aa   Section        0  usbd_core.o(i.USBD_RegisterClass)
    i.USBD_SetClassConfig                    0x080039ba   Section        0  usbd_core.o(i.USBD_SetClassConfig)
    i.USBD_SetConfig                         0x080039d0   Section        0  usbd_ctlreq.o(i.USBD_SetConfig)
    USBD_SetConfig                           0x080039d1   Thumb Code   110  usbd_ctlreq.o(i.USBD_SetConfig)
    i.USBD_Start                             0x08003a44   Section        0  usbd_core.o(i.USBD_Start)
    i.USBD_StdDevReq                         0x08003a4e   Section        0  usbd_ctlreq.o(i.USBD_StdDevReq)
    i.USBD_StdEPReq                          0x08003b40   Section        0  usbd_ctlreq.o(i.USBD_StdEPReq)
    i.USBD_StdItfReq                         0x08003c1c   Section        0  usbd_ctlreq.o(i.USBD_StdItfReq)
    i.USBD_static_free                       0x08003c50   Section        0  usbd_conf.o(i.USBD_static_free)
    i.USBD_static_malloc                     0x08003c54   Section        0  usbd_conf.o(i.USBD_static_malloc)
    i.USB_ActivateEndpoint                   0x08003c5c   Section        0  stm32f1xx_ll_usb.o(i.USB_ActivateEndpoint)
    i.USB_CoreInit                           0x08003eb8   Section        0  stm32f1xx_ll_usb.o(i.USB_CoreInit)
    i.USB_DeactivateEndpoint                 0x08003ebc   Section        0  stm32f1xx_ll_usb.o(i.USB_DeactivateEndpoint)
    i.USB_DevConnect                         0x08003fe0   Section        0  stm32f1xx_ll_usb.o(i.USB_DevConnect)
    i.USB_DevDisconnect                      0x08003fe4   Section        0  stm32f1xx_ll_usb.o(i.USB_DevDisconnect)
    i.USB_DevInit                            0x08003fe8   Section        0  stm32f1xx_ll_usb.o(i.USB_DevInit)
    i.USB_DisableGlobalInt                   0x08003ffa   Section        0  stm32f1xx_ll_usb.o(i.USB_DisableGlobalInt)
    i.USB_EP0_OutStart                       0x08004008   Section        0  stm32f1xx_ll_usb.o(i.USB_EP0_OutStart)
    i.USB_EPClearStall                       0x0800400c   Section        0  stm32f1xx_ll_usb.o(i.USB_EPClearStall)
    i.USB_EPSetStall                         0x08004076   Section        0  stm32f1xx_ll_usb.o(i.USB_EPSetStall)
    i.USB_EPStartXfer                        0x080040c0   Section        0  stm32f1xx_ll_usb.o(i.USB_EPStartXfer)
    i.USB_EnableGlobalInt                    0x0800426a   Section        0  stm32f1xx_ll_usb.o(i.USB_EnableGlobalInt)
    i.USB_LP_CAN1_RX0_IRQHandler             0x08004278   Section        0  stm32f1xx_it.o(i.USB_LP_CAN1_RX0_IRQHandler)
    i.USB_ReadInterrupts                     0x08004284   Section        0  stm32f1xx_ll_usb.o(i.USB_ReadInterrupts)
    i.USB_ReadPMA                            0x0800428c   Section        0  stm32f1xx_ll_usb.o(i.USB_ReadPMA)
    i.USB_SetCurrentMode                     0x080042aa   Section        0  stm32f1xx_ll_usb.o(i.USB_SetCurrentMode)
    i.USB_SetDevAddress                      0x080042ae   Section        0  stm32f1xx_ll_usb.o(i.USB_SetDevAddress)
    i.USB_WritePMA                           0x080042ba   Section        0  stm32f1xx_ll_usb.o(i.USB_WritePMA)
    i.UsageFault_Handler                     0x080042e0   Section        0  stm32f1xx_it.o(i.UsageFault_Handler)
    i.__scatterload_copy                     0x080042e2   Section       14  handlers.o(i.__scatterload_copy)
    i.__scatterload_null                     0x080042f0   Section        2  handlers.o(i.__scatterload_null)
    i.__scatterload_zeroinit                 0x080042f2   Section       14  handlers.o(i.__scatterload_zeroinit)
    i.free                                   0x08004300   Section        0  malloc.o(i.free)
    i.main                                   0x08004350   Section        0  main.o(i.main)
    i.nmea_append                            0x080044e0   Section        0  nmea_decoder.o(i.nmea_append)
    i.prepare_top_line                       0x08004650   Section        0  main.o(i.prepare_top_line)
    .constdata                               0x080046bc   Section       16  system_stm32f1xx.o(.constdata)
    .constdata                               0x080046cc   Section        8  system_stm32f1xx.o(.constdata)
    .constdata                               0x080046d4   Section     1900  fonts.o(.constdata)
    Font7x10                                 0x080046d4   Data        1900  fonts.o(.constdata)
    .data                                    0x20000000   Section        4  system_stm32f1xx.o(.data)
    .data                                    0x20000004   Section        4  stm32f1xx_hal.o(.data)
    uwTick                                   0x20000004   Data           4  stm32f1xx_hal.o(.data)
    .data                                    0x20000008   Section        1  stm32f1xx_hal_spi_ex.o(.data)
    .data                                    0x20000009   Section        1  usbd_ctlreq.o(.data)
    cfgidx                                   0x20000009   Data           1  usbd_ctlreq.o(.data)
    .data                                    0x2000000c   Section      219  usbd_cdc.o(.data)
    ifalt                                    0x2000000c   Data           1  usbd_cdc.o(.data)
    USBD_CDC_DeviceQualifierDesc             0x20000010   Data          10  usbd_cdc.o(.data)
    .data                                    0x200000e8   Section       56  usbd_cdc.o(.data)
    .data                                    0x20000120   Section       16  usbd_cdc_if.o(.data)
    .data                                    0x20000130   Section        8  usbd_cdc_if.o(.data)
    .data                                    0x20000138   Section       28  usbd_desc.o(.data)
    .data                                    0x20000154   Section       22  usbd_desc.o(.data)
    .data                                    0x2000016a   Section       20  main.o(.data)
    .data                                    0x20000180   Section        8  fonts.o(.data)
    .data                                    0x20000188   Section        1  nmea_decoder.o(.data)
    .data                                    0x2000018a   Section        6  ssd1306.o(.data)
    SSD1306                                  0x2000018a   Data           6  ssd1306.o(.data)
    .data                                    0x20000190   Section        4  mvars.o(.data)
    .bss                                     0x20000194   Section      512  usbd_desc.o(.bss)
    .bss                                     0x20000394   Section      548  usb_device.o(.bss)
    .bss                                     0x200005b8   Section     1600  usbd_conf.o(.bss)
    mem                                      0x200005b8   Data         544  usbd_conf.o(.bss)
    .bss                                     0x20000bf8   Section      488  main.o(.bss)
    .bss                                     0x20000de0   Section      255  nmea_decoder.o(.bss)
    .bss                                     0x20000edf   Section     1024  ssd1306.o(.bss)
    SSD1306_Buffer                           0x20000edf   Data        1024  ssd1306.o(.bss)
    STACK                                    0x200012e0   Section     2048  startup_stm32f103xe.o(STACK)

    Global Symbols

    Symbol Name                              Value     Ov Type        Size  Object(Section)

    BuildAttributes$$THM_ISAv4$P$D$K$B$S$PE$A:L22UL41UL21$X:L11$S22US41US21$IEEE1$IW$USESV6$~STKCKD$USESV7$~SHL$OSPACE$EBA8$MICROLIB$REQ8$PRES8$EABIv2 0x00000000   Number         0  anon$$obj.o ABSOLUTE
    __ARM_use_no_argv                        0x00000000   Number         0  main.o ABSOLUTE
    __cpp_initialize__aeabi_                  - Undefined Weak Reference
    __cxa_finalize                            - Undefined Weak Reference
    _clock_init                               - Undefined Weak Reference
    _microlib_exit                            - Undefined Weak Reference
    __Vectors_Size                           0x00000130   Number         0  startup_stm32f103xe.o ABSOLUTE
    __Vectors                                0x08000000   Data           4  startup_stm32f103xe.o(RESET)
    __Vectors_End                            0x08000130   Data           0  startup_stm32f103xe.o(RESET)
    __main                                   0x08000131   Thumb Code     0  entry.o(.ARM.Collect$$$$00000000)
    _main_stk                                0x08000131   Thumb Code     0  entry2.o(.ARM.Collect$$$$00000001)
    _main_scatterload                        0x08000135   Thumb Code     0  entry5.o(.ARM.Collect$$$$00000004)
    __main_after_scatterload                 0x08000139   Thumb Code     0  entry5.o(.ARM.Collect$$$$00000004)
    _main_clock                              0x08000139   Thumb Code     0  entry7b.o(.ARM.Collect$$$$00000008)
    _main_cpp_init                           0x08000139   Thumb Code     0  entry8b.o(.ARM.Collect$$$$0000000A)
    _main_init                               0x08000139   Thumb Code     0  entry9a.o(.ARM.Collect$$$$0000000B)
    __rt_final_cpp                           0x08000141   Thumb Code     0  entry10a.o(.ARM.Collect$$$$0000000D)
    __rt_final_exit                          0x08000141   Thumb Code     0  entry11a.o(.ARM.Collect$$$$0000000F)
    Reset_Handler                            0x08000145   Thumb Code     8  startup_stm32f103xe.o(.text)
    ADC1_2_IRQHandler                        0x0800015f   Thumb Code     0  startup_stm32f103xe.o(.text)
    ADC3_IRQHandler                          0x0800015f   Thumb Code     0  startup_stm32f103xe.o(.text)
    CAN1_RX1_IRQHandler                      0x0800015f   Thumb Code     0  startup_stm32f103xe.o(.text)
    CAN1_SCE_IRQHandler                      0x0800015f   Thumb Code     0  startup_stm32f103xe.o(.text)
    DMA1_Channel1_IRQHandler                 0x0800015f   Thumb Code     0  startup_stm32f103xe.o(.text)
    DMA1_Channel2_IRQHandler                 0x0800015f   Thumb Code     0  startup_stm32f103xe.o(.text)
    DMA1_Channel3_IRQHandler                 0x0800015f   Thumb Code     0  startup_stm32f103xe.o(.text)
    DMA1_Channel4_IRQHandler                 0x0800015f   Thumb Code     0  startup_stm32f103xe.o(.text)
    DMA1_Channel5_IRQHandler                 0x0800015f   Thumb Code     0  startup_stm32f103xe.o(.text)
    DMA1_Channel6_IRQHandler                 0x0800015f   Thumb Code     0  startup_stm32f103xe.o(.text)
    DMA1_Channel7_IRQHandler                 0x0800015f   Thumb Code     0  startup_stm32f103xe.o(.text)
    DMA2_Channel1_IRQHandler                 0x0800015f   Thumb Code     0  startup_stm32f103xe.o(.text)
    DMA2_Channel2_IRQHandler                 0x0800015f   Thumb Code     0  startup_stm32f103xe.o(.text)
    DMA2_Channel3_IRQHandler                 0x0800015f   Thumb Code     0  startup_stm32f103xe.o(.text)
    DMA2_Channel4_5_IRQHandler               0x0800015f   Thumb Code     0  startup_stm32f103xe.o(.text)
    EXTI0_IRQHandler                         0x0800015f   Thumb Code     0  startup_stm32f103xe.o(.text)
    EXTI1_IRQHandler                         0x0800015f   Thumb Code     0  startup_stm32f103xe.o(.text)
    EXTI2_IRQHandler                         0x0800015f   Thumb Code     0  startup_stm32f103xe.o(.text)
    EXTI3_IRQHandler                         0x0800015f   Thumb Code     0  startup_stm32f103xe.o(.text)
    EXTI4_IRQHandler                         0x0800015f   Thumb Code     0  startup_stm32f103xe.o(.text)
    EXTI9_5_IRQHandler                       0x0800015f   Thumb Code     0  startup_stm32f103xe.o(.text)
    FLASH_IRQHandler                         0x0800015f   Thumb Code     0  startup_stm32f103xe.o(.text)
    FSMC_IRQHandler                          0x0800015f   Thumb Code     0  startup_stm32f103xe.o(.text)
    I2C1_ER_IRQHandler                       0x0800015f   Thumb Code     0  startup_stm32f103xe.o(.text)
    I2C1_EV_IRQHandler                       0x0800015f   Thumb Code     0  startup_stm32f103xe.o(.text)
    I2C2_ER_IRQHandler                       0x0800015f   Thumb Code     0  startup_stm32f103xe.o(.text)
    I2C2_EV_IRQHandler                       0x0800015f   Thumb Code     0  startup_stm32f103xe.o(.text)
    PVD_IRQHandler                           0x0800015f   Thumb Code     0  startup_stm32f103xe.o(.text)
    RCC_IRQHandler                           0x0800015f   Thumb Code     0  startup_stm32f103xe.o(.text)
    RTC_Alarm_IRQHandler                     0x0800015f   Thumb Code     0  startup_stm32f103xe.o(.text)
    RTC_IRQHandler                           0x0800015f   Thumb Code     0  startup_stm32f103xe.o(.text)
    SDIO_IRQHandler                          0x0800015f   Thumb Code     0  startup_stm32f103xe.o(.text)
    SPI1_IRQHandler                          0x0800015f   Thumb Code     0  startup_stm32f103xe.o(.text)
    SPI2_IRQHandler                          0x0800015f   Thumb Code     0  startup_stm32f103xe.o(.text)
    SPI3_IRQHandler                          0x0800015f   Thumb Code     0  startup_stm32f103xe.o(.text)
    TAMPER_IRQHandler                        0x0800015f   Thumb Code     0  startup_stm32f103xe.o(.text)
    TIM1_BRK_IRQHandler                      0x0800015f   Thumb Code     0  startup_stm32f103xe.o(.text)
    TIM1_CC_IRQHandler                       0x0800015f   Thumb Code     0  startup_stm32f103xe.o(.text)
    TIM1_TRG_COM_IRQHandler                  0x0800015f   Thumb Code     0  startup_stm32f103xe.o(.text)
    TIM1_UP_IRQHandler                       0x0800015f   Thumb Code     0  startup_stm32f103xe.o(.text)
    TIM2_IRQHandler                          0x0800015f   Thumb Code     0  startup_stm32f103xe.o(.text)
    TIM3_IRQHandler                          0x0800015f   Thumb Code     0  startup_stm32f103xe.o(.text)
    TIM4_IRQHandler                          0x0800015f   Thumb Code     0  startup_stm32f103xe.o(.text)
    TIM7_IRQHandler                          0x0800015f   Thumb Code     0  startup_stm32f103xe.o(.text)
    TIM8_BRK_IRQHandler                      0x0800015f   Thumb Code     0  startup_stm32f103xe.o(.text)
    TIM8_CC_IRQHandler                       0x0800015f   Thumb Code     0  startup_stm32f103xe.o(.text)
    TIM8_TRG_COM_IRQHandler                  0x0800015f   Thumb Code     0  startup_stm32f103xe.o(.text)
    TIM8_UP_IRQHandler                       0x0800015f   Thumb Code     0  startup_stm32f103xe.o(.text)
    UART5_IRQHandler                         0x0800015f   Thumb Code     0  startup_stm32f103xe.o(.text)
    USART2_IRQHandler                        0x0800015f   Thumb Code     0  startup_stm32f103xe.o(.text)
    USART3_IRQHandler                        0x0800015f   Thumb Code     0  startup_stm32f103xe.o(.text)
    USBWakeUp_IRQHandler                     0x0800015f   Thumb Code     0  startup_stm32f103xe.o(.text)
    USB_HP_CAN1_TX_IRQHandler                0x0800015f   Thumb Code     0  startup_stm32f103xe.o(.text)
    WWDG_IRQHandler                          0x0800015f   Thumb Code     0  startup_stm32f103xe.o(.text)
    __aeabi_memcpy                           0x08000169   Thumb Code    36  memcpya.o(.text)
    __aeabi_memcpy4                          0x08000169   Thumb Code     0  memcpya.o(.text)
    __aeabi_memcpy8                          0x08000169   Thumb Code     0  memcpya.o(.text)
    __aeabi_memset                           0x0800018d   Thumb Code    14  memseta.o(.text)
    __aeabi_memset4                          0x0800018d   Thumb Code     0  memseta.o(.text)
    __aeabi_memset8                          0x0800018d   Thumb Code     0  memseta.o(.text)
    __aeabi_memclr                           0x0800019b   Thumb Code     4  memseta.o(.text)
    __aeabi_memclr4                          0x0800019b   Thumb Code     0  memseta.o(.text)
    __aeabi_memclr8                          0x0800019b   Thumb Code     0  memseta.o(.text)
    _memset$wrapper                          0x0800019f   Thumb Code    18  memseta.o(.text)
    strstr                                   0x080001b1   Thumb Code    36  strstr.o(.text)
    __scatterload                            0x080001d5   Thumb Code    28  init.o(.text)
    __scatterload_rt2                        0x080001d5   Thumb Code     0  init.o(.text)
    __decompress                             0x080001f9   Thumb Code     0  __dczerorl2.o(.text)
    __decompress1                            0x080001f9   Thumb Code    86  __dczerorl2.o(.text)
    ADC_ConversionStop_Disable               0x08000251   Thumb Code    76  stm32f1xx_hal_adc.o(i.ADC_ConversionStop_Disable)
    BusFault_Handler                         0x0800029d   Thumb Code     2  stm32f1xx_it.o(i.BusFault_Handler)
    DebugMon_Handler                         0x080002e5   Thumb Code     2  stm32f1xx_it.o(i.DebugMon_Handler)
    EXTI15_10_IRQHandler                     0x080002e9   Thumb Code    22  stm32f1xx_it.o(i.EXTI15_10_IRQHandler)
    Error_Handler                            0x08000305   Thumb Code     2  main.o(i.Error_Handler)
    GPS_set_state                            0x08000309   Thumb Code    18  main.o(i.GPS_set_state)
    HAL_ADC_ConfigChannel                    0x08000321   Thumb Code   346  stm32f1xx_hal_adc.o(i.HAL_ADC_ConfigChannel)
    HAL_ADC_Init                             0x08000489   Thumb Code   316  stm32f1xx_hal_adc.o(i.HAL_ADC_Init)
    HAL_ADC_MspInit                          0x080005d1   Thumb Code    50  stm32f1xx_hal_msp.o(i.HAL_ADC_MspInit)
    HAL_Delay                                0x08000611   Thumb Code    22  stm32f1xx_hal.o(i.HAL_Delay)
    HAL_GPIO_EXTI_Callback                   0x08000627   Thumb Code     2  stm32f1xx_hal_gpio.o(i.HAL_GPIO_EXTI_Callback)
    HAL_GPIO_EXTI_IRQHandler                 0x08000629   Thumb Code    18  stm32f1xx_hal_gpio.o(i.HAL_GPIO_EXTI_IRQHandler)
    HAL_GPIO_Init                            0x08000641   Thumb Code   446  stm32f1xx_hal_gpio.o(i.HAL_GPIO_Init)
    HAL_GPIO_TogglePin                       0x08000829   Thumb Code     8  stm32f1xx_hal_gpio.o(i.HAL_GPIO_TogglePin)
    HAL_GPIO_WritePin                        0x08000831   Thumb Code    10  stm32f1xx_hal_gpio.o(i.HAL_GPIO_WritePin)
    HAL_GetTick                              0x0800083d   Thumb Code     6  stm32f1xx_hal.o(i.HAL_GetTick)
    HAL_I2C_Init                             0x08000849   Thumb Code   216  stm32f1xx_hal_i2c.o(i.HAL_I2C_Init)
    HAL_I2C_Mem_Write                        0x08000929   Thumb Code   242  stm32f1xx_hal_i2c.o(i.HAL_I2C_Mem_Write)
    HAL_I2C_MspInit                          0x08000a21   Thumb Code    54  stm32f1xx_hal_msp.o(i.HAL_I2C_MspInit)
    HAL_IncTick                              0x08000a65   Thumb Code    10  stm32f1xx_hal.o(i.HAL_IncTick)
    HAL_Init                                 0x08000a75   Thumb Code    32  stm32f1xx_hal.o(i.HAL_Init)
    HAL_InitTick                             0x08000a99   Thumb Code    34  stm32f1xx_hal.o(i.HAL_InitTick)
    HAL_MspInit                              0x08000abd   Thumb Code   118  stm32f1xx_hal_msp.o(i.HAL_MspInit)
    HAL_NVIC_EnableIRQ                       0x08000b3d   Thumb Code    22  stm32f1xx_hal_cortex.o(i.HAL_NVIC_EnableIRQ)
    HAL_NVIC_SetPriority                     0x08000b55   Thumb Code    60  stm32f1xx_hal_cortex.o(i.HAL_NVIC_SetPriority)
    HAL_NVIC_SetPriorityGrouping             0x08000b95   Thumb Code    26  stm32f1xx_hal_cortex.o(i.HAL_NVIC_SetPriorityGrouping)
    HAL_PCDEx_PMAConfig                      0x08000bb9   Thumb Code    52  stm32f1xx_hal_pcd_ex.o(i.HAL_PCDEx_PMAConfig)
    HAL_PCDEx_SetConnectionState             0x08000bed   Thumb Code     2  usbd_conf.o(i.HAL_PCDEx_SetConnectionState)
    HAL_PCD_DataInStageCallback              0x08000bef   Thumb Code    14  usbd_conf.o(i.HAL_PCD_DataInStageCallback)
    HAL_PCD_DataOutStageCallback             0x08000bfd   Thumb Code    16  usbd_conf.o(i.HAL_PCD_DataOutStageCallback)
    HAL_PCD_EP_Close                         0x08000c0d   Thumb Code    64  stm32f1xx_hal_pcd.o(i.HAL_PCD_EP_Close)
    HAL_PCD_EP_ClrStall                      0x08000c4d   Thumb Code    72  stm32f1xx_hal_pcd.o(i.HAL_PCD_EP_ClrStall)
    HAL_PCD_EP_GetRxCount                    0x08000c95   Thumb Code    16  stm32f1xx_hal_pcd.o(i.HAL_PCD_EP_GetRxCount)
    HAL_PCD_EP_Open                          0x08000ca5   Thumb Code    68  stm32f1xx_hal_pcd.o(i.HAL_PCD_EP_Open)
    HAL_PCD_EP_Receive                       0x08000ce9   Thumb Code    64  stm32f1xx_hal_pcd.o(i.HAL_PCD_EP_Receive)
    HAL_PCD_EP_SetStall                      0x08000d29   Thumb Code    86  stm32f1xx_hal_pcd.o(i.HAL_PCD_EP_SetStall)
    HAL_PCD_EP_Transmit                      0x08000d7f   Thumb Code    62  stm32f1xx_hal_pcd.o(i.HAL_PCD_EP_Transmit)
    HAL_PCD_IRQHandler                       0x08000dbd   Thumb Code   266  stm32f1xx_hal_pcd.o(i.HAL_PCD_IRQHandler)
    HAL_PCD_Init                             0x08000ec9   Thumb Code   192  stm32f1xx_hal_pcd.o(i.HAL_PCD_Init)
    HAL_PCD_MspInit                          0x08000f89   Thumb Code    50  usbd_conf.o(i.HAL_PCD_MspInit)
    HAL_PCD_ResetCallback                    0x08000fc5   Thumb Code    26  usbd_conf.o(i.HAL_PCD_ResetCallback)
    HAL_PCD_ResumeCallback                   0x08000fdf   Thumb Code     8  usbd_conf.o(i.HAL_PCD_ResumeCallback)
    HAL_PCD_SOFCallback                      0x08000fe7   Thumb Code     8  usbd_conf.o(i.HAL_PCD_SOFCallback)
    HAL_PCD_SetAddress                       0x08000fef   Thumb Code    40  stm32f1xx_hal_pcd.o(i.HAL_PCD_SetAddress)
    HAL_PCD_SetupStageCallback               0x08001017   Thumb Code    14  usbd_conf.o(i.HAL_PCD_SetupStageCallback)
    HAL_PCD_Start                            0x08001025   Thumb Code    50  stm32f1xx_hal_pcd.o(i.HAL_PCD_Start)
    HAL_PCD_SuspendCallback                  0x08001059   Thumb Code    30  usbd_conf.o(i.HAL_PCD_SuspendCallback)
    HAL_RCCEx_PeriphCLKConfig                0x0800107d   Thumb Code   288  stm32f1xx_hal_rcc_ex.o(i.HAL_RCCEx_PeriphCLKConfig)
    HAL_RCC_ClockConfig                      0x080011a9   Thumb Code   374  stm32f1xx_hal_rcc.o(i.HAL_RCC_ClockConfig)
    HAL_RCC_GetHCLKFreq                      0x08001331   Thumb Code     6  stm32f1xx_hal_rcc.o(i.HAL_RCC_GetHCLKFreq)
    HAL_RCC_GetPCLK1Freq                     0x0800133d   Thumb Code    34  stm32f1xx_hal_rcc.o(i.HAL_RCC_GetPCLK1Freq)
    HAL_RCC_GetPCLK2Freq                     0x0800136d   Thumb Code    34  stm32f1xx_hal_rcc.o(i.HAL_RCC_GetPCLK2Freq)
    HAL_RCC_GetSysClockFreq                  0x0800139d   Thumb Code   106  stm32f1xx_hal_rcc.o(i.HAL_RCC_GetSysClockFreq)
    HAL_RCC_OscConfig                        0x08001429   Thumb Code  1406  stm32f1xx_hal_rcc.o(i.HAL_RCC_OscConfig)
    HAL_SPI_Init                             0x080019a9   Thumb Code   132  stm32f1xx_hal_spi_ex.o(i.HAL_SPI_Init)
    HAL_SPI_MspInit                          0x08001a31   Thumb Code    78  stm32f1xx_hal_msp.o(i.HAL_SPI_MspInit)
    HAL_SYSTICK_CLKSourceConfig              0x08001a8d   Thumb Code    24  stm32f1xx_hal_cortex.o(i.HAL_SYSTICK_CLKSourceConfig)
    HAL_SYSTICK_Callback                     0x08001aa5   Thumb Code     2  stm32f1xx_hal_cortex.o(i.HAL_SYSTICK_Callback)
    HAL_SYSTICK_Config                       0x08001aa7   Thumb Code    40  stm32f1xx_hal_cortex.o(i.HAL_SYSTICK_Config)
    HAL_SYSTICK_IRQHandler                   0x08001acf   Thumb Code     8  stm32f1xx_hal_cortex.o(i.HAL_SYSTICK_IRQHandler)
    HAL_TIMEx_BreakCallback                  0x08001ad7   Thumb Code     2  stm32f1xx_hal_tim_ex.o(i.HAL_TIMEx_BreakCallback)
    HAL_TIMEx_CommutationCallback            0x08001ad9   Thumb Code     2  stm32f1xx_hal_tim_ex.o(i.HAL_TIMEx_CommutationCallback)
    HAL_TIMEx_MasterConfigSynchronization    0x08001adb   Thumb Code    80  stm32f1xx_hal_tim_ex.o(i.HAL_TIMEx_MasterConfigSynchronization)
    HAL_TIM_Base_Init                        0x08001b2b   Thumb Code    54  stm32f1xx_hal_tim.o(i.HAL_TIM_Base_Init)
    HAL_TIM_Base_MspInit                     0x08001b61   Thumb Code   104  stm32f1xx_hal_msp.o(i.HAL_TIM_Base_MspInit)
    HAL_TIM_ConfigClockSource                0x08001bd9   Thumb Code   242  stm32f1xx_hal_tim.o(i.HAL_TIM_ConfigClockSource)
    HAL_TIM_IC_CaptureCallback               0x08001ccb   Thumb Code     2  stm32f1xx_hal_tim.o(i.HAL_TIM_IC_CaptureCallback)
    HAL_TIM_IC_ConfigChannel                 0x08001ccd   Thumb Code   286  stm32f1xx_hal_tim.o(i.HAL_TIM_IC_ConfigChannel)
    HAL_TIM_IC_Init                          0x08001deb   Thumb Code    54  stm32f1xx_hal_tim.o(i.HAL_TIM_IC_Init)
    HAL_TIM_IC_MspInit                       0x08001e21   Thumb Code     2  stm32f1xx_hal_tim.o(i.HAL_TIM_IC_MspInit)
    HAL_TIM_IRQHandler                       0x08001e23   Thumb Code   358  stm32f1xx_hal_tim.o(i.HAL_TIM_IRQHandler)
    HAL_TIM_OC_DelayElapsedCallback          0x08001f89   Thumb Code     2  stm32f1xx_hal_tim.o(i.HAL_TIM_OC_DelayElapsedCallback)
    HAL_TIM_PWM_PulseFinishedCallback        0x08001f8b   Thumb Code     2  stm32f1xx_hal_tim.o(i.HAL_TIM_PWM_PulseFinishedCallback)
    HAL_TIM_PeriodElapsedCallback            0x08001f8d   Thumb Code     2  stm32f1xx_hal_tim.o(i.HAL_TIM_PeriodElapsedCallback)
    HAL_TIM_TriggerCallback                  0x08001f8f   Thumb Code     2  stm32f1xx_hal_tim.o(i.HAL_TIM_TriggerCallback)
    HAL_UART_ErrorCallback                   0x08001f91   Thumb Code     2  stm32f1xx_hal_uart.o(i.HAL_UART_ErrorCallback)
    HAL_UART_IRQHandler                      0x08001f95   Thumb Code   218  stm32f1xx_hal_uart.o(i.HAL_UART_IRQHandler)
    HAL_UART_Init                            0x0800206f   Thumb Code    94  stm32f1xx_hal_uart.o(i.HAL_UART_Init)
    HAL_UART_MspInit                         0x080020cd   Thumb Code   158  stm32f1xx_hal_msp.o(i.HAL_UART_MspInit)
    HAL_UART_RxCpltCallback                  0x08002181   Thumb Code     2  stm32f1xx_hal_uart.o(i.HAL_UART_RxCpltCallback)
    HAL_UART_TxCpltCallback                  0x08002183   Thumb Code     2  stm32f1xx_hal_uart.o(i.HAL_UART_TxCpltCallback)
    HardFault_Handler                        0x08002185   Thumb Code     2  stm32f1xx_it.o(i.HardFault_Handler)
    MX_USB_DEVICE_Init                       0x08002625   Thumb Code    38  usb_device.o(i.MX_USB_DEVICE_Init)
    MemManage_Handler                        0x0800265d   Thumb Code     2  stm32f1xx_it.o(i.MemManage_Handler)
    NMI_Handler                              0x0800265f   Thumb Code     2  stm32f1xx_it.o(i.NMI_Handler)
    PendSV_Handler                           0x080029e3   Thumb Code     2  stm32f1xx_it.o(i.PendSV_Handler)
    SSD1306_DrawPixel                        0x080029e5   Thumb Code    54  ssd1306.o(i.SSD1306_DrawPixel)
    SSD1306_Fill                             0x08002a25   Thumb Code    18  ssd1306.o(i.SSD1306_Fill)
    SSD1306_GotoXY                           0x08002a3d   Thumb Code     8  ssd1306.o(i.SSD1306_GotoXY)
    SSD1306_Init                             0x08002a49   Thumb Code   204  ssd1306.o(i.SSD1306_Init)
    SSD1306_Putc                             0x08002b19   Thumb Code   156  ssd1306.o(i.SSD1306_Putc)
    SSD1306_Puts                             0x08002bb9   Thumb Code    40  ssd1306.o(i.SSD1306_Puts)
    SSD1306_UpdateScreen                     0x08002be1   Thumb Code    84  ssd1306.o(i.SSD1306_UpdateScreen)
    SSD1306_WRITECOMMAND                     0x08002c3d   Thumb Code    30  ssd1306.o(i.SSD1306_WRITECOMMAND)
    SVC_Handler                              0x08002c61   Thumb Code     2  stm32f1xx_it.o(i.SVC_Handler)
    SysTick_Handler                          0x08002c63   Thumb Code    14  stm32f1xx_it.o(i.SysTick_Handler)
    SystemClock_Config                       0x08002c71   Thumb Code   126  main.o(i.SystemClock_Config)
    SystemInit                               0x08002cf1   Thumb Code    56  system_stm32f1xx.o(i.SystemInit)
    TIM5_IRQHandler                          0x08002d39   Thumb Code     6  stm32f1xx_it.o(i.TIM5_IRQHandler)
    TIM6_IRQHandler                          0x08002d45   Thumb Code     6  stm32f1xx_it.o(i.TIM6_IRQHandler)
    TIM_Base_SetConfig                       0x08002d51   Thumb Code   112  stm32f1xx_hal_tim.o(i.TIM_Base_SetConfig)
    TIM_TI1_SetConfig                        0x08002e1d   Thumb Code    88  stm32f1xx_hal_tim.o(i.TIM_TI1_SetConfig)
    UART4_IRQHandler                         0x08002ee5   Thumb Code    22  stm32f1xx_it.o(i.UART4_IRQHandler)
    USART1_IRQHandler                        0x08003185   Thumb Code     6  stm32f1xx_it.o(i.USART1_IRQHandler)
    USBD_CDC_GetDeviceQualifierDescriptor    0x08003235   Thumb Code     8  usbd_cdc.o(i.USBD_CDC_GetDeviceQualifierDescriptor)
    USBD_CDC_ReceivePacket                   0x080032ed   Thumb Code    40  usbd_cdc.o(i.USBD_CDC_ReceivePacket)
    USBD_CDC_RegisterInterface               0x08003315   Thumb Code    16  usbd_cdc.o(i.USBD_CDC_RegisterInterface)
    USBD_CDC_SetRxBuffer                     0x08003325   Thumb Code    12  usbd_cdc.o(i.USBD_CDC_SetRxBuffer)
    USBD_CDC_SetTxBuffer                     0x08003331   Thumb Code    16  usbd_cdc.o(i.USBD_CDC_SetTxBuffer)
    USBD_ClrClassConfig                      0x080033b1   Thumb Code    14  usbd_core.o(i.USBD_ClrClassConfig)
    USBD_CtlContinueRx                       0x080033bf   Thumb Code    16  usbd_ioreq.o(i.USBD_CtlContinueRx)
    USBD_CtlContinueSendData                 0x080033cf   Thumb Code    16  usbd_ioreq.o(i.USBD_CtlContinueSendData)
    USBD_CtlError                            0x080033df   Thumb Code    22  usbd_ctlreq.o(i.USBD_CtlError)
    USBD_CtlPrepareRx                        0x080033f5   Thumb Code    30  usbd_ioreq.o(i.USBD_CtlPrepareRx)
    USBD_CtlReceiveStatus                    0x08003413   Thumb Code    22  usbd_ioreq.o(i.USBD_CtlReceiveStatus)
    USBD_CtlSendData                         0x08003429   Thumb Code    26  usbd_ioreq.o(i.USBD_CtlSendData)
    USBD_CtlSendStatus                       0x08003443   Thumb Code    22  usbd_ioreq.o(i.USBD_CtlSendStatus)
    USBD_FS_ConfigStrDescriptor              0x08003459   Thumb Code    16  usbd_desc.o(i.USBD_FS_ConfigStrDescriptor)
    USBD_FS_DeviceDescriptor                 0x08003479   Thumb Code     8  usbd_desc.o(i.USBD_FS_DeviceDescriptor)
    USBD_FS_InterfaceStrDescriptor           0x08003485   Thumb Code    16  usbd_desc.o(i.USBD_FS_InterfaceStrDescriptor)
    USBD_FS_LangIDStrDescriptor              0x080034a9   Thumb Code     8  usbd_desc.o(i.USBD_FS_LangIDStrDescriptor)
    USBD_FS_ManufacturerStrDescriptor        0x080034b5   Thumb Code    16  usbd_desc.o(i.USBD_FS_ManufacturerStrDescriptor)
    USBD_FS_ProductStrDescriptor             0x080034dd   Thumb Code    16  usbd_desc.o(i.USBD_FS_ProductStrDescriptor)
    USBD_FS_SerialStrDescriptor              0x08003509   Thumb Code    16  usbd_desc.o(i.USBD_FS_SerialStrDescriptor)
    USBD_GetString                           0x0800360d   Thumb Code    70  usbd_ctlreq.o(i.USBD_GetString)
    USBD_Init                                0x08003653   Thumb Code    42  usbd_core.o(i.USBD_Init)
    USBD_LL_ClearStallEP                     0x0800367d   Thumb Code    14  usbd_conf.o(i.USBD_LL_ClearStallEP)
    USBD_LL_CloseEP                          0x0800368b   Thumb Code    14  usbd_conf.o(i.USBD_LL_CloseEP)
    USBD_LL_DataInStage                      0x08003699   Thumb Code   170  usbd_core.o(i.USBD_LL_DataInStage)
    USBD_LL_DataOutStage                     0x08003743   Thumb Code   106  usbd_core.o(i.USBD_LL_DataOutStage)
    USBD_LL_GetRxDataSize                    0x080037ad   Thumb Code     8  usbd_conf.o(i.USBD_LL_GetRxDataSize)
    USBD_LL_Init                             0x080037b5   Thumb Code   124  usbd_conf.o(i.USBD_LL_Init)
    USBD_LL_IsStallEP                        0x08003839   Thumb Code    28  usbd_conf.o(i.USBD_LL_IsStallEP)
    USBD_LL_OpenEP                           0x08003855   Thumb Code    20  usbd_conf.o(i.USBD_LL_OpenEP)
    USBD_LL_PrepareReceive                   0x08003869   Thumb Code    14  usbd_conf.o(i.USBD_LL_PrepareReceive)
    USBD_LL_Reset                            0x08003877   Thumb Code    62  usbd_core.o(i.USBD_LL_Reset)
    USBD_LL_Resume                           0x080038b5   Thumb Code    12  usbd_core.o(i.USBD_LL_Resume)
    USBD_LL_SOF                              0x080038c1   Thumb Code    24  usbd_core.o(i.USBD_LL_SOF)
    USBD_LL_SetSpeed                         0x080038d9   Thumb Code     6  usbd_core.o(i.USBD_LL_SetSpeed)
    USBD_LL_SetUSBAddress                    0x080038df   Thumb Code    14  usbd_conf.o(i.USBD_LL_SetUSBAddress)
    USBD_LL_SetupStage                       0x080038ed   Thumb Code    90  usbd_core.o(i.USBD_LL_SetupStage)
    USBD_LL_StallEP                          0x08003947   Thumb Code    14  usbd_conf.o(i.USBD_LL_StallEP)
    USBD_LL_Start                            0x08003955   Thumb Code    14  usbd_conf.o(i.USBD_LL_Start)
    USBD_LL_Suspend                          0x08003963   Thumb Code    18  usbd_core.o(i.USBD_LL_Suspend)
    USBD_LL_Transmit                         0x08003975   Thumb Code    14  usbd_conf.o(i.USBD_LL_Transmit)
    USBD_ParseSetupRequest                   0x08003983   Thumb Code    40  usbd_ctlreq.o(i.USBD_ParseSetupRequest)
    USBD_RegisterClass                       0x080039ab   Thumb Code    16  usbd_core.o(i.USBD_RegisterClass)
    USBD_SetClassConfig                      0x080039bb   Thumb Code    22  usbd_core.o(i.USBD_SetClassConfig)
    USBD_Start                               0x08003a45   Thumb Code    10  usbd_core.o(i.USBD_Start)
    USBD_StdDevReq                           0x08003a4f   Thumb Code   242  usbd_ctlreq.o(i.USBD_StdDevReq)
    USBD_StdEPReq                            0x08003b41   Thumb Code   220  usbd_ctlreq.o(i.USBD_StdEPReq)
    USBD_StdItfReq                           0x08003c1d   Thumb Code    52  usbd_ctlreq.o(i.USBD_StdItfReq)
    USBD_static_free                         0x08003c51   Thumb Code     4  usbd_conf.o(i.USBD_static_free)
    USBD_static_malloc                       0x08003c55   Thumb Code     4  usbd_conf.o(i.USBD_static_malloc)
    USB_ActivateEndpoint                     0x08003c5d   Thumb Code   604  stm32f1xx_ll_usb.o(i.USB_ActivateEndpoint)
    USB_CoreInit                             0x08003eb9   Thumb Code     4  stm32f1xx_ll_usb.o(i.USB_CoreInit)
    USB_DeactivateEndpoint                   0x08003ebd   Thumb Code   292  stm32f1xx_ll_usb.o(i.USB_DeactivateEndpoint)
    USB_DevConnect                           0x08003fe1   Thumb Code     4  stm32f1xx_ll_usb.o(i.USB_DevConnect)
    USB_DevDisconnect                        0x08003fe5   Thumb Code     4  stm32f1xx_ll_usb.o(i.USB_DevDisconnect)
    USB_DevInit                              0x08003fe9   Thumb Code    18  stm32f1xx_ll_usb.o(i.USB_DevInit)
    USB_DisableGlobalInt                     0x08003ffb   Thumb Code    14  stm32f1xx_ll_usb.o(i.USB_DisableGlobalInt)
    USB_EP0_OutStart                         0x08004009   Thumb Code     4  stm32f1xx_ll_usb.o(i.USB_EP0_OutStart)
    USB_EPClearStall                         0x0800400d   Thumb Code   106  stm32f1xx_ll_usb.o(i.USB_EPClearStall)
    USB_EPSetStall                           0x08004077   Thumb Code    74  stm32f1xx_ll_usb.o(i.USB_EPSetStall)
    USB_EPStartXfer                          0x080040c1   Thumb Code   426  stm32f1xx_ll_usb.o(i.USB_EPStartXfer)
    USB_EnableGlobalInt                      0x0800426b   Thumb Code    14  stm32f1xx_ll_usb.o(i.USB_EnableGlobalInt)
    USB_LP_CAN1_RX0_IRQHandler               0x08004279   Thumb Code     6  stm32f1xx_it.o(i.USB_LP_CAN1_RX0_IRQHandler)
    USB_ReadInterrupts                       0x08004285   Thumb Code     6  stm32f1xx_ll_usb.o(i.USB_ReadInterrupts)
    USB_ReadPMA                              0x0800428d   Thumb Code    30  stm32f1xx_ll_usb.o(i.USB_ReadPMA)
    USB_SetCurrentMode                       0x080042ab   Thumb Code     4  stm32f1xx_ll_usb.o(i.USB_SetCurrentMode)
    USB_SetDevAddress                        0x080042af   Thumb Code    12  stm32f1xx_ll_usb.o(i.USB_SetDevAddress)
    USB_WritePMA                             0x080042bb   Thumb Code    38  stm32f1xx_ll_usb.o(i.USB_WritePMA)
    UsageFault_Handler                       0x080042e1   Thumb Code     2  stm32f1xx_it.o(i.UsageFault_Handler)
    __scatterload_copy                       0x080042e3   Thumb Code    14  handlers.o(i.__scatterload_copy)
    __scatterload_null                       0x080042f1   Thumb Code     2  handlers.o(i.__scatterload_null)
    __scatterload_zeroinit                   0x080042f3   Thumb Code    14  handlers.o(i.__scatterload_zeroinit)
    free                                     0x08004301   Thumb Code    76  malloc.o(i.free)
    main                                     0x08004351   Thumb Code   292  main.o(i.main)
    nmea_append                              0x080044e1   Thumb Code   348  nmea_decoder.o(i.nmea_append)
    prepare_top_line                         0x08004651   Thumb Code    98  main.o(i.prepare_top_line)
    AHBPrescTable                            0x080046bc   Data          16  system_stm32f1xx.o(.constdata)
    APBPrescTable                            0x080046cc   Data           8  system_stm32f1xx.o(.constdata)
    Region$$Table$$Base                      0x08004e40   Number         0  anon$$obj.o(Region$$Table)
    Region$$Table$$Limit                     0x08004e60   Number         0  anon$$obj.o(Region$$Table)
    SystemCoreClock                          0x20000000   Data           4  system_stm32f1xx.o(.data)
    uCRCErrorWorkaroundCheck                 0x20000008   Data           1  stm32f1xx_hal_spi_ex.o(.data)
    USBD_CDC_CfgHSDesc                       0x2000001c   Data          67  usbd_cdc.o(.data)
    USBD_CDC_CfgFSDesc                       0x20000060   Data          67  usbd_cdc.o(.data)
    USBD_CDC_OtherSpeedCfgDesc               0x200000a4   Data          67  usbd_cdc.o(.data)
    USBD_CDC                                 0x200000e8   Data          56  usbd_cdc.o(.data)
    USBD_Interface_fops_FS                   0x20000120   Data          16  usbd_cdc_if.o(.data)
    UserRxBufferFS                           0x20000130   Data           4  usbd_cdc_if.o(.data)
    UserTxBufferFS                           0x20000134   Data           4  usbd_cdc_if.o(.data)
    FS_Desc                                  0x20000138   Data          28  usbd_desc.o(.data)
    USBD_LangIDDesc                          0x20000154   Data           4  usbd_desc.o(.data)
    USBD_FS_DeviceDesc                       0x20000158   Data          18  usbd_desc.o(.data)
    top_line                                 0x2000016a   Data          20  main.o(.data)
    Font_7x10                                0x20000180   Data           8  fonts.o(.data)
    cursor_pointer                           0x20000188   Data           1  nmea_decoder.o(.data)
    __microlib_freelist                      0x20000190   Data           4  mvars.o(.data)
    USBD_StrDesc                             0x20000194   Data         512  usbd_desc.o(.bss)
    hUsbDeviceFS                             0x20000394   Data         548  usb_device.o(.bss)
    hpcd_USB_FS                              0x200007d8   Data        1056  usbd_conf.o(.bss)
    hadc1                                    0x20000bf8   Data          48  main.o(.bss)
    hi2c1                                    0x20000c28   Data          60  main.o(.bss)
    hspi2                                    0x20000c64   Data          88  main.o(.bss)
    htim5                                    0x20000cbc   Data          60  main.o(.bss)
    htim6                                    0x20000cf8   Data          60  main.o(.bss)
    GPS                                      0x20000d34   Data          44  main.o(.bss)
    huart4                                   0x20000d60   Data          64  main.o(.bss)
    huart1                                   0x20000da0   Data          64  main.o(.bss)
    line                                     0x20000de0   Data         255  nmea_decoder.o(.bss)
    __initial_sp                             0x20001ae0   Data           0  startup_stm32f103xe.o(STACK)



==============================================================================

Memory Map of the image

  Image Entry point : 0x08000131

  Load Region LR_IROM1 (Base: 0x08000000, Size: 0x00004ff4, Max: 0x00060000, ABSOLUTE, COMPRESSED[0x00004f34])

    Execution Region ER_IROM1 (Base: 0x08000000, Size: 0x00004e60, Max: 0x00060000, ABSOLUTE)

    Base Addr    Size         Type   Attr      Idx    E Section Name        Object

    0x08000000   0x00000130   Data   RO         3439    RESET               startup_stm32f103xe.o
    0x08000130   0x00000000   Code   RO         4675  * .ARM.Collect$$$$00000000  mc_w.l(entry.o)
    0x08000130   0x00000004   Code   RO         4718    .ARM.Collect$$$$00000001  mc_w.l(entry2.o)
    0x08000134   0x00000004   Code   RO         4721    .ARM.Collect$$$$00000004  mc_w.l(entry5.o)
    0x08000138   0x00000000   Code   RO         4723    .ARM.Collect$$$$00000008  mc_w.l(entry7b.o)
    0x08000138   0x00000000   Code   RO         4725    .ARM.Collect$$$$0000000A  mc_w.l(entry8b.o)
    0x08000138   0x00000008   Code   RO         4726    .ARM.Collect$$$$0000000B  mc_w.l(entry9a.o)
    0x08000140   0x00000000   Code   RO         4728    .ARM.Collect$$$$0000000D  mc_w.l(entry10a.o)
    0x08000140   0x00000000   Code   RO         4730    .ARM.Collect$$$$0000000F  mc_w.l(entry11a.o)
    0x08000140   0x00000004   Code   RO         4719    .ARM.Collect$$$$00002712  mc_w.l(entry2.o)
    0x08000144   0x00000024   Code   RO         3440    .text               startup_stm32f103xe.o
    0x08000168   0x00000024   Code   RO         4680    .text               mc_w.l(memcpya.o)
    0x0800018c   0x00000024   Code   RO         4682    .text               mc_w.l(memseta.o)
    0x080001b0   0x00000024   Code   RO         4684    .text               mc_w.l(strstr.o)
    0x080001d4   0x00000024   Code   RO         4734    .text               mc_w.l(init.o)
    0x080001f8   0x00000056   Code   RO         4744    .text               mc_w.l(__dczerorl2.o)
    0x0800024e   0x00000002   PAD
    0x08000250   0x0000004c   Code   RO         3260    i.ADC_ConversionStop_Disable  stm32f1xx_hal_adc.o
    0x0800029c   0x00000002   Code   RO         3965    i.BusFault_Handler  stm32f1xx_it.o
    0x0800029e   0x00000004   Code   RO         3841    i.CDC_Control_FS    usbd_cdc_if.o
    0x080002a2   0x00000004   Code   RO         3842    i.CDC_DeInit_FS     usbd_cdc_if.o
    0x080002a6   0x00000002   PAD
    0x080002a8   0x00000024   Code   RO         3843    i.CDC_Init_FS       usbd_cdc_if.o
    0x080002cc   0x00000018   Code   RO         3844    i.CDC_Receive_FS    usbd_cdc_if.o
    0x080002e4   0x00000002   Code   RO         3966    i.DebugMon_Handler  stm32f1xx_it.o
    0x080002e6   0x00000002   PAD
    0x080002e8   0x0000001c   Code   RO         3967    i.EXTI15_10_IRQHandler  stm32f1xx_it.o
    0x08000304   0x00000002   Code   RO         4318    i.Error_Handler     main.o
    0x08000306   0x00000002   PAD
    0x08000308   0x00000018   Code   RO         4319    i.GPS_set_state     main.o
    0x08000320   0x00000168   Code   RO         3266    i.HAL_ADC_ConfigChannel  stm32f1xx_hal_adc.o
    0x08000488   0x00000148   Code   RO         3275    i.HAL_ADC_Init      stm32f1xx_hal_adc.o
    0x080005d0   0x00000040   Code   RO         4410    i.HAL_ADC_MspInit   stm32f1xx_hal_msp.o
    0x08000610   0x00000016   Code   RO          639    i.HAL_Delay         stm32f1xx_hal.o
    0x08000626   0x00000002   Code   RO         2729    i.HAL_GPIO_EXTI_Callback  stm32f1xx_hal_gpio.o
    0x08000628   0x00000018   Code   RO         2730    i.HAL_GPIO_EXTI_IRQHandler  stm32f1xx_hal_gpio.o
    0x08000640   0x000001e8   Code   RO         2731    i.HAL_GPIO_Init     stm32f1xx_hal_gpio.o
    0x08000828   0x00000008   Code   RO         2734    i.HAL_GPIO_TogglePin  stm32f1xx_hal_gpio.o
    0x08000830   0x0000000a   Code   RO         2735    i.HAL_GPIO_WritePin  stm32f1xx_hal_gpio.o
    0x0800083a   0x00000002   PAD
    0x0800083c   0x0000000c   Code   RO          643    i.HAL_GetTick       stm32f1xx_hal.o
    0x08000848   0x000000e0   Code   RO         2099    i.HAL_I2C_Init      stm32f1xx_hal_i2c.o
    0x08000928   0x000000f8   Code   RO         2114    i.HAL_I2C_Mem_Write  stm32f1xx_hal_i2c.o
    0x08000a20   0x00000044   Code   RO         4412    i.HAL_I2C_MspInit   stm32f1xx_hal_msp.o
    0x08000a64   0x00000010   Code   RO          644    i.HAL_IncTick       stm32f1xx_hal.o
    0x08000a74   0x00000024   Code   RO          645    i.HAL_Init          stm32f1xx_hal.o
    0x08000a98   0x00000022   Code   RO          646    i.HAL_InitTick      stm32f1xx_hal.o
    0x08000aba   0x00000002   PAD
    0x08000abc   0x00000080   Code   RO         4413    i.HAL_MspInit       stm32f1xx_hal_msp.o
    0x08000b3c   0x00000016   Code   RO         1081    i.HAL_NVIC_EnableIRQ  stm32f1xx_hal_cortex.o
    0x08000b52   0x00000002   PAD
    0x08000b54   0x00000040   Code   RO         1087    i.HAL_NVIC_SetPriority  stm32f1xx_hal_cortex.o
    0x08000b94   0x00000024   Code   RO         1088    i.HAL_NVIC_SetPriorityGrouping  stm32f1xx_hal_cortex.o
    0x08000bb8   0x00000034   Code   RO          252    i.HAL_PCDEx_PMAConfig  stm32f1xx_hal_pcd_ex.o
    0x08000bec   0x00000002   Code   RO         4111    i.HAL_PCDEx_SetConnectionState  usbd_conf.o
    0x08000bee   0x0000000e   Code   RO         4113    i.HAL_PCD_DataInStageCallback  usbd_conf.o
    0x08000bfc   0x00000010   Code   RO         4114    i.HAL_PCD_DataOutStageCallback  usbd_conf.o
    0x08000c0c   0x00000040   Code   RO         2419    i.HAL_PCD_EP_Close  stm32f1xx_hal_pcd.o
    0x08000c4c   0x00000048   Code   RO         2420    i.HAL_PCD_EP_ClrStall  stm32f1xx_hal_pcd.o
    0x08000c94   0x00000010   Code   RO         2422    i.HAL_PCD_EP_GetRxCount  stm32f1xx_hal_pcd.o
    0x08000ca4   0x00000044   Code   RO         2423    i.HAL_PCD_EP_Open   stm32f1xx_hal_pcd.o
    0x08000ce8   0x00000040   Code   RO         2424    i.HAL_PCD_EP_Receive  stm32f1xx_hal_pcd.o
    0x08000d28   0x00000056   Code   RO         2425    i.HAL_PCD_EP_SetStall  stm32f1xx_hal_pcd.o
    0x08000d7e   0x0000003e   Code   RO         2426    i.HAL_PCD_EP_Transmit  stm32f1xx_hal_pcd.o
    0x08000dbc   0x0000010a   Code   RO         2428    i.HAL_PCD_IRQHandler  stm32f1xx_hal_pcd.o
    0x08000ec6   0x00000002   PAD
    0x08000ec8   0x000000c0   Code   RO         2431    i.HAL_PCD_Init      stm32f1xx_hal_pcd.o
    0x08000f88   0x0000003c   Code   RO         4119    i.HAL_PCD_MspInit   usbd_conf.o
    0x08000fc4   0x0000001a   Code   RO         4120    i.HAL_PCD_ResetCallback  usbd_conf.o
    0x08000fde   0x00000008   Code   RO         4121    i.HAL_PCD_ResumeCallback  usbd_conf.o
    0x08000fe6   0x00000008   Code   RO         4122    i.HAL_PCD_SOFCallback  usbd_conf.o
    0x08000fee   0x00000028   Code   RO         2437    i.HAL_PCD_SetAddress  stm32f1xx_hal_pcd.o
    0x08001016   0x0000000e   Code   RO         4123    i.HAL_PCD_SetupStageCallback  usbd_conf.o
    0x08001024   0x00000032   Code   RO         2439    i.HAL_PCD_Start     stm32f1xx_hal_pcd.o
    0x08001056   0x00000002   PAD
    0x08001058   0x00000024   Code   RO         4124    i.HAL_PCD_SuspendCallback  usbd_conf.o
    0x0800107c   0x0000012c   Code   RO          853    i.HAL_RCCEx_PeriphCLKConfig  stm32f1xx_hal_rcc_ex.o
    0x080011a8   0x00000188   Code   RO          147    i.HAL_RCC_ClockConfig  stm32f1xx_hal_rcc.o
    0x08001330   0x0000000c   Code   RO          152    i.HAL_RCC_GetHCLKFreq  stm32f1xx_hal_rcc.o
    0x0800133c   0x00000030   Code   RO          154    i.HAL_RCC_GetPCLK1Freq  stm32f1xx_hal_rcc.o
    0x0800136c   0x00000030   Code   RO          155    i.HAL_RCC_GetPCLK2Freq  stm32f1xx_hal_rcc.o
    0x0800139c   0x0000008c   Code   RO          156    i.HAL_RCC_GetSysClockFreq  stm32f1xx_hal_rcc.o
    0x08001428   0x0000057e   Code   RO          159    i.HAL_RCC_OscConfig  stm32f1xx_hal_rcc.o
    0x080019a6   0x00000002   PAD
    0x080019a8   0x00000088   Code   RO         1196    i.HAL_SPI_Init      stm32f1xx_hal_spi_ex.o
    0x08001a30   0x0000005c   Code   RO         4415    i.HAL_SPI_MspInit   stm32f1xx_hal_msp.o
    0x08001a8c   0x00000018   Code   RO         1090    i.HAL_SYSTICK_CLKSourceConfig  stm32f1xx_hal_cortex.o
    0x08001aa4   0x00000002   Code   RO         1091    i.HAL_SYSTICK_Callback  stm32f1xx_hal_cortex.o
    0x08001aa6   0x00000028   Code   RO         1092    i.HAL_SYSTICK_Config  stm32f1xx_hal_cortex.o
    0x08001ace   0x00000008   Code   RO         1093    i.HAL_SYSTICK_IRQHandler  stm32f1xx_hal_cortex.o
    0x08001ad6   0x00000002   Code   RO         1860    i.HAL_TIMEx_BreakCallback  stm32f1xx_hal_tim_ex.o
    0x08001ad8   0x00000002   Code   RO         1861    i.HAL_TIMEx_CommutationCallback  stm32f1xx_hal_tim_ex.o
    0x08001ada   0x00000050   Code   RO         1877    i.HAL_TIMEx_MasterConfigSynchronization  stm32f1xx_hal_tim_ex.o
    0x08001b2a   0x00000036   Code   RO         1231    i.HAL_TIM_Base_Init  stm32f1xx_hal_tim.o
    0x08001b60   0x00000078   Code   RO         4417    i.HAL_TIM_Base_MspInit  stm32f1xx_hal_msp.o
    0x08001bd8   0x000000f2   Code   RO         1240    i.HAL_TIM_ConfigClockSource  stm32f1xx_hal_tim.o
    0x08001cca   0x00000002   Code   RO         1260    i.HAL_TIM_IC_CaptureCallback  stm32f1xx_hal_tim.o
    0x08001ccc   0x0000011e   Code   RO         1261    i.HAL_TIM_IC_ConfigChannel  stm32f1xx_hal_tim.o
    0x08001dea   0x00000036   Code   RO         1264    i.HAL_TIM_IC_Init   stm32f1xx_hal_tim.o
    0x08001e20   0x00000002   Code   RO         1266    i.HAL_TIM_IC_MspInit  stm32f1xx_hal_tim.o
    0x08001e22   0x00000166   Code   RO         1273    i.HAL_TIM_IRQHandler  stm32f1xx_hal_tim.o
    0x08001f88   0x00000002   Code   RO         1276    i.HAL_TIM_OC_DelayElapsedCallback  stm32f1xx_hal_tim.o
    0x08001f8a   0x00000002   Code   RO         1303    i.HAL_TIM_PWM_PulseFinishedCallback  stm32f1xx_hal_tim.o
    0x08001f8c   0x00000002   Code   RO         1310    i.HAL_TIM_PeriodElapsedCallback  stm32f1xx_hal_tim.o
    0x08001f8e   0x00000002   Code   RO         1314    i.HAL_TIM_TriggerCallback  stm32f1xx_hal_tim.o
    0x08001f90   0x00000002   Code   RO          371    i.HAL_UART_ErrorCallback  stm32f1xx_hal_uart.o
    0x08001f92   0x00000002   PAD
    0x08001f94   0x000000da   Code   RO          374    i.HAL_UART_IRQHandler  stm32f1xx_hal_uart.o
    0x0800206e   0x0000005e   Code   RO          375    i.HAL_UART_Init     stm32f1xx_hal_uart.o
    0x080020cc   0x000000b4   Code   RO         4419    i.HAL_UART_MspInit  stm32f1xx_hal_msp.o
    0x08002180   0x00000002   Code   RO          381    i.HAL_UART_RxCpltCallback  stm32f1xx_hal_uart.o
    0x08002182   0x00000002   Code   RO          386    i.HAL_UART_TxCpltCallback  stm32f1xx_hal_uart.o
    0x08002184   0x00000002   Code   RO         3968    i.HardFault_Handler  stm32f1xx_it.o
    0x08002186   0x0000002a   Code   RO         2134    i.I2C_IsAcknowledgeFailed  stm32f1xx_hal_i2c.o
    0x080021b0   0x00000098   Code   RO         2140    i.I2C_RequestMemoryWrite  stm32f1xx_hal_i2c.o
    0x08002248   0x0000008a   Code   RO         2141    i.I2C_WaitOnFlagUntilTimeout  stm32f1xx_hal_i2c.o
    0x080022d2   0x00000088   Code   RO         2142    i.I2C_WaitOnMasterAddressFlagUntilTimeout  stm32f1xx_hal_i2c.o
    0x0800235a   0x00000050   Code   RO         2145    i.I2C_WaitOnTXEFlagUntilTimeout  stm32f1xx_hal_i2c.o
    0x080023aa   0x00000002   PAD
    0x080023ac   0x00000044   Code   RO         4320    i.MX_ADC1_Init      main.o
    0x080023f0   0x00000108   Code   RO         4321    i.MX_GPIO_Init      main.o
    0x080024f8   0x0000006c   Code   RO         4322    i.MX_I2C1_Init      main.o
    0x08002564   0x00000040   Code   RO         4323    i.MX_SPI2_Init      main.o
    0x080025a4   0x00000080   Code   RO         4324    i.MX_TIM5_Init      main.o
    0x08002624   0x00000038   Code   RO         4077    i.MX_USB_DEVICE_Init  usb_device.o
    0x0800265c   0x00000002   Code   RO         3969    i.MemManage_Handler  stm32f1xx_it.o
    0x0800265e   0x00000002   Code   RO         3970    i.NMI_Handler       stm32f1xx_it.o
    0x08002660   0x00000020   Code   RO         1094    i.NVIC_SetPriority  stm32f1xx_hal_cortex.o
    0x08002680   0x00000362   Code   RO         2442    i.PCD_EP_ISR_Handler  stm32f1xx_hal_pcd.o
    0x080029e2   0x00000002   Code   RO         3971    i.PendSV_Handler    stm32f1xx_it.o
    0x080029e4   0x00000040   Code   RO         4545    i.SSD1306_DrawPixel  ssd1306.o
    0x08002a24   0x00000018   Code   RO         4548    i.SSD1306_Fill      ssd1306.o
    0x08002a3c   0x0000000c   Code   RO         4549    i.SSD1306_GotoXY    ssd1306.o
    0x08002a48   0x000000d0   Code   RO         4550    i.SSD1306_Init      ssd1306.o
    0x08002b18   0x000000a0   Code   RO         4553    i.SSD1306_Putc      ssd1306.o
    0x08002bb8   0x00000028   Code   RO         4554    i.SSD1306_Puts      ssd1306.o
    0x08002be0   0x0000005c   Code   RO         4556    i.SSD1306_UpdateScreen  ssd1306.o
    0x08002c3c   0x00000024   Code   RO         4557    i.SSD1306_WRITECOMMAND  ssd1306.o
    0x08002c60   0x00000002   Code   RO         3972    i.SVC_Handler       stm32f1xx_it.o
    0x08002c62   0x0000000e   Code   RO         3973    i.SysTick_Handler   stm32f1xx_it.o
    0x08002c70   0x0000007e   Code   RO         4325    i.SystemClock_Config  main.o
    0x08002cee   0x00000002   PAD
    0x08002cf0   0x00000048   Code   RO            5    i.SystemInit        system_stm32f1xx.o
    0x08002d38   0x0000000c   Code   RO         3974    i.TIM5_IRQHandler   stm32f1xx_it.o
    0x08002d44   0x0000000c   Code   RO         3975    i.TIM6_IRQHandler   stm32f1xx_it.o
    0x08002d50   0x00000084   Code   RO         1315    i.TIM_Base_SetConfig  stm32f1xx_hal_tim.o
    0x08002dd4   0x00000014   Code   RO         1322    i.TIM_ETR_SetConfig  stm32f1xx_hal_tim.o
    0x08002de8   0x00000010   Code   RO         1323    i.TIM_ITRx_SetConfig  stm32f1xx_hal_tim.o
    0x08002df8   0x00000022   Code   RO         1329    i.TIM_TI1_ConfigInputStage  stm32f1xx_hal_tim.o
    0x08002e1a   0x00000002   PAD
    0x08002e1c   0x0000006c   Code   RO         1330    i.TIM_TI1_SetConfig  stm32f1xx_hal_tim.o
    0x08002e88   0x00000024   Code   RO         1331    i.TIM_TI2_ConfigInputStage  stm32f1xx_hal_tim.o
    0x08002eac   0x00000036   Code   RO         1332    i.TIM_TI2_SetConfig  stm32f1xx_hal_tim.o
    0x08002ee2   0x00000002   PAD
    0x08002ee4   0x00000020   Code   RO         3976    i.UART4_IRQHandler  stm32f1xx_it.o
    0x08002f04   0x000000a8   Code   RO          393    i.UART_Receive_IT   stm32f1xx_hal_uart.o
    0x08002fac   0x00000170   Code   RO          394    i.UART_SetConfig    stm32f1xx_hal_uart.o
    0x0800311c   0x00000066   Code   RO          395    i.UART_Transmit_IT  stm32f1xx_hal_uart.o
    0x08003182   0x00000002   PAD
    0x08003184   0x0000000c   Code   RO         3977    i.USART1_IRQHandler  stm32f1xx_it.o
    0x08003190   0x00000014   Code   RO         3731    i.USBD_CDC_DataIn   usbd_cdc.o
    0x080031a4   0x0000002e   Code   RO         3732    i.USBD_CDC_DataOut  usbd_cdc.o
    0x080031d2   0x0000003c   Code   RO         3733    i.USBD_CDC_DeInit   usbd_cdc.o
    0x0800320e   0x00000024   Code   RO         3734    i.USBD_CDC_EP0_RxReady  usbd_cdc.o
    0x08003232   0x00000002   PAD
    0x08003234   0x0000000c   Code   RO         3735    i.USBD_CDC_GetDeviceQualifierDescriptor  usbd_cdc.o
    0x08003240   0x0000000c   Code   RO         3736    i.USBD_CDC_GetFSCfgDesc  usbd_cdc.o
    0x0800324c   0x0000000c   Code   RO         3737    i.USBD_CDC_GetHSCfgDesc  usbd_cdc.o
    0x08003258   0x0000000c   Code   RO         3738    i.USBD_CDC_GetOtherSpeedCfgDesc  usbd_cdc.o
    0x08003264   0x00000088   Code   RO         3739    i.USBD_CDC_Init     usbd_cdc.o
    0x080032ec   0x00000028   Code   RO         3740    i.USBD_CDC_ReceivePacket  usbd_cdc.o
    0x08003314   0x00000010   Code   RO         3741    i.USBD_CDC_RegisterInterface  usbd_cdc.o
    0x08003324   0x0000000c   Code   RO         3742    i.USBD_CDC_SetRxBuffer  usbd_cdc.o
    0x08003330   0x00000010   Code   RO         3743    i.USBD_CDC_SetTxBuffer  usbd_cdc.o
    0x08003340   0x00000070   Code   RO         3744    i.USBD_CDC_Setup    usbd_cdc.o
    0x080033b0   0x0000000e   Code   RO         3528    i.USBD_ClrClassConfig  usbd_core.o
    0x080033be   0x00000010   Code   RO         3447    i.USBD_CtlContinueRx  usbd_ioreq.o
    0x080033ce   0x00000010   Code   RO         3448    i.USBD_CtlContinueSendData  usbd_ioreq.o
    0x080033de   0x00000016   Code   RO         3666    i.USBD_CtlError     usbd_ctlreq.o
    0x080033f4   0x0000001e   Code   RO         3449    i.USBD_CtlPrepareRx  usbd_ioreq.o
    0x08003412   0x00000016   Code   RO         3450    i.USBD_CtlReceiveStatus  usbd_ioreq.o
    0x08003428   0x0000001a   Code   RO         3451    i.USBD_CtlSendData  usbd_ioreq.o
    0x08003442   0x00000016   Code   RO         3452    i.USBD_CtlSendStatus  usbd_ioreq.o
    0x08003458   0x00000020   Code   RO         3897    i.USBD_FS_ConfigStrDescriptor  usbd_desc.o
    0x08003478   0x0000000c   Code   RO         3898    i.USBD_FS_DeviceDescriptor  usbd_desc.o
    0x08003484   0x00000024   Code   RO         3899    i.USBD_FS_InterfaceStrDescriptor  usbd_desc.o
    0x080034a8   0x0000000c   Code   RO         3900    i.USBD_FS_LangIDStrDescriptor  usbd_desc.o
    0x080034b4   0x00000028   Code   RO         3901    i.USBD_FS_ManufacturerStrDescriptor  usbd_desc.o
    0x080034dc   0x0000002c   Code   RO         3902    i.USBD_FS_ProductStrDescriptor  usbd_desc.o
    0x08003508   0x00000024   Code   RO         3903    i.USBD_FS_SerialStrDescriptor  usbd_desc.o
    0x0800352c   0x000000e0   Code   RO         3667    i.USBD_GetDescriptor  usbd_ctlreq.o
    0x0800360c   0x00000046   Code   RO         3668    i.USBD_GetString    usbd_ctlreq.o
    0x08003652   0x0000002a   Code   RO         3530    i.USBD_Init         usbd_core.o
    0x0800367c   0x0000000e   Code   RO         4125    i.USBD_LL_ClearStallEP  usbd_conf.o
    0x0800368a   0x0000000e   Code   RO         4126    i.USBD_LL_CloseEP   usbd_conf.o
    0x08003698   0x000000aa   Code   RO         3531    i.USBD_LL_DataInStage  usbd_core.o
    0x08003742   0x0000006a   Code   RO         3532    i.USBD_LL_DataOutStage  usbd_core.o
    0x080037ac   0x00000008   Code   RO         4130    i.USBD_LL_GetRxDataSize  usbd_conf.o
    0x080037b4   0x00000084   Code   RO         4131    i.USBD_LL_Init      usbd_conf.o
    0x08003838   0x0000001c   Code   RO         4132    i.USBD_LL_IsStallEP  usbd_conf.o
    0x08003854   0x00000014   Code   RO         4133    i.USBD_LL_OpenEP    usbd_conf.o
    0x08003868   0x0000000e   Code   RO         4134    i.USBD_LL_PrepareReceive  usbd_conf.o
    0x08003876   0x0000003e   Code   RO         3537    i.USBD_LL_Reset     usbd_core.o
    0x080038b4   0x0000000c   Code   RO         3538    i.USBD_LL_Resume    usbd_core.o
    0x080038c0   0x00000018   Code   RO         3539    i.USBD_LL_SOF       usbd_core.o
    0x080038d8   0x00000006   Code   RO         3540    i.USBD_LL_SetSpeed  usbd_core.o
    0x080038de   0x0000000e   Code   RO         4135    i.USBD_LL_SetUSBAddress  usbd_conf.o
    0x080038ec   0x0000005a   Code   RO         3541    i.USBD_LL_SetupStage  usbd_core.o
    0x08003946   0x0000000e   Code   RO         4136    i.USBD_LL_StallEP   usbd_conf.o
    0x08003954   0x0000000e   Code   RO         4137    i.USBD_LL_Start     usbd_conf.o
    0x08003962   0x00000012   Code   RO         3542    i.USBD_LL_Suspend   usbd_core.o
    0x08003974   0x0000000e   Code   RO         4139    i.USBD_LL_Transmit  usbd_conf.o
    0x08003982   0x00000028   Code   RO         3669    i.USBD_ParseSetupRequest  usbd_ctlreq.o
    0x080039aa   0x00000010   Code   RO         3543    i.USBD_RegisterClass  usbd_core.o
    0x080039ba   0x00000016   Code   RO         3545    i.USBD_SetClassConfig  usbd_core.o
    0x080039d0   0x00000074   Code   RO         3670    i.USBD_SetConfig    usbd_ctlreq.o
    0x08003a44   0x0000000a   Code   RO         3546    i.USBD_Start        usbd_core.o
    0x08003a4e   0x000000f2   Code   RO         3671    i.USBD_StdDevReq    usbd_ctlreq.o
    0x08003b40   0x000000dc   Code   RO         3672    i.USBD_StdEPReq     usbd_ctlreq.o
    0x08003c1c   0x00000034   Code   RO         3673    i.USBD_StdItfReq    usbd_ctlreq.o
    0x08003c50   0x00000004   Code   RO         4140    i.USBD_static_free  usbd_conf.o
    0x08003c54   0x00000008   Code   RO         4141    i.USBD_static_malloc  usbd_conf.o
    0x08003c5c   0x0000025c   Code   RO          887    i.USB_ActivateEndpoint  stm32f1xx_ll_usb.o
    0x08003eb8   0x00000004   Code   RO          890    i.USB_CoreInit      stm32f1xx_ll_usb.o
    0x08003ebc   0x00000124   Code   RO          892    i.USB_DeactivateEndpoint  stm32f1xx_ll_usb.o
    0x08003fe0   0x00000004   Code   RO          893    i.USB_DevConnect    stm32f1xx_ll_usb.o
    0x08003fe4   0x00000004   Code   RO          894    i.USB_DevDisconnect  stm32f1xx_ll_usb.o
    0x08003fe8   0x00000012   Code   RO          895    i.USB_DevInit       stm32f1xx_ll_usb.o
    0x08003ffa   0x0000000e   Code   RO          896    i.USB_DisableGlobalInt  stm32f1xx_ll_usb.o
    0x08004008   0x00000004   Code   RO          897    i.USB_EP0_OutStart  stm32f1xx_ll_usb.o
    0x0800400c   0x0000006a   Code   RO          898    i.USB_EPClearStall  stm32f1xx_ll_usb.o
    0x08004076   0x0000004a   Code   RO          899    i.USB_EPSetStall    stm32f1xx_ll_usb.o
    0x080040c0   0x000001aa   Code   RO          900    i.USB_EPStartXfer   stm32f1xx_ll_usb.o
    0x0800426a   0x0000000e   Code   RO          901    i.USB_EnableGlobalInt  stm32f1xx_ll_usb.o
    0x08004278   0x0000000c   Code   RO         3978    i.USB_LP_CAN1_RX0_IRQHandler  stm32f1xx_it.o
    0x08004284   0x00000006   Code   RO          908    i.USB_ReadInterrupts  stm32f1xx_ll_usb.o
    0x0800428a   0x00000002   PAD
    0x0800428c   0x0000001e   Code   RO          909    i.USB_ReadPMA       stm32f1xx_ll_usb.o
    0x080042aa   0x00000004   Code   RO          911    i.USB_SetCurrentMode  stm32f1xx_ll_usb.o
    0x080042ae   0x0000000c   Code   RO          912    i.USB_SetDevAddress  stm32f1xx_ll_usb.o
    0x080042ba   0x00000026   Code   RO          914    i.USB_WritePMA      stm32f1xx_ll_usb.o
    0x080042e0   0x00000002   Code   RO         3979    i.UsageFault_Handler  stm32f1xx_it.o
    0x080042e2   0x0000000e   Code   RO         4738    i.__scatterload_copy  mc_w.l(handlers.o)
    0x080042f0   0x00000002   Code   RO         4739    i.__scatterload_null  mc_w.l(handlers.o)
    0x080042f2   0x0000000e   Code   RO         4740    i.__scatterload_zeroinit  mc_w.l(handlers.o)
    0x08004300   0x00000050   Code   RO         4690    i.free              mc_w.l(malloc.o)
    0x08004350   0x00000190   Code   RO         4326    i.main              main.o
    0x080044e0   0x00000170   Code   RO         4515    i.nmea_append       nmea_decoder.o
    0x08004650   0x0000006c   Code   RO         4327    i.prepare_top_line  main.o
    0x080046bc   0x00000010   Data   RO            6    .constdata          system_stm32f1xx.o
    0x080046cc   0x00000008   Data   RO            7    .constdata          system_stm32f1xx.o
    0x080046d4   0x0000076c   Data   RO         4491    .constdata          fonts.o
    0x08004e40   0x00000020   Data   RO         4736    Region$$Table       anon$$obj.o


    Execution Region RW_IRAM1 (Base: 0x20000000, Size: 0x00001ae0, Max: 0x00010000, ABSOLUTE, COMPRESSED[0x000000d4])

    Base Addr    Size         Type   Attr      Idx    E Section Name        Object

    0x20000000   0x00000004   Data   RW            8    .data               system_stm32f1xx.o
    0x20000004   0x00000004   Data   RW          651    .data               stm32f1xx_hal.o
    0x20000008   0x00000001   Data   RW         1198    .data               stm32f1xx_hal_spi_ex.o
    0x20000009   0x00000001   Data   RW         3674    .data               usbd_ctlreq.o
    0x2000000a   0x00000002   PAD
    0x2000000c   0x000000db   Data   RW         3746    .data               usbd_cdc.o
    0x200000e7   0x00000001   PAD
    0x200000e8   0x00000038   Data   RW         3747    .data               usbd_cdc.o
    0x20000120   0x00000010   Data   RW         3846    .data               usbd_cdc_if.o
    0x20000130   0x00000008   Data   RW         3847    .data               usbd_cdc_if.o
    0x20000138   0x0000001c   Data   RW         3905    .data               usbd_desc.o
    0x20000154   0x00000016   Data   RW         3906    .data               usbd_desc.o
    0x2000016a   0x00000014   Data   RW         4330    .data               main.o
    0x2000017e   0x00000002   PAD
    0x20000180   0x00000008   Data   RW         4492    .data               fonts.o
    0x20000188   0x00000001   Data   RW         4517    .data               nmea_decoder.o
    0x20000189   0x00000001   PAD
    0x2000018a   0x00000006   Data   RW         4560    .data               ssd1306.o
    0x20000190   0x00000004   Data   RW         4732    .data               mc_w.l(mvars.o)
    0x20000194   0x00000200   Zero   RW         3904    .bss                usbd_desc.o
    0x20000394   0x00000224   Zero   RW         4078    .bss                usb_device.o
    0x200005b8   0x00000640   Zero   RW         4142    .bss                usbd_conf.o
    0x20000bf8   0x000001e8   Zero   RW         4328    .bss                main.o
    0x20000de0   0x000000ff   Zero   RW         4516    .bss                nmea_decoder.o
    0x20000edf   0x00000400   Zero   RW         4559    .bss                ssd1306.o
    0x200012df   0x00000001   PAD
    0x200012e0   0x00000800   Zero   RW         3437    STACK               startup_stm32f103xe.o


==============================================================================

Image component sizes


      Code (inc. data)   RO Data    RW Data    ZI Data      Debug   Object Name

         0          0       1900          8          0        992   fonts.o
      1292        194          0         20        488       7991   main.o
       368         28          0          1        255       1825   nmea_decoder.o
       636         42          0          6       1024       5587   ssd1306.o
        36          8        304          0       2048        772   startup_stm32f103xe.o
       120         16          0          4          0       3618   stm32f1xx_hal.o
       764         26          0          0          0       3408   stm32f1xx_hal_adc.o
       228         14          0          0          0      27409   stm32f1xx_hal_cortex.o
       532         48          0          0          0       4761   stm32f1xx_hal_gpio.o
      1020         20          0          0          0       7603   stm32f1xx_hal_i2c.o
       652         90          0          0          0       4202   stm32f1xx_hal_msp.o
      1846          0          0          0          0      10289   stm32f1xx_hal_pcd.o
        52          0          0          0          0       1178   stm32f1xx_hal_pcd_ex.o
      2046         98          0          0          0       5864   stm32f1xx_hal_rcc.o
       300         12          0          0          0       1328   stm32f1xx_hal_rcc_ex.o
       136          4          0          1          0       1366   stm32f1xx_hal_spi_ex.o
      1406         40          0          0          0      13229   stm32f1xx_hal_tim.o
        84          0          0          0          0       2334   stm32f1xx_hal_tim_ex.o
       956          4          0          0          0       5771   stm32f1xx_hal_uart.o
       138         40          0          0          0       6489   stm32f1xx_it.o
      1654          0          0          0          0      12611   stm32f1xx_ll_usb.o
        72         16         24          4          0     537755   system_stm32f1xx.o
        56         18          0          0        548        704   usb_device.o
       542         22          0        275          0      11960   usbd_cdc.o
        68         14          0         24          0       4213   usbd_cdc_if.o
       482         28          0          0       1600      12477   usbd_conf.o
       592          0          0          0          0       9176   usbd_core.o
       986         30          0          1          0       7764   usbd_ctlreq.o
       212        116          0         50        512       4935   usbd_desc.o
       132          0          0          0          0       8720   usbd_ioreq.o

    ----------------------------------------------------------------------
     17442        928       2260        400       6476     726331   Object Totals
         0          0         32          0          0          0   (incl. Generated)
        34          0          0          6          1          0   (incl. Padding)

    ----------------------------------------------------------------------

      Code (inc. data)   RO Data    RW Data    ZI Data      Debug   Library Member Name

        86          0          0          0          0          0   __dczerorl2.o
         0          0          0          0          0          0   entry.o
         0          0          0          0          0          0   entry10a.o
         0          0          0          0          0          0   entry11a.o
         8          4          0          0          0          0   entry2.o
         4          0          0          0          0          0   entry5.o
         0          0          0          0          0          0   entry7b.o
         0          0          0          0          0          0   entry8b.o
         8          4          0          0          0          0   entry9a.o
        30          0          0          0          0          0   handlers.o
        36          8          0          0          0         68   init.o
        80          4          0          0          0         76   malloc.o
        36          0          0          0          0         68   memcpya.o
        36          0          0          0          0        108   memseta.o
         0          0          0          4          0          0   mvars.o
        36          0          0          0          0         80   strstr.o

    ----------------------------------------------------------------------
       362         20          0          4          0        400   Library Totals
         2          0          0          0          0          0   (incl. Padding)

    ----------------------------------------------------------------------

      Code (inc. data)   RO Data    RW Data    ZI Data      Debug   Library Name

       360         20          0          4          0        400   mc_w.l

    ----------------------------------------------------------------------
       362         20          0          4          0        400   Library Totals

    ----------------------------------------------------------------------

==============================================================================


      Code (inc. data)   RO Data    RW Data    ZI Data      Debug   

     17804        948       2260        404       6476     716095   Grand Totals
     17804        948       2260        212       6476     716095   ELF Image Totals (compressed)
     17804        948       2260        212          0          0   ROM Totals

==============================================================================

    Total RO  Size (Code + RO Data)                20064 (  19.59kB)
    Total RW  Size (RW Data + ZI Data)              6880 (   6.72kB)
    Total ROM Size (Code + RO Data + RW Data)      20276 (  19.80kB)

==============================================================================

