Component: ARM Compiler 5.06 update 2 (build 183) Tool: armlink [4d35b7]

==============================================================================

Section Cross References

    startup_stm32f042x6.o(RESET) refers to startup_stm32f042x6.o(STACK) for __initial_sp
    startup_stm32f042x6.o(RESET) refers to startup_stm32f042x6.o(.text) for Reset_Handler
    startup_stm32f042x6.o(RESET) refers to stm32f0xx_it.o(i.NMI_Handler) for NMI_Handler
    startup_stm32f042x6.o(RESET) refers to stm32f0xx_it.o(i.HardFault_Handler) for HardFault_Handler
    startup_stm32f042x6.o(RESET) refers to stm32f0xx_it.o(i.SVC_Handler) for SVC_Handler
    startup_stm32f042x6.o(RESET) refers to stm32f0xx_it.o(i.PendSV_Handler) for PendSV_Handler
    startup_stm32f042x6.o(RESET) refers to stm32f0xx_it.o(i.SysTick_Handler) for SysTick_Handler
    startup_stm32f042x6.o(RESET) refers to stm32f0xx_it.o(i.EXTI0_1_IRQHandler) for EXTI0_1_IRQHandler
    startup_stm32f042x6.o(RESET) refers to stm32f0xx_it.o(i.EXTI2_3_IRQHandler) for EXTI2_3_IRQHandler
    startup_stm32f042x6.o(RESET) refers to stm32f0xx_it.o(i.EXTI4_15_IRQHandler) for EXTI4_15_IRQHandler
    startup_stm32f042x6.o(RESET) refers to stm32f0xx_it.o(i.USART2_IRQHandler) for USART2_IRQHandler
    startup_stm32f042x6.o(RESET) refers to stm32f0xx_it.o(i.USB_IRQHandler) for USB_IRQHandler
    startup_stm32f042x6.o(.text) refers to startup_stm32f042x6.o(STACK) for __initial_sp
    startup_stm32f042x6.o(.text) refers to system_stm32f0xx.o(i.SystemInit) for SystemInit
    startup_stm32f042x6.o(.text) refers to entry.o(.ARM.Collect$$$$00000000) for __main
    usbd_ctlreq.o(i.USBD_CtlError) refers to usbd_conf.o(i.USBD_LL_StallEP) for USBD_LL_StallEP
    usbd_ctlreq.o(i.USBD_GetDescriptor) refers to usbd_ctlreq.o(i.__ARM_common_switch8) for __ARM_common_switch8
    usbd_ctlreq.o(i.USBD_GetDescriptor) refers to usbd_ctlreq.o(i.USBD_CtlError) for USBD_CtlError
    usbd_ctlreq.o(i.USBD_GetDescriptor) refers to usbd_ioreq.o(i.USBD_CtlSendData) for USBD_CtlSendData
    usbd_ctlreq.o(i.USBD_SetConfig) refers to usbd_ctlreq.o(i.USBD_CtlError) for USBD_CtlError
    usbd_ctlreq.o(i.USBD_SetConfig) refers to usbd_core.o(i.USBD_ClrClassConfig) for USBD_ClrClassConfig
    usbd_ctlreq.o(i.USBD_SetConfig) refers to usbd_core.o(i.USBD_SetClassConfig) for USBD_SetClassConfig
    usbd_ctlreq.o(i.USBD_SetConfig) refers to usbd_ioreq.o(i.USBD_CtlSendStatus) for USBD_CtlSendStatus
    usbd_ctlreq.o(i.USBD_SetConfig) refers to usbd_ctlreq.o(.data) for .data
    usbd_ctlreq.o(i.USBD_StdDevReq) refers to usbd_ctlreq.o(i.__ARM_common_switch8) for __ARM_common_switch8
    usbd_ctlreq.o(i.USBD_StdDevReq) refers to usbd_ctlreq.o(i.USBD_GetDescriptor) for USBD_GetDescriptor
    usbd_ctlreq.o(i.USBD_StdDevReq) refers to usbd_conf.o(i.USBD_LL_SetUSBAddress) for USBD_LL_SetUSBAddress
    usbd_ctlreq.o(i.USBD_StdDevReq) refers to usbd_ioreq.o(i.USBD_CtlSendStatus) for USBD_CtlSendStatus
    usbd_ctlreq.o(i.USBD_StdDevReq) refers to usbd_ctlreq.o(i.USBD_SetConfig) for USBD_SetConfig
    usbd_ctlreq.o(i.USBD_StdDevReq) refers to usbd_ctlreq.o(i.USBD_CtlError) for USBD_CtlError
    usbd_ctlreq.o(i.USBD_StdDevReq) refers to usbd_ioreq.o(i.USBD_CtlSendData) for USBD_CtlSendData
    usbd_ctlreq.o(i.USBD_StdEPReq) refers to usbd_conf.o(i.USBD_LL_StallEP) for USBD_LL_StallEP
    usbd_ctlreq.o(i.USBD_StdEPReq) refers to usbd_conf.o(i.USBD_LL_ClearStallEP) for USBD_LL_ClearStallEP
    usbd_ctlreq.o(i.USBD_StdEPReq) refers to usbd_ioreq.o(i.USBD_CtlSendStatus) for USBD_CtlSendStatus
    usbd_ctlreq.o(i.USBD_StdEPReq) refers to usbd_ctlreq.o(i.USBD_CtlError) for USBD_CtlError
    usbd_ctlreq.o(i.USBD_StdEPReq) refers to usbd_conf.o(i.USBD_LL_IsStallEP) for USBD_LL_IsStallEP
    usbd_ctlreq.o(i.USBD_StdEPReq) refers to usbd_ioreq.o(i.USBD_CtlSendData) for USBD_CtlSendData
    usbd_ctlreq.o(i.USBD_StdItfReq) refers to usbd_ioreq.o(i.USBD_CtlSendStatus) for USBD_CtlSendStatus
    usbd_ctlreq.o(i.USBD_StdItfReq) refers to usbd_ctlreq.o(i.USBD_CtlError) for USBD_CtlError
    usbd_core.o(i.USBD_DeInit) refers to usbd_conf.o(i.USBD_LL_Stop) for USBD_LL_Stop
    usbd_core.o(i.USBD_DeInit) refers to usbd_conf.o(i.USBD_LL_DeInit) for USBD_LL_DeInit
    usbd_core.o(i.USBD_Init) refers to usbd_conf.o(i.USBD_LL_Init) for USBD_LL_Init
    usbd_core.o(i.USBD_LL_DataInStage) refers to usbd_ioreq.o(i.USBD_CtlContinueSendData) for USBD_CtlContinueSendData
    usbd_core.o(i.USBD_LL_DataInStage) refers to uidiv.o(.text) for __aeabi_uidivmod
    usbd_core.o(i.USBD_LL_DataInStage) refers to usbd_conf.o(i.USBD_LL_PrepareReceive) for USBD_LL_PrepareReceive
    usbd_core.o(i.USBD_LL_DataInStage) refers to usbd_ioreq.o(i.USBD_CtlReceiveStatus) for USBD_CtlReceiveStatus
    usbd_core.o(i.USBD_LL_DataOutStage) refers to usbd_ioreq.o(i.USBD_CtlContinueRx) for USBD_CtlContinueRx
    usbd_core.o(i.USBD_LL_DataOutStage) refers to usbd_ioreq.o(i.USBD_CtlSendStatus) for USBD_CtlSendStatus
[...]
    i.CDC_Transmit_FS                        0x080008a8   Section        0  usbd_cdc_if.o(i.CDC_Transmit_FS)
    i.EXTI0_1_IRQHandler                     0x080008d8   Section        0  stm32f0xx_it.o(i.EXTI0_1_IRQHandler)
    i.EXTI2_3_IRQHandler                     0x08000904   Section        0  stm32f0xx_it.o(i.EXTI2_3_IRQHandler)
    i.EXTI4_15_IRQHandler                    0x08000930   Section        0  stm32f0xx_it.o(i.EXTI4_15_IRQHandler)
    i.Error_Handler                          0x0800095c   Section        0  main.o(i.Error_Handler)
    i.GetFskBandwidthRegValue                0x08000960   Section        0  sx1276.o(i.GetFskBandwidthRegValue)
    GetFskBandwidthRegValue                  0x08000961   Thumb Code    40  sx1276.o(i.GetFskBandwidthRegValue)
    i.HAL_Delay                              0x0800098c   Section        0  stm32f0xx_hal.o(i.HAL_Delay)
    i.HAL_GPIO_EXTI_Callback                 0x080009a2   Section        0  stm32f0xx_hal_gpio.o(i.HAL_GPIO_EXTI_Callback)
    i.HAL_GPIO_EXTI_IRQHandler               0x080009a4   Section        0  stm32f0xx_hal_gpio.o(i.HAL_GPIO_EXTI_IRQHandler)
    i.HAL_GPIO_Init                          0x080009bc   Section        0  stm32f0xx_hal_gpio.o(i.HAL_GPIO_Init)
    i.HAL_GPIO_WritePin                      0x08000af8   Section        0  stm32f0xx_hal_gpio.o(i.HAL_GPIO_WritePin)
    i.HAL_GetTick                            0x08000b04   Section        0  stm32f0xx_hal.o(i.HAL_GetTick)
    i.HAL_IncTick                            0x08000b10   Section        0  stm32f0xx_hal.o(i.HAL_IncTick)
    i.HAL_Init                               0x08000b20   Section        0  stm32f0xx_hal.o(i.HAL_Init)
    i.HAL_InitTick                           0x08000b40   Section        0  stm32f0xx_hal.o(i.HAL_InitTick)
    i.HAL_MspInit                            0x08000b64   Section        0  stm32f0xx_hal_msp.o(i.HAL_MspInit)
    i.HAL_NVIC_EnableIRQ                     0x08000b9c   Section        0  stm32f0xx_hal_cortex.o(i.HAL_NVIC_EnableIRQ)
    i.HAL_NVIC_SetPriority                   0x08000bb0   Section        0  stm32f0xx_hal_cortex.o(i.HAL_NVIC_SetPriority)
    i.HAL_PCDEx_PMAConfig                    0x08000bb8   Section        0  stm32f0xx_hal_pcd_ex.o(i.HAL_PCDEx_PMAConfig)
    i.HAL_PCD_DataInStageCallback            0x08000bf2   Section        0  usbd_conf.o(i.HAL_PCD_DataInStageCallback)
    i.HAL_PCD_DataOutStageCallback           0x08000c0a   Section        0  usbd_conf.o(i.HAL_PCD_DataOutStageCallback)
    i.HAL_PCD_EP_Close                       0x08000c28   Section        0  stm32f0xx_hal_pcd.o(i.HAL_PCD_EP_Close)
    i.HAL_PCD_EP_ClrStall                    0x08000d90   Section        0  stm32f0xx_hal_pcd.o(i.HAL_PCD_EP_ClrStall)
    i.HAL_PCD_EP_GetRxCount                  0x08000e44   Section        0  stm32f0xx_hal_pcd.o(i.HAL_PCD_EP_GetRxCount)
    i.HAL_PCD_EP_Open                        0x08000e58   Section        0  stm32f0xx_hal_pcd.o(i.HAL_PCD_EP_Open)
    i.HAL_PCD_EP_Receive                     0x080010fc   Section        0  stm32f0xx_hal_pcd.o(i.HAL_PCD_EP_Receive)
    i.HAL_PCD_EP_SetStall                    0x08001234   Section        0  stm32f0xx_hal_pcd.o(i.HAL_PCD_EP_SetStall)
    i.HAL_PCD_EP_Transmit                    0x080012c8   Section        0  stm32f0xx_hal_pcd.o(i.HAL_PCD_EP_Transmit)
    i.HAL_PCD_IRQHandler                     0x08001454   Section        0  stm32f0xx_hal_pcd.o(i.HAL_PCD_IRQHandler)
    i.HAL_PCD_Init                           0x08001560   Section        0  stm32f0xx_hal_pcd.o(i.HAL_PCD_Init)
    i.HAL_PCD_MspInit                        0x080015fc   Section        0  usbd_conf.o(i.HAL_PCD_MspInit)
    i.HAL_PCD_ResetCallback                  0x08001634   Section        0  usbd_conf.o(i.HAL_PCD_ResetCallback)
    i.HAL_PCD_ResumeCallback                 0x0800164c   Section        0  usbd_conf.o(i.HAL_PCD_ResumeCallback)
    i.HAL_PCD_SOFCallback                    0x08001678   Section        0  usbd_conf.o(i.HAL_PCD_SOFCallback)
    i.HAL_PCD_SetAddress                     0x08001688   Section        0  stm32f0xx_hal_pcd.o(i.HAL_PCD_SetAddress)
    i.HAL_PCD_SetupStageCallback             0x080016b4   Section        0  usbd_conf.o(i.HAL_PCD_SetupStageCallback)
    i.HAL_PCD_Start                          0x080016ca   Section        0  stm32f0xx_hal_pcd.o(i.HAL_PCD_Start)
    i.HAL_PCD_SuspendCallback                0x080016dc   Section        0  usbd_conf.o(i.HAL_PCD_SuspendCallback)
    i.HAL_RCCEx_PeriphCLKConfig              0x08001704   Section        0  stm32f0xx_hal_rcc_ex.o(i.HAL_RCCEx_PeriphCLKConfig)
    i.HAL_RCC_ClockConfig                    0x08001810   Section        0  stm32f0xx_hal_rcc.o(i.HAL_RCC_ClockConfig)
    i.HAL_RCC_GetHCLKFreq                    0x08001964   Section        0  stm32f0xx_hal_rcc.o(i.HAL_RCC_GetHCLKFreq)
    i.HAL_RCC_GetPCLK1Freq                   0x08001970   Section        0  stm32f0xx_hal_rcc.o(i.HAL_RCC_GetPCLK1Freq)
    i.HAL_RCC_GetSysClockFreq                0x08001990   Section        0  stm32f0xx_hal_rcc.o(i.HAL_RCC_GetSysClockFreq)
    i.HAL_RCC_OscConfig                      0x08001a18   Section        0  stm32f0xx_hal_rcc.o(i.HAL_RCC_OscConfig)
    i.HAL_RS485Ex_Init                       0x08001df0   Section        0  stm32f0xx_hal_uart_ex.o(i.HAL_RS485Ex_Init)
    i.HAL_SPI_Init                           0x08001e80   Section        0  stm32f0xx_hal_spi.o(i.HAL_SPI_Init)
    i.HAL_SPI_MspInit                        0x08001f50   Section        0  stm32f0xx_hal_msp.o(i.HAL_SPI_MspInit)
    i.HAL_SPI_TransmitReceive                0x08001fb0   Section        0  stm32f0xx_hal_spi.o(i.HAL_SPI_TransmitReceive)
    i.HAL_SYSTICK_CLKSourceConfig            0x08002280   Section        0  stm32f0xx_hal_cortex.o(i.HAL_SYSTICK_CLKSourceConfig)
    i.HAL_SYSTICK_Callback                   0x08002298   Section        0  stm32f0xx_hal_cortex.o(i.HAL_SYSTICK_Callback)
    i.HAL_SYSTICK_Config                     0x0800229c   Section        0  stm32f0xx_hal_cortex.o(i.HAL_SYSTICK_Config)
    i.HAL_SYSTICK_IRQHandler                 0x080022cc   Section        0  stm32f0xx_hal_cortex.o(i.HAL_SYSTICK_IRQHandler)
    i.HAL_UARTEx_WakeupCallback              0x080022d4   Section        0  stm32f0xx_hal_uart_ex.o(i.HAL_UARTEx_WakeupCallback)
    i.HAL_UART_ErrorCallback                 0x080022d6   Section        0  stm32f0xx_hal_uart.o(i.HAL_UART_ErrorCallback)
    i.HAL_UART_IRQHandler                    0x080022d8   Section        0  stm32f0xx_hal_uart.o(i.HAL_UART_IRQHandler)
    i.HAL_UART_MspInit                       0x080023b0   Section        0  stm32f0xx_hal_msp.o(i.HAL_UART_MspInit)
    i.HAL_UART_RxCpltCallback                0x08002418   Section        0  stm32f0xx_hal_uart.o(i.HAL_UART_RxCpltCallback)
    i.HAL_UART_TxCpltCallback                0x0800241a   Section        0  stm32f0xx_hal_uart.o(i.HAL_UART_TxCpltCallback)
    i.HardFault_Handler                      0x0800241c   Section        0  stm32f0xx_it.o(i.HardFault_Handler)
    i.MX_GPIO_Init                           0x08002420   Section        0  main.o(i.MX_GPIO_Init)
    MX_GPIO_Init                             0x08002421   Thumb Code   172  main.o(i.MX_GPIO_Init)
    i.MX_SPI2_Init                           0x080024d8   Section        0  main.o(i.MX_SPI2_Init)
    MX_SPI2_Init                             0x080024d9   Thumb Code    66  main.o(i.MX_SPI2_Init)
    i.MX_USART2_UART_Init                    0x08002524   Section        0  main.o(i.MX_USART2_UART_Init)
    MX_USART2_UART_Init                      0x08002525   Thumb Code    54  main.o(i.MX_USART2_UART_Init)
    i.MX_USB_DEVICE_Init                     0x08002564   Section        0  usb_device.o(i.MX_USB_DEVICE_Init)
    i.NMI_Handler                            0x08002598   Section        0  stm32f0xx_it.o(i.NMI_Handler)
    i.NVIC_SetPriority                       0x0800259c   Section        0  stm32f0xx_hal_cortex.o(i.NVIC_SetPriority)
    NVIC_SetPriority                         0x0800259d   Thumb Code    60  stm32f0xx_hal_cortex.o(i.NVIC_SetPriority)
    i.OnRxDone                               0x080025e0   Section        0  main.o(i.OnRxDone)
    i.PCD_EP_ISR_Handler                     0x08002610   Section        0  stm32f0xx_hal_pcd.o(i.PCD_EP_ISR_Handler)
    PCD_EP_ISR_Handler                       0x08002611   Thumb Code   802  stm32f0xx_hal_pcd.o(i.PCD_EP_ISR_Handler)
    i.PCD_ReadPMA                            0x08002948   Section        0  stm32f0xx_hal_pcd.o(i.PCD_ReadPMA)
    i.PCD_WritePMA                           0x08002966   Section        0  stm32f0xx_hal_pcd.o(i.PCD_WritePMA)
    i.PendSV_Handler                         0x0800298c   Section        0  stm32f0xx_it.o(i.PendSV_Handler)
    i.RxChainCalibration                     0x08002990   Section        0  sx1276.o(i.RxChainCalibration)
    RxChainCalibration                       0x08002991   Thumb Code   138  sx1276.o(i.RxChainCalibration)
    i.SPI_EndRxTxTransaction                 0x08002a24   Section        0  stm32f0xx_hal_spi.o(i.SPI_EndRxTxTransaction)
    SPI_EndRxTxTransaction                   0x08002a25   Thumb Code    50  stm32f0xx_hal_spi.o(i.SPI_EndRxTxTransaction)
    i.SPI_WaitFifoStateUntilTimeout          0x08002a58   Section        0  stm32f0xx_hal_spi.o(i.SPI_WaitFifoStateUntilTimeout)
    SPI_WaitFifoStateUntilTimeout            0x08002a59   Thumb Code   158  stm32f0xx_hal_spi.o(i.SPI_WaitFifoStateUntilTimeout)
    i.SPI_WaitFlagStateUntilTimeout          0x08002afc   Section        0  stm32f0xx_hal_spi.o(i.SPI_WaitFlagStateUntilTimeout)
    SPI_WaitFlagStateUntilTimeout            0x08002afd   Thumb Code   138  stm32f0xx_hal_spi.o(i.SPI_WaitFlagStateUntilTimeout)
    i.SVC_Handler                            0x08002b8c   Section        0  stm32f0xx_it.o(i.SVC_Handler)
    i.SX1276CheckRfFrequency                 0x08002b8e   Section        0  sx1276-board.o(i.SX1276CheckRfFrequency)
    i.SX1276GetStatus                        0x08002b94   Section        0  sx1276.o(i.SX1276GetStatus)
    i.SX1276GetTimeOnAir                     0x08002ba0   Section        0  sx1276.o(i.SX1276GetTimeOnAir)
    i.SX1276Init                             0x08002d84   Section        0  sx1276.o(i.SX1276Init)
    i.SX1276IsChannelFree                    0x08002dd0   Section        0  sx1276.o(i.SX1276IsChannelFree)
    i.SX1276OnDio0Irq                        0x08002e0c   Section        0  sx1276.o(i.SX1276OnDio0Irq)
    i.SX1276OnDio1Irq                        0x08003008   Section        0  sx1276.o(i.SX1276OnDio1Irq)
    i.SX1276OnDio2Irq                        0x080030c4   Section        0  sx1276.o(i.SX1276OnDio2Irq)
    i.SX1276OnDio3Irq                        0x08003170   Section        0  sx1276.o(i.SX1276OnDio3Irq)
    i.SX1276OnDio4Irq                        0x080031c4   Section        0  sx1276.o(i.SX1276OnDio4Irq)
    i.SX1276OnDio5Irq                        0x080031e0   Section        0  sx1276.o(i.SX1276OnDio5Irq)
    i.SX1276Random                           0x080031e2   Section        0  sx1276.o(i.SX1276Random)
    i.SX1276Read                             0x08003220   Section        0  sx1276.o(i.SX1276Read)
    i.SX1276ReadBuffer                       0x08003230   Section        0  sx1276.o(i.SX1276ReadBuffer)
    i.SX1276ReadFifo                         0x08003274   Section        0  sx1276.o(i.SX1276ReadFifo)
    i.SX1276ReadRssi                         0x08003284   Section        0  sx1276.o(i.SX1276ReadRssi)
    i.SX1276Reset                            0x080032c8   Section        0  sx1276.o(i.SX1276Reset)
    i.SX1276Send                             0x080032f8   Section        0  sx1276.o(i.SX1276Send)
    i.SX1276SetAntSw                         0x080033e8   Section        0  sx1276-board.o(i.SX1276SetAntSw)
    i.SX1276SetAntSwLowPower                 0x080033ea   Section        0  sx1276-board.o(i.SX1276SetAntSwLowPower)
    i.SX1276SetChannel                       0x080033ec   Section        0  sx1276.o(i.SX1276SetChannel)
    i.SX1276SetMaxPayloadLength              0x0800342c   Section        0  sx1276.o(i.SX1276SetMaxPayloadLength)
    i.SX1276SetModem                         0x0800345c   Section        0  sx1276.o(i.SX1276SetModem)
    i.SX1276SetOpMode                        0x080034cc   Section        0  sx1276.o(i.SX1276SetOpMode)
    i.SX1276SetPublicNetwork                 0x080034fc   Section        0  sx1276.o(i.SX1276SetPublicNetwork)
    i.SX1276SetRfTxPower                     0x08003520   Section        0  sx1276-board.o(i.SX1276SetRfTxPower)
    i.SX1276SetRx                            0x080035b0   Section        0  sx1276.o(i.SX1276SetRx)
    i.SX1276SetRxConfig                      0x08003774   Section        0  sx1276.o(i.SX1276SetRxConfig)
    i.SX1276SetSleep                         0x080039fc   Section        0  sx1276.o(i.SX1276SetSleep)
    i.SX1276SetStby                          0x08003a10   Section        0  sx1276.o(i.SX1276SetStby)
    i.SX1276SetTx                            0x08003a24   Section        0  sx1276.o(i.SX1276SetTx)
    i.SX1276SetTxConfig                      0x08003ab8   Section        0  sx1276.o(i.SX1276SetTxConfig)
    i.SX1276SetTxContinuousWave              0x08003ca8   Section        0  sx1276.o(i.SX1276SetTxContinuousWave)
    i.SX1276StartCad                         0x08003d14   Section        0  sx1276.o(i.SX1276StartCad)
    i.SX1276Write                            0x08003d4c   Section        0  sx1276.o(i.SX1276Write)
    i.SX1276WriteBuffer                      0x08003d58   Section        0  sx1276.o(i.SX1276WriteBuffer)
    i.SX1276WriteFifo                        0x08003d9c   Section        0  sx1276.o(i.SX1276WriteFifo)
    i.SpiInOut                               0x08003dac   Section        0  sx1276.o(i.SpiInOut)
    i.SysTick_Handler                        0x08003dd0   Section        0  stm32f0xx_it.o(i.SysTick_Handler)
    i.SystemClock_Config                     0x08003ddc   Section        0  main.o(i.SystemClock_Config)
    i.SystemInit                             0x08003e4c   Section        0  system_stm32f0xx.o(i.SystemInit)
    i.TxDone                                 0x08003ea8   Section        0  main.o(i.TxDone)
    i.UART_AdvFeatureConfig                  0x08003eb4   Section        0  stm32f0xx_hal_uart.o(i.UART_AdvFeatureConfig)
    i.UART_CheckIdleState                    0x08003f80   Section        0  stm32f0xx_hal_uart.o(i.UART_CheckIdleState)
    i.UART_EndTransmit_IT                    0x08003fe0   Section        0  stm32f0xx_hal_uart.o(i.UART_EndTransmit_IT)
    i.UART_Receive_IT                        0x08003ffa   Section        0  stm32f0xx_hal_uart.o(i.UART_Receive_IT)
    i.UART_SetConfig                         0x0800407c   Section        0  stm32f0xx_hal_uart.o(i.UART_SetConfig)
    i.UART_Transmit_IT                       0x080041ac   Section        0  stm32f0xx_hal_uart.o(i.UART_Transmit_IT)
    i.UART_WaitOnFlagUntilTimeout            0x08004212   Section        0  stm32f0xx_hal_uart.o(i.UART_WaitOnFlagUntilTimeout)
    i.USART2_IRQHandler                      0x080042c4   Section        0  stm32f0xx_it.o(i.USART2_IRQHandler)
    i.USBD_CDC_DataIn                        0x08004308   Section        0  usbd_cdc.o(i.USBD_CDC_DataIn)
    USBD_CDC_DataIn                          0x08004309   Thumb Code    30  usbd_cdc.o(i.USBD_CDC_DataIn)
    i.USBD_CDC_DataOut                       0x08004326   Section        0  usbd_cdc.o(i.USBD_CDC_DataOut)
    USBD_CDC_DataOut                         0x08004327   Thumb Code    52  usbd_cdc.o(i.USBD_CDC_DataOut)
    i.USBD_CDC_DeInit                        0x0800435a   Section        0  usbd_cdc.o(i.USBD_CDC_DeInit)
    USBD_CDC_DeInit                          0x0800435b   Thumb Code    60  usbd_cdc.o(i.USBD_CDC_DeInit)
    i.USBD_CDC_EP0_RxReady                   0x08004396   Section        0  usbd_cdc.o(i.USBD_CDC_EP0_RxReady)
    USBD_CDC_EP0_RxReady                     0x08004397   Thumb Code    40  usbd_cdc.o(i.USBD_CDC_EP0_RxReady)
    i.USBD_CDC_GetDeviceQualifierDescriptor  0x080043c0   Section        0  usbd_cdc.o(i.USBD_CDC_GetDeviceQualifierDescriptor)
    i.USBD_CDC_GetFSCfgDesc                  0x080043cc   Section        0  usbd_cdc.o(i.USBD_CDC_GetFSCfgDesc)
    USBD_CDC_GetFSCfgDesc                    0x080043cd   Thumb Code     8  usbd_cdc.o(i.USBD_CDC_GetFSCfgDesc)
    i.USBD_CDC_GetHSCfgDesc                  0x080043d8   Section        0  usbd_cdc.o(i.USBD_CDC_GetHSCfgDesc)
    USBD_CDC_GetHSCfgDesc                    0x080043d9   Thumb Code     8  usbd_cdc.o(i.USBD_CDC_GetHSCfgDesc)
    i.USBD_CDC_GetOtherSpeedCfgDesc          0x080043e4   Section        0  usbd_cdc.o(i.USBD_CDC_GetOtherSpeedCfgDesc)
    USBD_CDC_GetOtherSpeedCfgDesc            0x080043e5   Thumb Code     8  usbd_cdc.o(i.USBD_CDC_GetOtherSpeedCfgDesc)
    i.USBD_CDC_Init                          0x080043f0   Section        0  usbd_cdc.o(i.USBD_CDC_Init)
    USBD_CDC_Init                            0x080043f1   Thumb Code   138  usbd_cdc.o(i.USBD_CDC_Init)
    i.USBD_CDC_ReceivePacket                 0x0800447a   Section        0  usbd_cdc.o(i.USBD_CDC_ReceivePacket)
    i.USBD_CDC_RegisterInterface             0x080044b2   Section        0  usbd_cdc.o(i.USBD_CDC_RegisterInterface)
    i.USBD_CDC_SetRxBuffer                   0x080044c6   Section        0  usbd_cdc.o(i.USBD_CDC_SetRxBuffer)
    i.USBD_CDC_SetTxBuffer                   0x080044da   Section        0  usbd_cdc.o(i.USBD_CDC_SetTxBuffer)
    i.USBD_CDC_Setup                         0x080044f0   Section        0  usbd_cdc.o(i.USBD_CDC_Setup)
    USBD_CDC_Setup                           0x080044f1   Thumb Code   112  usbd_cdc.o(i.USBD_CDC_Setup)
    i.USBD_CDC_TransmitPacket                0x08004564   Section        0  usbd_cdc.o(i.USBD_CDC_TransmitPacket)
    i.USBD_ClrClassConfig                    0x08004598   Section        0  usbd_core.o(i.USBD_ClrClassConfig)
    i.USBD_CtlContinueRx                     0x080045a8   Section        0  usbd_ioreq.o(i.USBD_CtlContinueRx)
    i.USBD_CtlContinueSendData               0x080045b8   Section        0  usbd_ioreq.o(i.USBD_CtlContinueSendData)
    i.USBD_CtlError                          0x080045c8   Section        0  usbd_ctlreq.o(i.USBD_CtlError)
    i.USBD_CtlPrepareRx                      0x080045dc   Section        0  usbd_ioreq.o(i.USBD_CtlPrepareRx)
    i.USBD_CtlReceiveStatus                  0x080045fc   Section        0  usbd_ioreq.o(i.USBD_CtlReceiveStatus)
    i.USBD_CtlSendData                       0x08004614   Section        0  usbd_ioreq.o(i.USBD_CtlSendData)
    i.USBD_CtlSendStatus                     0x08004630   Section        0  usbd_ioreq.o(i.USBD_CtlSendStatus)
    i.USBD_FS_ConfigStrDescriptor            0x08004648   Section        0  usbd_desc.o(i.USBD_FS_ConfigStrDescriptor)
    i.USBD_FS_DeviceDescriptor               0x08004668   Section        0  usbd_desc.o(i.USBD_FS_DeviceDescriptor)
    i.USBD_FS_InterfaceStrDescriptor         0x08004674   Section        0  usbd_desc.o(i.USBD_FS_InterfaceStrDescriptor)
    i.USBD_FS_LangIDStrDescriptor            0x08004698   Section        0  usbd_desc.o(i.USBD_FS_LangIDStrDescriptor)
    i.USBD_FS_ManufacturerStrDescriptor      0x080046a4   Section        0  usbd_desc.o(i.USBD_FS_ManufacturerStrDescriptor)
    i.USBD_FS_ProductStrDescriptor           0x080046cc   Section        0  usbd_desc.o(i.USBD_FS_ProductStrDescriptor)
    i.USBD_FS_SerialStrDescriptor            0x080046f8   Section        0  usbd_desc.o(i.USBD_FS_SerialStrDescriptor)
    i.USBD_GetDescriptor                     0x0800471c   Section        0  usbd_ctlreq.o(i.USBD_GetDescriptor)
    USBD_GetDescriptor                       0x0800471d   Thumb Code   224  usbd_ctlreq.o(i.USBD_GetDescriptor)
    i.USBD_GetString                         0x080047fc   Section        0  usbd_ctlreq.o(i.USBD_GetString)
    i.USBD_Init                              0x08004840   Section        0  usbd_core.o(i.USBD_Init)
    i.USBD_LL_ClearStallEP                   0x08004872   Section        0  usbd_conf.o(i.USBD_LL_ClearStallEP)
    i.USBD_LL_CloseEP                        0x08004884   Section        0  usbd_conf.o(i.USBD_LL_CloseEP)
    i.USBD_LL_DataInStage                    0x08004896   Section        0  usbd_core.o(i.USBD_LL_DataInStage)
    i.USBD_LL_DataOutStage                   0x0800494c   Section        0  usbd_core.o(i.USBD_LL_DataOutStage)
    i.USBD_LL_GetRxDataSize                  0x080049c0   Section        0  usbd_conf.o(i.USBD_LL_GetRxDataSize)
    i.USBD_LL_Init                           0x080049d0   Section        0  usbd_conf.o(i.USBD_LL_Init)
    i.USBD_LL_IsStallEP                      0x08004a58   Section        0  usbd_conf.o(i.USBD_LL_IsStallEP)
    i.USBD_LL_OpenEP                         0x08004a7c   Section        0  usbd_conf.o(i.USBD_LL_OpenEP)
    i.USBD_LL_PrepareReceive                 0x08004a94   Section        0  usbd_conf.o(i.USBD_LL_PrepareReceive)
    i.USBD_LL_Reset                          0x08004aa6   Section        0  usbd_core.o(i.USBD_LL_Reset)
    i.USBD_LL_Resume                         0x08004aec   Section        0  usbd_core.o(i.USBD_LL_Resume)
    i.USBD_LL_SOF                            0x08004af8   Section        0  usbd_core.o(i.USBD_LL_SOF)
    i.USBD_LL_SetSpeed                       0x08004b16   Section        0  usbd_core.o(i.USBD_LL_SetSpeed)
    i.USBD_LL_SetUSBAddress                  0x08004b1c   Section        0  usbd_conf.o(i.USBD_LL_SetUSBAddress)
    i.USBD_LL_SetupStage                     0x08004b2e   Section        0  usbd_core.o(i.USBD_LL_SetupStage)
    i.USBD_LL_StallEP                        0x08004b8c   Section        0  usbd_conf.o(i.USBD_LL_StallEP)
    i.USBD_LL_Start                          0x08004b9e   Section        0  usbd_conf.o(i.USBD_LL_Start)
    i.USBD_LL_Suspend                        0x08004bb0   Section        0  usbd_core.o(i.USBD_LL_Suspend)
    i.USBD_LL_Transmit                       0x08004bc0   Section        0  usbd_conf.o(i.USBD_LL_Transmit)
    i.USBD_ParseSetupRequest                 0x08004bd2   Section        0  usbd_ctlreq.o(i.USBD_ParseSetupRequest)
    i.USBD_RegisterClass                     0x08004bfa   Section        0  usbd_core.o(i.USBD_RegisterClass)
    i.USBD_SetClassConfig                    0x08004c10   Section        0  usbd_core.o(i.USBD_SetClassConfig)
    i.USBD_SetConfig                         0x08004c2c   Section        0  usbd_ctlreq.o(i.USBD_SetConfig)
    USBD_SetConfig                           0x08004c2d   Thumb Code   108  usbd_ctlreq.o(i.USBD_SetConfig)
    i.USBD_Start                             0x08004c9c   Section        0  usbd_core.o(i.USBD_Start)
    i.USBD_StdDevReq                         0x08004ca6   Section        0  usbd_ctlreq.o(i.USBD_StdDevReq)
    i.USBD_StdEPReq                          0x08004d94   Section        0  usbd_ctlreq.o(i.USBD_StdEPReq)
    i.USBD_StdItfReq                         0x08004e7e   Section        0  usbd_ctlreq.o(i.USBD_StdItfReq)
    i.USBD_static_free                       0x08004eb8   Section        0  usbd_conf.o(i.USBD_static_free)
    i.USBD_static_malloc                     0x08004ebc   Section        0  usbd_conf.o(i.USBD_static_malloc)
    i.USB_IRQHandler                         0x08004ec4   Section        0  stm32f0xx_it.o(i.USB_IRQHandler)
    i.__ARM_clz                              0x08004ed4   Section        0  depilogue.o(i.__ARM_clz)
    i.__ARM_common_switch8                   0x08004f02   Section        0  usbd_ctlreq.o(i.__ARM_common_switch8)
    i.__scatterload_copy                     0x08004f1c   Section       14  handlers.o(i.__scatterload_copy)
    i.__scatterload_null                     0x08004f2a   Section        2  handlers.o(i.__scatterload_null)
    i.__scatterload_zeroinit                 0x08004f2c   Section       14  handlers.o(i.__scatterload_zeroinit)
    i._crc16_update                          0x08004f3c   Section        0  bwl_simplserial.o(i._crc16_update)
    i.ceil                                   0x08004f5c   Section        0  ceil.o(i.ceil)
    i.floor                                  0x08005024   Section        0  floor.o(i.floor)
    i.main                                   0x080050ec   Section        0  main.o(i.main)
    i.round                                  0x08005160   Section        0  round.o(i.round)
    i.sserial_poll_uart                      0x080051fc   Section        0  bwl_simplserial.o(i.sserial_poll_uart)
    i.sserial_process_internal               0x080052ec   Section        0  bwl_simplserial.o(i.sserial_process_internal)
    sserial_process_internal                 0x080052ed   Thumb Code   330  bwl_simplserial.o(i.sserial_process_internal)
    i.sserial_process_request                0x08005450   Section        0  main.o(i.sserial_process_request)
    i.sserial_send_end                       0x08005470   Section        0  main.o(i.sserial_send_end)
    i.sserial_send_response                  0x08005480   Section        0  bwl_simplserial.o(i.sserial_send_response)
    i.sserial_send_start                     0x08005524   Section        0  main.o(i.sserial_send_start)
    i.sserial_sendbyte                       0x08005534   Section        0  bwl_simplserial.o(i.sserial_sendbyte)
    sserial_sendbyte                         0x08005535   Thumb Code    38  bwl_simplserial.o(i.sserial_sendbyte)
    i.uart_get                               0x08005560   Section        0  stm32f0xx_it.o(i.uart_get)
    i.uart_received                          0x0800556c   Section        0  stm32f0xx_it.o(i.uart_received)
    i.uart_send                              0x08005570   Section        0  stm32f0xx_it.o(i.uart_send)
    i.var_delay_ms                           0x08005598   Section        0  main.o(i.var_delay_ms)
    .constdata                               0x080055a0   Section       16  system_stm32f0xx.o(.constdata)
    .constdata                               0x080055b0   Section        8  system_stm32f0xx.o(.constdata)
    .constdata                               0x080055b8   Section      176  sx1276.o(.constdata)
    .constdata                               0x08005668   Section       92  sx1276-board.o(.constdata)
    .data                                    0x20000000   Section        1  usbd_ctlreq.o(.data)
    cfgidx                                   0x20000000   Data           1  usbd_ctlreq.o(.data)
    .data                                    0x20000004   Section      219  usbd_cdc.o(.data)
    ifalt                                    0x20000004   Data           1  usbd_cdc.o(.data)
    USBD_CDC_DeviceQualifierDesc             0x20000008   Data          10  usbd_cdc.o(.data)
    .data                                    0x200000e0   Section       56  usbd_cdc.o(.data)
    .data                                    0x20000118   Section        4  stm32f0xx_hal.o(.data)
    .data                                    0x2000011c   Section        4  system_stm32f0xx.o(.data)
    .data                                    0x20000120   Section       28  usbd_desc.o(.data)
    .data                                    0x2000013c   Section       22  usbd_desc.o(.data)
    .data                                    0x20000154   Section       16  usbd_cdc_if.o(.data)
    .data                                    0x20000164   Section        8  usbd_cdc_if.o(.data)
    .data                                    0x2000016c   Section        1  stm32f0xx_it.o(.data)
    .data                                    0x20000170   Section       55  sx1276.o(.data)
    RadioEvents                              0x20000170   Data           4  sx1276.o(.data)
    .data                                    0x200001a8   Section       12  bwl_simplserial.o(.data)
    lastbyte                                 0x200001a9   Data           1  bwl_simplserial.o(.data)
    sserial_address                          0x200001ac   Data           2  bwl_simplserial.o(.data)
    .bss                                     0x200001b4   Section      512  usbd_desc.o(.bss)
    .bss                                     0x200003b4   Section      548  usb_device.o(.bss)
    .bss                                     0x200005d8   Section     1088  usbd_conf.o(.bss)
    mem                                      0x200005d8   Data         544  usbd_conf.o(.bss)
    .bss                                     0x20000a18   Section      240  main.o(.bss)
    RadioEvents                              0x20000a18   Data          28  main.o(.bss)
    .bss                                     0x20000b08   Section      356  sx1276.o(.bss)
    RxTxBuffer                               0x20000b08   Data         256  sx1276.o(.bss)
    .bss                                     0x20000c6c   Section      856  bwl_simplserial.o(.bss)
    sserial_devguid                          0x20000c6c   Data          16  bwl_simplserial.o(.bss)
    sserial_devname                          0x20000c7c   Data          32  bwl_simplserial.o(.bss)
    sserial_bootname                         0x20000c9c   Data          16  bwl_simplserial.o(.bss)
    STACK                                    0x20000fc8   Section     2048  startup_stm32f042x6.o(STACK)

    Global Symbols

    Symbol Name                              Value     Ov Type        Size  Object(Section)

    BuildAttributes$$THM_ISAv3M$S$PE$A:L22$X:L11$S22$IEEE1$IW$USESV6$~STKCKD$USESV7$~SHL$OTIME$ROPI$IEEEJ$EBA8$MICROLIB$REQ8$PRES8$EABIv2 0x00000000   Number         0  anon$$obj.o ABSOLUTE
    __ARM_use_no_argv                        0x00000000   Number         0  main.o ABSOLUTE
    __cpp_initialize__aeabi_                  - Undefined Weak Reference
    __cxa_finalize                            - Undefined Weak Reference
    _clock_init                               - Undefined Weak Reference
    _microlib_exit                            - Undefined Weak Reference
    __Vectors_Size                           0x000000c0   Number         0  startup_stm32f042x6.o ABSOLUTE
    __Vectors                                0x08000000   Data           4  startup_stm32f042x6.o(RESET)
    __Vectors_End                            0x080000c0   Data           0  startup_stm32f042x6.o(RESET)
    __main                                   0x080000c1   Thumb Code     0  entry.o(.ARM.Collect$$$$00000000)
    _main_stk                                0x080000c1   Thumb Code     0  entry2.o(.ARM.Collect$$$$00000001)
    _main_scatterload                        0x080000c5   Thumb Code     0  entry5.o(.ARM.Collect$$$$00000004)
    __main_after_scatterload                 0x080000c9   Thumb Code     0  entry5.o(.ARM.Collect$$$$00000004)
    _main_clock                              0x080000c9   Thumb Code     0  entry7b.o(.ARM.Collect$$$$00000008)
    _main_cpp_init                           0x080000c9   Thumb Code     0  entry8b.o(.ARM.Collect$$$$0000000A)
    _main_init                               0x080000c9   Thumb Code     0  entry9a.o(.ARM.Collect$$$$0000000B)
    __rt_final_cpp                           0x080000d1   Thumb Code     0  entry10a.o(.ARM.Collect$$$$0000000D)
    __rt_final_exit                          0x080000d1   Thumb Code     0  entry11a.o(.ARM.Collect$$$$0000000F)
    Reset_Handler                            0x080000d5   Thumb Code    38  startup_stm32f042x6.o(.text)
    ADC1_IRQHandler                          0x08000105   Thumb Code     0  startup_stm32f042x6.o(.text)
    CEC_CAN_IRQHandler                       0x08000105   Thumb Code     0  startup_stm32f042x6.o(.text)
    DMA1_Channel1_IRQHandler                 0x08000105   Thumb Code     0  startup_stm32f042x6.o(.text)
    DMA1_Channel2_3_IRQHandler               0x08000105   Thumb Code     0  startup_stm32f042x6.o(.text)
    DMA1_Channel4_5_IRQHandler               0x08000105   Thumb Code     0  startup_stm32f042x6.o(.text)
    FLASH_IRQHandler                         0x08000105   Thumb Code     0  startup_stm32f042x6.o(.text)
    I2C1_IRQHandler                          0x08000105   Thumb Code     0  startup_stm32f042x6.o(.text)
    PVD_VDDIO2_IRQHandler                    0x08000105   Thumb Code     0  startup_stm32f042x6.o(.text)
    RCC_CRS_IRQHandler                       0x08000105   Thumb Code     0  startup_stm32f042x6.o(.text)
    RTC_IRQHandler                           0x08000105   Thumb Code     0  startup_stm32f042x6.o(.text)
    SPI1_IRQHandler                          0x08000105   Thumb Code     0  startup_stm32f042x6.o(.text)
    SPI2_IRQHandler                          0x08000105   Thumb Code     0  startup_stm32f042x6.o(.text)
    TIM14_IRQHandler                         0x08000105   Thumb Code     0  startup_stm32f042x6.o(.text)
    TIM16_IRQHandler                         0x08000105   Thumb Code     0  startup_stm32f042x6.o(.text)
    TIM17_IRQHandler                         0x08000105   Thumb Code     0  startup_stm32f042x6.o(.text)
    TIM1_BRK_UP_TRG_COM_IRQHandler           0x08000105   Thumb Code     0  startup_stm32f042x6.o(.text)
    TIM1_CC_IRQHandler                       0x08000105   Thumb Code     0  startup_stm32f042x6.o(.text)
    TIM2_IRQHandler                          0x08000105   Thumb Code     0  startup_stm32f042x6.o(.text)
    TIM3_IRQHandler                          0x08000105   Thumb Code     0  startup_stm32f042x6.o(.text)
    TSC_IRQHandler                           0x08000105   Thumb Code     0  startup_stm32f042x6.o(.text)
    USART1_IRQHandler                        0x08000105   Thumb Code     0  startup_stm32f042x6.o(.text)
    WWDG_IRQHandler                          0x08000105   Thumb Code     0  startup_stm32f042x6.o(.text)
    __aeabi_uidiv                            0x0800012d   Thumb Code     0  uidiv.o(.text)
    __aeabi_uidivmod                         0x0800012d   Thumb Code    44  uidiv.o(.text)
    __aeabi_llsr                             0x08000159   Thumb Code    34  llushr.o(.text)
    _ll_ushift_r                             0x08000159   Thumb Code     0  llushr.o(.text)
    __aeabi_memcpy                           0x0800017b   Thumb Code    36  memcpya.o(.text)
    __aeabi_memcpy4                          0x0800017b   Thumb Code     0  memcpya.o(.text)
    __aeabi_memcpy8                          0x0800017b   Thumb Code     0  memcpya.o(.text)
    __aeabi_memset                           0x0800019f   Thumb Code    14  memseta.o(.text)
    __aeabi_memset4                          0x0800019f   Thumb Code     0  memseta.o(.text)
    __aeabi_memset8                          0x0800019f   Thumb Code     0  memseta.o(.text)
    __aeabi_memclr                           0x080001ad   Thumb Code     4  memseta.o(.text)
    __aeabi_memclr4                          0x080001ad   Thumb Code     0  memseta.o(.text)
    __aeabi_memclr8                          0x080001ad   Thumb Code     0  memseta.o(.text)
    _memset$wrapper                          0x080001b1   Thumb Code    18  memseta.o(.text)
    __aeabi_dadd                             0x080001c5   Thumb Code   328  dadd.o(.text)
    __aeabi_dsub                             0x0800030d   Thumb Code    12  dadd.o(.text)
    __aeabi_drsub                            0x08000319   Thumb Code    12  dadd.o(.text)
    __aeabi_dmul                             0x08000329   Thumb Code   202  dmul.o(.text)
    __aeabi_ddiv                             0x080003f9   Thumb Code   234  ddiv.o(.text)
    __ARM_scalbn                             0x080004e9   Thumb Code    44  dscalb.o(.text)
    scalbn                                   0x080004e9   Thumb Code     0  dscalb.o(.text)
    __aeabi_i2d                              0x08000515   Thumb Code    34  dflti.o(.text)
    __aeabi_ui2d                             0x0800053d   Thumb Code    24  dfltui.o(.text)
    __aeabi_d2iz                             0x08000559   Thumb Code    62  dfixi.o(.text)
    __aeabi_d2uiz                            0x080005a1   Thumb Code    50  dfixui.o(.text)
    __aeabi_cdrcmple                         0x080005dd   Thumb Code    38  cdrcmple.o(.text)
    __aeabi_llsl                             0x08000605   Thumb Code    32  llshl.o(.text)
    _ll_shift_l                              0x08000605   Thumb Code     0  llshl.o(.text)
    __aeabi_lasr                             0x08000625   Thumb Code    38  llsshr.o(.text)
    _ll_sshift_r                             0x08000625   Thumb Code     0  llsshr.o(.text)
    __I$use$fp                               0x0800064b   Thumb Code     0  iusefp.o(.text)
    _double_round                            0x0800064b   Thumb Code    26  depilogue.o(.text)
    _double_epilogue                         0x08000665   Thumb Code   164  depilogue.o(.text)
    _drnd                                    0x08000709   Thumb Code   114  drnd.o(.text)
    __aeabi_cdcmpeq                          0x08000785   Thumb Code     0  cdcmple.o(.text)
    __aeabi_cdcmple                          0x08000785   Thumb Code    38  cdcmple.o(.text)
    __scatterload                            0x080007ad   Thumb Code    28  init.o(.text)
    __scatterload_rt2                        0x080007ad   Thumb Code     0  init.o(.text)
    __decompress                             0x080007d1   Thumb Code     0  __dczerorl2.o(.text)
    __decompress1                            0x080007d1   Thumb Code    86  __dczerorl2.o(.text)
    CDC_Transmit_FS                          0x080008a9   Thumb Code    40  usbd_cdc_if.o(i.CDC_Transmit_FS)
    EXTI0_1_IRQHandler                       0x080008d9   Thumb Code    38  stm32f0xx_it.o(i.EXTI0_1_IRQHandler)
    EXTI2_3_IRQHandler                       0x08000905   Thumb Code    38  stm32f0xx_it.o(i.EXTI2_3_IRQHandler)
    EXTI4_15_IRQHandler                      0x08000931   Thumb Code    38  stm32f0xx_it.o(i.EXTI4_15_IRQHandler)
    Error_Handler                            0x0800095d   Thumb Code     2  main.o(i.Error_Handler)
    HAL_Delay                                0x0800098d   Thumb Code    22  stm32f0xx_hal.o(i.HAL_Delay)
    HAL_GPIO_EXTI_Callback                   0x080009a3   Thumb Code     2  stm32f0xx_hal_gpio.o(i.HAL_GPIO_EXTI_Callback)
    HAL_GPIO_EXTI_IRQHandler                 0x080009a5   Thumb Code    18  stm32f0xx_hal_gpio.o(i.HAL_GPIO_EXTI_IRQHandler)
    HAL_GPIO_Init                            0x080009bd   Thumb Code   294  stm32f0xx_hal_gpio.o(i.HAL_GPIO_Init)
    HAL_GPIO_WritePin                        0x08000af9   Thumb Code    12  stm32f0xx_hal_gpio.o(i.HAL_GPIO_WritePin)
    HAL_GetTick                              0x08000b05   Thumb Code     6  stm32f0xx_hal.o(i.HAL_GetTick)
    HAL_IncTick                              0x08000b11   Thumb Code    10  stm32f0xx_hal.o(i.HAL_IncTick)
    HAL_Init                                 0x08000b21   Thumb Code    26  stm32f0xx_hal.o(i.HAL_Init)
    HAL_InitTick                             0x08000b41   Thumb Code    34  stm32f0xx_hal.o(i.HAL_InitTick)
    HAL_MspInit                              0x08000b65   Thumb Code    50  stm32f0xx_hal_msp.o(i.HAL_MspInit)
    HAL_NVIC_EnableIRQ                       0x08000b9d   Thumb Code    14  stm32f0xx_hal_cortex.o(i.HAL_NVIC_EnableIRQ)
    HAL_NVIC_SetPriority                     0x08000bb1   Thumb Code     8  stm32f0xx_hal_cortex.o(i.HAL_NVIC_SetPriority)
    HAL_PCDEx_PMAConfig                      0x08000bb9   Thumb Code    58  stm32f0xx_hal_pcd_ex.o(i.HAL_PCDEx_PMAConfig)
    HAL_PCD_DataInStageCallback              0x08000bf3   Thumb Code    24  usbd_conf.o(i.HAL_PCD_DataInStageCallback)
    HAL_PCD_DataOutStageCallback             0x08000c0b   Thumb Code    28  usbd_conf.o(i.HAL_PCD_DataOutStageCallback)
    HAL_PCD_EP_Close                         0x08000c29   Thumb Code   346  stm32f0xx_hal_pcd.o(i.HAL_PCD_EP_Close)
    HAL_PCD_EP_ClrStall                      0x08000d91   Thumb Code   166  stm32f0xx_hal_pcd.o(i.HAL_PCD_EP_ClrStall)
    HAL_PCD_EP_GetRxCount                    0x08000e45   Thumb Code    20  stm32f0xx_hal_pcd.o(i.HAL_PCD_EP_GetRxCount)
    HAL_PCD_EP_Open                          0x08000e59   Thumb Code   652  stm32f0xx_hal_pcd.o(i.HAL_PCD_EP_Open)
    HAL_PCD_EP_Receive                       0x080010fd   Thumb Code   300  stm32f0xx_hal_pcd.o(i.HAL_PCD_EP_Receive)
    HAL_PCD_EP_SetStall                      0x08001235   Thumb Code   136  stm32f0xx_hal_pcd.o(i.HAL_PCD_EP_SetStall)
    HAL_PCD_EP_Transmit                      0x080012c9   Thumb Code   380  stm32f0xx_hal_pcd.o(i.HAL_PCD_EP_Transmit)
    HAL_PCD_IRQHandler                       0x08001455   Thumb Code   238  stm32f0xx_hal_pcd.o(i.HAL_PCD_IRQHandler)
    HAL_PCD_Init                             0x08001561   Thumb Code   154  stm32f0xx_hal_pcd.o(i.HAL_PCD_Init)
    HAL_PCD_MspInit                          0x080015fd   Thumb Code    46  usbd_conf.o(i.HAL_PCD_MspInit)
    HAL_PCD_ResetCallback                    0x08001635   Thumb Code    24  usbd_conf.o(i.HAL_PCD_ResetCallback)
    HAL_PCD_ResumeCallback                   0x0800164d   Thumb Code    38  usbd_conf.o(i.HAL_PCD_ResumeCallback)
    HAL_PCD_SOFCallback                      0x08001679   Thumb Code    16  usbd_conf.o(i.HAL_PCD_SOFCallback)
    HAL_PCD_SetAddress                       0x08001689   Thumb Code    44  stm32f0xx_hal_pcd.o(i.HAL_PCD_SetAddress)
    HAL_PCD_SetupStageCallback               0x080016b5   Thumb Code    22  usbd_conf.o(i.HAL_PCD_SetupStageCallback)
    HAL_PCD_Start                            0x080016cb   Thumb Code    18  stm32f0xx_hal_pcd.o(i.HAL_PCD_Start)
    HAL_PCD_SuspendCallback                  0x080016dd   Thumb Code    34  usbd_conf.o(i.HAL_PCD_SuspendCallback)
    HAL_RCCEx_PeriphCLKConfig                0x08001705   Thumb Code   254  stm32f0xx_hal_rcc_ex.o(i.HAL_RCCEx_PeriphCLKConfig)
    HAL_RCC_ClockConfig                      0x08001811   Thumb Code   320  stm32f0xx_hal_rcc.o(i.HAL_RCC_ClockConfig)
    HAL_RCC_GetHCLKFreq                      0x08001965   Thumb Code     6  stm32f0xx_hal_rcc.o(i.HAL_RCC_GetHCLKFreq)
    HAL_RCC_GetPCLK1Freq                     0x08001971   Thumb Code    20  stm32f0xx_hal_rcc.o(i.HAL_RCC_GetPCLK1Freq)
    HAL_RCC_GetSysClockFreq                  0x08001991   Thumb Code    90  stm32f0xx_hal_rcc.o(i.HAL_RCC_GetSysClockFreq)
    HAL_RCC_OscConfig                        0x08001a19   Thumb Code   966  stm32f0xx_hal_rcc.o(i.HAL_RCC_OscConfig)
    HAL_RS485Ex_Init                         0x08001df1   Thumb Code   138  stm32f0xx_hal_uart_ex.o(i.HAL_RS485Ex_Init)
    HAL_SPI_Init                             0x08001e81   Thumb Code   204  stm32f0xx_hal_spi.o(i.HAL_SPI_Init)
    HAL_SPI_MspInit                          0x08001f51   Thumb Code    84  stm32f0xx_hal_msp.o(i.HAL_SPI_MspInit)
    HAL_SPI_TransmitReceive                  0x08001fb1   Thumb Code   710  stm32f0xx_hal_spi.o(i.HAL_SPI_TransmitReceive)
    HAL_SYSTICK_CLKSourceConfig              0x08002281   Thumb Code    20  stm32f0xx_hal_cortex.o(i.HAL_SYSTICK_CLKSourceConfig)
    HAL_SYSTICK_Callback                     0x08002299   Thumb Code     2  stm32f0xx_hal_cortex.o(i.HAL_SYSTICK_Callback)
    HAL_SYSTICK_Config                       0x0800229d   Thumb Code    38  stm32f0xx_hal_cortex.o(i.HAL_SYSTICK_Config)
    HAL_SYSTICK_IRQHandler                   0x080022cd   Thumb Code     8  stm32f0xx_hal_cortex.o(i.HAL_SYSTICK_IRQHandler)
    HAL_UARTEx_WakeupCallback                0x080022d5   Thumb Code     2  stm32f0xx_hal_uart_ex.o(i.HAL_UARTEx_WakeupCallback)
    HAL_UART_ErrorCallback                   0x080022d7   Thumb Code     2  stm32f0xx_hal_uart.o(i.HAL_UART_ErrorCallback)
    HAL_UART_IRQHandler                      0x080022d9   Thumb Code   216  stm32f0xx_hal_uart.o(i.HAL_UART_IRQHandler)
    HAL_UART_MspInit                         0x080023b1   Thumb Code    96  stm32f0xx_hal_msp.o(i.HAL_UART_MspInit)
    HAL_UART_RxCpltCallback                  0x08002419   Thumb Code     2  stm32f0xx_hal_uart.o(i.HAL_UART_RxCpltCallback)
    HAL_UART_TxCpltCallback                  0x0800241b   Thumb Code     2  stm32f0xx_hal_uart.o(i.HAL_UART_TxCpltCallback)
    HardFault_Handler                        0x0800241d   Thumb Code     2  stm32f0xx_it.o(i.HardFault_Handler)
    MX_USB_DEVICE_Init                       0x08002565   Thumb Code    36  usb_device.o(i.MX_USB_DEVICE_Init)
    NMI_Handler                              0x08002599   Thumb Code     2  stm32f0xx_it.o(i.NMI_Handler)
    OnRxDone                                 0x080025e1   Thumb Code    40  main.o(i.OnRxDone)
    PCD_ReadPMA                              0x08002949   Thumb Code    30  stm32f0xx_hal_pcd.o(i.PCD_ReadPMA)
    PCD_WritePMA                             0x08002967   Thumb Code    38  stm32f0xx_hal_pcd.o(i.PCD_WritePMA)
    PendSV_Handler                           0x0800298d   Thumb Code     2  stm32f0xx_it.o(i.PendSV_Handler)
    SVC_Handler                              0x08002b8d   Thumb Code     2  stm32f0xx_it.o(i.SVC_Handler)
    SX1276CheckRfFrequency                   0x08002b8f   Thumb Code     4  sx1276-board.o(i.SX1276CheckRfFrequency)
    SX1276GetStatus                          0x08002b95   Thumb Code     6  sx1276.o(i.SX1276GetStatus)
    SX1276GetTimeOnAir                       0x08002ba1   Thumb Code   442  sx1276.o(i.SX1276GetTimeOnAir)
    SX1276Init                               0x08002d85   Thumb Code    68  sx1276.o(i.SX1276Init)
    SX1276IsChannelFree                      0x08002dd1   Thumb Code    58  sx1276.o(i.SX1276IsChannelFree)
    SX1276OnDio0Irq                          0x08002e0d   Thumb Code   492  sx1276.o(i.SX1276OnDio0Irq)
    SX1276OnDio1Irq                          0x08003009   Thumb Code   180  sx1276.o(i.SX1276OnDio1Irq)
    SX1276OnDio2Irq                          0x080030c5   Thumb Code   160  sx1276.o(i.SX1276OnDio2Irq)
    SX1276OnDio3Irq                          0x08003171   Thumb Code    76  sx1276.o(i.SX1276OnDio3Irq)
    SX1276OnDio4Irq                          0x080031c5   Thumb Code    24  sx1276.o(i.SX1276OnDio4Irq)
    SX1276OnDio5Irq                          0x080031e1   Thumb Code     2  sx1276.o(i.SX1276OnDio5Irq)
    SX1276Random                             0x080031e3   Thumb Code    62  sx1276.o(i.SX1276Random)
    SX1276Read                               0x08003221   Thumb Code    16  sx1276.o(i.SX1276Read)
    SX1276ReadBuffer                         0x08003231   Thumb Code    62  sx1276.o(i.SX1276ReadBuffer)
    SX1276ReadFifo                           0x08003275   Thumb Code    14  sx1276.o(i.SX1276ReadFifo)
    SX1276ReadRssi                           0x08003285   Thumb Code    58  sx1276.o(i.SX1276ReadRssi)
    SX1276Reset                              0x080032c9   Thumb Code    42  sx1276.o(i.SX1276Reset)
    SX1276Send                               0x080032f9   Thumb Code   230  sx1276.o(i.SX1276Send)
    SX1276SetAntSw                           0x080033e9   Thumb Code     2  sx1276-board.o(i.SX1276SetAntSw)
    SX1276SetAntSwLowPower                   0x080033eb   Thumb Code     2  sx1276-board.o(i.SX1276SetAntSwLowPower)
    SX1276SetChannel                         0x080033ed   Thumb Code    54  sx1276.o(i.SX1276SetChannel)
    SX1276SetMaxPayloadLength                0x0800342d   Thumb Code    42  sx1276.o(i.SX1276SetMaxPayloadLength)
    SX1276SetModem                           0x0800345d   Thumb Code   106  sx1276.o(i.SX1276SetModem)
    SX1276SetOpMode                          0x080034cd   Thumb Code    46  sx1276.o(i.SX1276SetOpMode)
    SX1276SetPublicNetwork                   0x080034fd   Thumb Code    32  sx1276.o(i.SX1276SetPublicNetwork)
    SX1276SetRfTxPower                       0x08003521   Thumb Code   144  sx1276-board.o(i.SX1276SetRfTxPower)
    SX1276SetRx                              0x080035b1   Thumb Code   418  sx1276.o(i.SX1276SetRx)
    SX1276SetRxConfig                        0x08003775   Thumb Code   628  sx1276.o(i.SX1276SetRxConfig)
    SX1276SetSleep                           0x080039fd   Thumb Code    16  sx1276.o(i.SX1276SetSleep)
    SX1276SetStby                            0x08003a11   Thumb Code    16  sx1276.o(i.SX1276SetStby)
    SX1276SetTx                              0x08003a25   Thumb Code   142  sx1276.o(i.SX1276SetTx)
    SX1276SetTxConfig                        0x08003ab9   Thumb Code   484  sx1276.o(i.SX1276SetTxConfig)
    SX1276SetTxContinuousWave                0x08003ca9   Thumb Code   104  sx1276.o(i.SX1276SetTxContinuousWave)
    SX1276StartCad                           0x08003d15   Thumb Code    50  sx1276.o(i.SX1276StartCad)
    SX1276Write                              0x08003d4d   Thumb Code    12  sx1276.o(i.SX1276Write)
    SX1276WriteBuffer                        0x08003d59   Thumb Code    62  sx1276.o(i.SX1276WriteBuffer)
    SX1276WriteFifo                          0x08003d9d   Thumb Code    14  sx1276.o(i.SX1276WriteFifo)
    SpiInOut                                 0x08003dad   Thumb Code    32  sx1276.o(i.SpiInOut)
    SysTick_Handler                          0x08003dd1   Thumb Code    12  stm32f0xx_it.o(i.SysTick_Handler)
    SystemClock_Config                       0x08003ddd   Thumb Code   110  main.o(i.SystemClock_Config)
    SystemInit                               0x08003e4d   Thumb Code    78  system_stm32f0xx.o(i.SystemInit)
    TxDone                                   0x08003ea9   Thumb Code     8  main.o(i.TxDone)
    UART_AdvFeatureConfig                    0x08003eb5   Thumb Code   202  stm32f0xx_hal_uart.o(i.UART_AdvFeatureConfig)
    UART_CheckIdleState                      0x08003f81   Thumb Code    86  stm32f0xx_hal_uart.o(i.UART_CheckIdleState)
    UART_EndTransmit_IT                      0x08003fe1   Thumb Code    26  stm32f0xx_hal_uart.o(i.UART_EndTransmit_IT)
    UART_Receive_IT                          0x08003ffb   Thumb Code   130  stm32f0xx_hal_uart.o(i.UART_Receive_IT)
    UART_SetConfig                           0x0800407d   Thumb Code   280  stm32f0xx_hal_uart.o(i.UART_SetConfig)
    UART_Transmit_IT                         0x080041ad   Thumb Code   102  stm32f0xx_hal_uart.o(i.UART_Transmit_IT)
    UART_WaitOnFlagUntilTimeout              0x08004213   Thumb Code   178  stm32f0xx_hal_uart.o(i.UART_WaitOnFlagUntilTimeout)
    USART2_IRQHandler                        0x080042c5   Thumb Code    50  stm32f0xx_it.o(i.USART2_IRQHandler)
    USBD_CDC_GetDeviceQualifierDescriptor    0x080043c1   Thumb Code     8  usbd_cdc.o(i.USBD_CDC_GetDeviceQualifierDescriptor)
    USBD_CDC_ReceivePacket                   0x0800447b   Thumb Code    56  usbd_cdc.o(i.USBD_CDC_ReceivePacket)
    USBD_CDC_RegisterInterface               0x080044b3   Thumb Code    20  usbd_cdc.o(i.USBD_CDC_RegisterInterface)
    USBD_CDC_SetRxBuffer                     0x080044c7   Thumb Code    20  usbd_cdc.o(i.USBD_CDC_SetRxBuffer)
    USBD_CDC_SetTxBuffer                     0x080044db   Thumb Code    22  usbd_cdc.o(i.USBD_CDC_SetTxBuffer)
    USBD_CDC_TransmitPacket                  0x08004565   Thumb Code    52  usbd_cdc.o(i.USBD_CDC_TransmitPacket)
    USBD_ClrClassConfig                      0x08004599   Thumb Code    16  usbd_core.o(i.USBD_ClrClassConfig)
    USBD_CtlContinueRx                       0x080045a9   Thumb Code    16  usbd_ioreq.o(i.USBD_CtlContinueRx)
    USBD_CtlContinueSendData                 0x080045b9   Thumb Code    16  usbd_ioreq.o(i.USBD_CtlContinueSendData)
    USBD_CtlError                            0x080045c9   Thumb Code    20  usbd_ctlreq.o(i.USBD_CtlError)
    USBD_CtlPrepareRx                        0x080045dd   Thumb Code    32  usbd_ioreq.o(i.USBD_CtlPrepareRx)
    USBD_CtlReceiveStatus                    0x080045fd   Thumb Code    24  usbd_ioreq.o(i.USBD_CtlReceiveStatus)
    USBD_CtlSendData                         0x08004615   Thumb Code    28  usbd_ioreq.o(i.USBD_CtlSendData)
    USBD_CtlSendStatus                       0x08004631   Thumb Code    24  usbd_ioreq.o(i.USBD_CtlSendStatus)
    USBD_FS_ConfigStrDescriptor              0x08004649   Thumb Code    16  usbd_desc.o(i.USBD_FS_ConfigStrDescriptor)
    USBD_FS_DeviceDescriptor                 0x08004669   Thumb Code     8  usbd_desc.o(i.USBD_FS_DeviceDescriptor)
    USBD_FS_InterfaceStrDescriptor           0x08004675   Thumb Code    16  usbd_desc.o(i.USBD_FS_InterfaceStrDescriptor)
    USBD_FS_LangIDStrDescriptor              0x08004699   Thumb Code     8  usbd_desc.o(i.USBD_FS_LangIDStrDescriptor)
    USBD_FS_ManufacturerStrDescriptor        0x080046a5   Thumb Code    16  usbd_desc.o(i.USBD_FS_ManufacturerStrDescriptor)
    USBD_FS_ProductStrDescriptor             0x080046cd   Thumb Code    16  usbd_desc.o(i.USBD_FS_ProductStrDescriptor)
    USBD_FS_SerialStrDescriptor              0x080046f9   Thumb Code    16  usbd_desc.o(i.USBD_FS_SerialStrDescriptor)
    USBD_GetString                           0x080047fd   Thumb Code    68  usbd_ctlreq.o(i.USBD_GetString)
    USBD_Init                                0x08004841   Thumb Code    50  usbd_core.o(i.USBD_Init)
    USBD_LL_ClearStallEP                     0x08004873   Thumb Code    18  usbd_conf.o(i.USBD_LL_ClearStallEP)
    USBD_LL_CloseEP                          0x08004885   Thumb Code    18  usbd_conf.o(i.USBD_LL_CloseEP)
    USBD_LL_DataInStage                      0x08004897   Thumb Code   182  usbd_core.o(i.USBD_LL_DataInStage)
    USBD_LL_DataOutStage                     0x0800494d   Thumb Code   116  usbd_core.o(i.USBD_LL_DataOutStage)
    USBD_LL_GetRxDataSize                    0x080049c1   Thumb Code    16  usbd_conf.o(i.USBD_LL_GetRxDataSize)
    USBD_LL_Init                             0x080049d1   Thumb Code   122  usbd_conf.o(i.USBD_LL_Init)
    USBD_LL_IsStallEP                        0x08004a59   Thumb Code    36  usbd_conf.o(i.USBD_LL_IsStallEP)
    USBD_LL_OpenEP                           0x08004a7d   Thumb Code    24  usbd_conf.o(i.USBD_LL_OpenEP)
    USBD_LL_PrepareReceive                   0x08004a95   Thumb Code    18  usbd_conf.o(i.USBD_LL_PrepareReceive)
    USBD_LL_Reset                            0x08004aa7   Thumb Code    70  usbd_core.o(i.USBD_LL_Reset)
    USBD_LL_Resume                           0x08004aed   Thumb Code    12  usbd_core.o(i.USBD_LL_Resume)
    USBD_LL_SOF                              0x08004af9   Thumb Code    30  usbd_core.o(i.USBD_LL_SOF)
    USBD_LL_SetSpeed                         0x08004b17   Thumb Code     6  usbd_core.o(i.USBD_LL_SetSpeed)
    USBD_LL_SetUSBAddress                    0x08004b1d   Thumb Code    18  usbd_conf.o(i.USBD_LL_SetUSBAddress)
    USBD_LL_SetupStage                       0x08004b2f   Thumb Code    94  usbd_core.o(i.USBD_LL_SetupStage)
    USBD_LL_StallEP                          0x08004b8d   Thumb Code    18  usbd_conf.o(i.USBD_LL_StallEP)
    USBD_LL_Start                            0x08004b9f   Thumb Code    18  usbd_conf.o(i.USBD_LL_Start)
    USBD_LL_Suspend                          0x08004bb1   Thumb Code    16  usbd_core.o(i.USBD_LL_Suspend)
    USBD_LL_Transmit                         0x08004bc1   Thumb Code    18  usbd_conf.o(i.USBD_LL_Transmit)
    USBD_ParseSetupRequest                   0x08004bd3   Thumb Code    40  usbd_ctlreq.o(i.USBD_ParseSetupRequest)
    USBD_RegisterClass                       0x08004bfb   Thumb Code    22  usbd_core.o(i.USBD_RegisterClass)
    USBD_SetClassConfig                      0x08004c11   Thumb Code    28  usbd_core.o(i.USBD_SetClassConfig)
    USBD_Start                               0x08004c9d   Thumb Code    10  usbd_core.o(i.USBD_Start)
    USBD_StdDevReq                           0x08004ca7   Thumb Code   238  usbd_ctlreq.o(i.USBD_StdDevReq)
    USBD_StdEPReq                            0x08004d95   Thumb Code   234  usbd_ctlreq.o(i.USBD_StdEPReq)
    USBD_StdItfReq                           0x08004e7f   Thumb Code    58  usbd_ctlreq.o(i.USBD_StdItfReq)
    USBD_static_free                         0x08004eb9   Thumb Code     2  usbd_conf.o(i.USBD_static_free)
    USBD_static_malloc                       0x08004ebd   Thumb Code     4  usbd_conf.o(i.USBD_static_malloc)
    USB_IRQHandler                           0x08004ec5   Thumb Code    10  stm32f0xx_it.o(i.USB_IRQHandler)
    __ARM_clz                                0x08004ed5   Thumb Code    46  depilogue.o(i.__ARM_clz)
    __ARM_common_switch8                     0x08004f03   Thumb Code    26  usbd_ctlreq.o(i.__ARM_common_switch8)
    __scatterload_copy                       0x08004f1d   Thumb Code    14  handlers.o(i.__scatterload_copy)
    __scatterload_null                       0x08004f2b   Thumb Code     2  handlers.o(i.__scatterload_null)
    __scatterload_zeroinit                   0x08004f2d   Thumb Code    14  handlers.o(i.__scatterload_zeroinit)
    _crc16_update                            0x08004f3d   Thumb Code    26  bwl_simplserial.o(i._crc16_update)
    ceil                                     0x08004f5d   Thumb Code   180  ceil.o(i.ceil)
    floor                                    0x08005025   Thumb Code   180  floor.o(i.floor)
    main                                     0x080050ed   Thumb Code    94  main.o(i.main)
    round                                    0x08005161   Thumb Code   142  round.o(i.round)
    sserial_poll_uart                        0x080051fd   Thumb Code   224  bwl_simplserial.o(i.sserial_poll_uart)
    sserial_process_request                  0x08005451   Thumb Code    22  main.o(i.sserial_process_request)
    sserial_send_end                         0x08005471   Thumb Code    16  main.o(i.sserial_send_end)
    sserial_send_response                    0x08005481   Thumb Code   156  bwl_simplserial.o(i.sserial_send_response)
    sserial_send_start                       0x08005525   Thumb Code    16  main.o(i.sserial_send_start)
    uart_get                                 0x08005561   Thumb Code     6  stm32f0xx_it.o(i.uart_get)
    uart_received                            0x0800556d   Thumb Code     4  stm32f0xx_it.o(i.uart_received)
    uart_send                                0x08005571   Thumb Code    32  stm32f0xx_it.o(i.uart_send)
    var_delay_ms                             0x08005599   Thumb Code     8  main.o(i.var_delay_ms)
    AHBPrescTable                            0x080055a0   Data          16  system_stm32f0xx.o(.constdata)
    APBPrescTable                            0x080055b0   Data           8  system_stm32f0xx.o(.constdata)
    FskBandwidths                            0x080055b8   Data         176  sx1276.o(.constdata)
    Radio                                    0x08005668   Data          92  sx1276-board.o(.constdata)
    Region$$Table$$Base                      0x080056c4   Number         0  anon$$obj.o(Region$$Table)
    Region$$Table$$Limit                     0x080056e4   Number         0  anon$$obj.o(Region$$Table)
    USBD_CDC_CfgHSDesc                       0x20000014   Data          67  usbd_cdc.o(.data)
    USBD_CDC_CfgFSDesc                       0x20000058   Data          67  usbd_cdc.o(.data)
    USBD_CDC_OtherSpeedCfgDesc               0x2000009c   Data          67  usbd_cdc.o(.data)
    USBD_CDC                                 0x200000e0   Data          56  usbd_cdc.o(.data)
    uwTick                                   0x20000118   Data           4  stm32f0xx_hal.o(.data)
    SystemCoreClock                          0x2000011c   Data           4  system_stm32f0xx.o(.data)
    FS_Desc                                  0x20000120   Data          28  usbd_desc.o(.data)
    USBD_LangIDDesc                          0x2000013c   Data           4  usbd_desc.o(.data)
    USBD_FS_DeviceDesc                       0x20000140   Data          18  usbd_desc.o(.data)
    USBD_Interface_fops_FS                   0x20000154   Data          16  usbd_cdc_if.o(.data)
    UserRxBufferFS                           0x20000164   Data           4  usbd_cdc_if.o(.data)
    UserTxBufferFS                           0x20000168   Data           4  usbd_cdc_if.o(.data)
    dataByte                                 0x2000016c   Data           1  stm32f0xx_it.o(.data)
    RadioRegsInit                            0x20000174   Data          51  sx1276.o(.data)
    sserial_portindex                        0x200001a8   Data           1  bwl_simplserial.o(.data)
    sserial_buffer_overflow                  0x200001aa   Data           1  bwl_simplserial.o(.data)
    sserial_crc16                            0x200001ae   Data           2  bwl_simplserial.o(.data)
    sserial_buffer_pointer                   0x200001b0   Data           4  bwl_simplserial.o(.data)
    USBD_StrDesc                             0x200001b4   Data         512  usbd_desc.o(.bss)
    hUsbDeviceFS                             0x200003b4   Data         548  usb_device.o(.bss)
    hpcd_USB_FS                              0x200007f8   Data         544  usbd_conf.o(.bss)
    hspi2                                    0x20000a34   Data         100  main.o(.bss)
    huart2                                   0x20000a98   Data         112  main.o(.bss)
    SX1276                                   0x20000c08   Data         100  sx1276.o(.bss)
    sserial_buffer                           0x20000cac   Data         264  bwl_simplserial.o(.bss)
    sserial_response                         0x20000db4   Data         264  bwl_simplserial.o(.bss)
    sserial_request                          0x20000ebc   Data         264  bwl_simplserial.o(.bss)
    __initial_sp                             0x200017c8   Data           0  startup_stm32f042x6.o(STACK)



==============================================================================

Memory Map of the image

  Image Entry point : 0x080000c1

  Load Region LR_IROM1 (Base: 0x08000000, Size: 0x00005898, Max: 0x00008000, ABSOLUTE, COMPRESSED[0x000057d4])

    Execution Region ER_IROM1 (Base: 0x08000000, Size: 0x000056e4, Max: 0x00008000, ABSOLUTE)

    Base Addr    Size         Type   Attr      Idx    E Section Name        Object

    0x08000000   0x000000c0   Data   RO            3    RESET               startup_stm32f042x6.o
    0x080000c0   0x00000000   Code   RO         3755  * .ARM.Collect$$$$00000000  mc_p.l(entry.o)
    0x080000c0   0x00000004   Code   RO         3786    .ARM.Collect$$$$00000001  mc_p.l(entry2.o)
    0x080000c4   0x00000004   Code   RO         3789    .ARM.Collect$$$$00000004  mc_p.l(entry5.o)
    0x080000c8   0x00000000   Code   RO         3791    .ARM.Collect$$$$00000008  mc_p.l(entry7b.o)
    0x080000c8   0x00000000   Code   RO         3793    .ARM.Collect$$$$0000000A  mc_p.l(entry8b.o)
    0x080000c8   0x00000008   Code   RO         3794    .ARM.Collect$$$$0000000B  mc_p.l(entry9a.o)
    0x080000d0   0x00000000   Code   RO         3796    .ARM.Collect$$$$0000000D  mc_p.l(entry10a.o)
    0x080000d0   0x00000000   Code   RO         3798    .ARM.Collect$$$$0000000F  mc_p.l(entry11a.o)
    0x080000d0   0x00000004   Code   RO         3787    .ARM.Collect$$$$00002712  mc_p.l(entry2.o)
    0x080000d4   0x00000058   Code   RO            4    .text               startup_stm32f042x6.o
    0x0800012c   0x0000002c   Code   RO         3758    .text               mc_p.l(uidiv.o)
    0x08000158   0x00000022   Code   RO         3760    .text               mc_p.l(llushr.o)
    0x0800017a   0x00000024   Code   RO         3762    .text               mc_p.l(memcpya.o)
    0x0800019e   0x00000024   Code   RO         3764    .text               mc_p.l(memseta.o)
    0x080001c2   0x00000002   PAD
    0x080001c4   0x00000164   Code   RO         3768    .text               mf_p.l(dadd.o)
    0x08000328   0x000000d0   Code   RO         3770    .text               mf_p.l(dmul.o)
    0x080003f8   0x000000f0   Code   RO         3772    .text               mf_p.l(ddiv.o)
    0x080004e8   0x0000002c   Code   RO         3774    .text               mf_p.l(dscalb.o)
    0x08000514   0x00000028   Code   RO         3776    .text               mf_p.l(dflti.o)
    0x0800053c   0x0000001c   Code   RO         3778    .text               mf_p.l(dfltui.o)
    0x08000558   0x00000048   Code   RO         3780    .text               mf_p.l(dfixi.o)
    0x080005a0   0x0000003c   Code   RO         3782    .text               mf_p.l(dfixui.o)
    0x080005dc   0x00000028   Code   RO         3784    .text               mf_p.l(cdrcmple.o)
    0x08000604   0x00000020   Code   RO         3800    .text               mc_p.l(llshl.o)
    0x08000624   0x00000026   Code   RO         3802    .text               mc_p.l(llsshr.o)
    0x0800064a   0x00000000   Code   RO         3804    .text               mc_p.l(iusefp.o)
    0x0800064a   0x000000be   Code   RO         3805    .text               mf_p.l(depilogue.o)
    0x08000708   0x0000007c   Code   RO         3809    .text               mf_p.l(drnd.o)
    0x08000784   0x00000028   Code   RO         3811    .text               mf_p.l(cdcmple.o)
    0x080007ac   0x00000024   Code   RO         3813    .text               mc_p.l(init.o)
    0x080007d0   0x00000056   Code   RO         3823    .text               mc_p.l(__dczerorl2.o)
    0x08000826   0x00000004   Code   RO         3058    i.CDC_Control_FS    usbd_cdc_if.o
    0x0800082a   0x00000004   Code   RO         3059    i.CDC_DeInit_FS     usbd_cdc_if.o
    0x0800082e   0x00000002   PAD
    0x08000830   0x00000024   Code   RO         3060    i.CDC_Init_FS       usbd_cdc_if.o
    0x08000854   0x00000054   Code   RO         3061    i.CDC_Receive_FS    usbd_cdc_if.o
    0x080008a8   0x00000030   Code   RO         3062    i.CDC_Transmit_FS   usbd_cdc_if.o
    0x080008d8   0x0000002c   Code   RO         3106    i.EXTI0_1_IRQHandler  stm32f0xx_it.o
    0x08000904   0x0000002c   Code   RO         3107    i.EXTI2_3_IRQHandler  stm32f0xx_it.o
    0x08000930   0x0000002c   Code   RO         3108    i.EXTI4_15_IRQHandler  stm32f0xx_it.o
    0x0800095c   0x00000002   Code   RO         3226    i.Error_Handler     main.o
    0x0800095e   0x00000002   PAD
    0x08000960   0x0000002c   Code   RO         3370    i.GetFskBandwidthRegValue  sx1276.o
    0x0800098c   0x00000016   Code   RO         2609    i.HAL_Delay         stm32f0xx_hal.o
    0x080009a2   0x00000002   Code   RO          962    i.HAL_GPIO_EXTI_Callback  stm32f0xx_hal_gpio.o
    0x080009a4   0x00000018   Code   RO          963    i.HAL_GPIO_EXTI_IRQHandler  stm32f0xx_hal_gpio.o
    0x080009bc   0x0000013c   Code   RO          964    i.HAL_GPIO_Init     stm32f0xx_hal_gpio.o
    0x08000af8   0x0000000c   Code   RO          968    i.HAL_GPIO_WritePin  stm32f0xx_hal_gpio.o
    0x08000b04   0x0000000c   Code   RO         2613    i.HAL_GetTick       stm32f0xx_hal.o
    0x08000b10   0x00000010   Code   RO         2614    i.HAL_IncTick       stm32f0xx_hal.o
    0x08000b20   0x00000020   Code   RO         2615    i.HAL_Init          stm32f0xx_hal.o
    0x08000b40   0x00000022   Code   RO         2616    i.HAL_InitTick      stm32f0xx_hal.o
    0x08000b62   0x00000002   PAD
    0x08000b64   0x00000038   Code   RO         3326    i.HAL_MspInit       stm32f0xx_hal_msp.o
    0x08000b9c   0x00000014   Code   RO         2018    i.HAL_NVIC_EnableIRQ  stm32f0xx_hal_cortex.o
    0x08000bb0   0x00000008   Code   RO         2022    i.HAL_NVIC_SetPriority  stm32f0xx_hal_cortex.o
    0x08000bb8   0x0000003a   Code   RO         1996    i.HAL_PCDEx_PMAConfig  stm32f0xx_hal_pcd_ex.o
    0x08000bf2   0x00000018   Code   RO         2857    i.HAL_PCD_DataInStageCallback  usbd_conf.o
    0x08000c0a   0x0000001c   Code   RO         2858    i.HAL_PCD_DataOutStageCallback  usbd_conf.o
    0x08000c26   0x00000002   PAD
    0x08000c28   0x00000168   Code   RO         1785    i.HAL_PCD_EP_Close  stm32f0xx_hal_pcd.o
    0x08000d90   0x000000b4   Code   RO         1786    i.HAL_PCD_EP_ClrStall  stm32f0xx_hal_pcd.o
    0x08000e44   0x00000014   Code   RO         1788    i.HAL_PCD_EP_GetRxCount  stm32f0xx_hal_pcd.o
    0x08000e58   0x000002a4   Code   RO         1789    i.HAL_PCD_EP_Open   stm32f0xx_hal_pcd.o
    0x080010fc   0x00000138   Code   RO         1790    i.HAL_PCD_EP_Receive  stm32f0xx_hal_pcd.o
    0x08001234   0x00000094   Code   RO         1791    i.HAL_PCD_EP_SetStall  stm32f0xx_hal_pcd.o
    0x080012c8   0x0000018c   Code   RO         1792    i.HAL_PCD_EP_Transmit  stm32f0xx_hal_pcd.o
    0x08001454   0x0000010c   Code   RO         1794    i.HAL_PCD_IRQHandler  stm32f0xx_hal_pcd.o
    0x08001560   0x0000009a   Code   RO         1797    i.HAL_PCD_Init      stm32f0xx_hal_pcd.o
    0x080015fa   0x00000002   PAD
    0x080015fc   0x00000038   Code   RO         2863    i.HAL_PCD_MspInit   usbd_conf.o
    0x08001634   0x00000018   Code   RO         2864    i.HAL_PCD_ResetCallback  usbd_conf.o
    0x0800164c   0x0000002c   Code   RO         2865    i.HAL_PCD_ResumeCallback  usbd_conf.o
    0x08001678   0x00000010   Code   RO         2866    i.HAL_PCD_SOFCallback  usbd_conf.o
    0x08001688   0x0000002c   Code   RO         1803    i.HAL_PCD_SetAddress  stm32f0xx_hal_pcd.o
    0x080016b4   0x00000016   Code   RO         2867    i.HAL_PCD_SetupStageCallback  usbd_conf.o
    0x080016ca   0x00000012   Code   RO         1805    i.HAL_PCD_Start     stm32f0xx_hal_pcd.o
    0x080016dc   0x00000028   Code   RO         2868    i.HAL_PCD_SuspendCallback  usbd_conf.o
    0x08001704   0x0000010c   Code   RO         1140    i.HAL_RCCEx_PeriphCLKConfig  stm32f0xx_hal_rcc_ex.o
    0x08001810   0x00000154   Code   RO         1038    i.HAL_RCC_ClockConfig  stm32f0xx_hal_rcc.o
    0x08001964   0x0000000c   Code   RO         1043    i.HAL_RCC_GetHCLKFreq  stm32f0xx_hal_rcc.o
    0x08001970   0x00000020   Code   RO         1045    i.HAL_RCC_GetPCLK1Freq  stm32f0xx_hal_rcc.o
    0x08001990   0x00000088   Code   RO         1046    i.HAL_RCC_GetSysClockFreq  stm32f0xx_hal_rcc.o
    0x08001a18   0x000003d8   Code   RO         1049    i.HAL_RCC_OscConfig  stm32f0xx_hal_rcc.o
    0x08001df0   0x00000090   Code   RO         1632    i.HAL_RS485Ex_Init  stm32f0xx_hal_uart_ex.o
    0x08001e80   0x000000d0   Code   RO          601    i.HAL_SPI_Init      stm32f0xx_hal_spi.o
    0x08001f50   0x00000060   Code   RO         3328    i.HAL_SPI_MspInit   stm32f0xx_hal_msp.o
    0x08001fb0   0x000002d0   Code   RO          610    i.HAL_SPI_TransmitReceive  stm32f0xx_hal_spi.o
    0x08002280   0x00000018   Code   RO         2024    i.HAL_SYSTICK_CLKSourceConfig  stm32f0xx_hal_cortex.o
    0x08002298   0x00000002   Code   RO         2025    i.HAL_SYSTICK_Callback  stm32f0xx_hal_cortex.o
    0x0800229a   0x00000002   PAD
    0x0800229c   0x00000030   Code   RO         2026    i.HAL_SYSTICK_Config  stm32f0xx_hal_cortex.o
    0x080022cc   0x00000008   Code   RO         2027    i.HAL_SYSTICK_IRQHandler  stm32f0xx_hal_cortex.o
    0x080022d4   0x00000002   Code   RO         1636    i.HAL_UARTEx_WakeupCallback  stm32f0xx_hal_uart_ex.o
    0x080022d6   0x00000002   Code   RO         1226    i.HAL_UART_ErrorCallback  stm32f0xx_hal_uart.o
    0x080022d8   0x000000d8   Code   RO         1229    i.HAL_UART_IRQHandler  stm32f0xx_hal_uart.o
    0x080023b0   0x00000068   Code   RO         3330    i.HAL_UART_MspInit  stm32f0xx_hal_msp.o
    0x08002418   0x00000002   Code   RO         1236    i.HAL_UART_RxCpltCallback  stm32f0xx_hal_uart.o
    0x0800241a   0x00000002   Code   RO         1241    i.HAL_UART_TxCpltCallback  stm32f0xx_hal_uart.o
    0x0800241c   0x00000002   Code   RO         3109    i.HardFault_Handler  stm32f0xx_it.o
    0x0800241e   0x00000002   PAD
    0x08002420   0x000000b8   Code   RO         3227    i.MX_GPIO_Init      main.o
    0x080024d8   0x0000004c   Code   RO         3228    i.MX_SPI2_Init      main.o
    0x08002524   0x00000040   Code   RO         3229    i.MX_USART2_UART_Init  main.o
    0x08002564   0x00000034   Code   RO         2821    i.MX_USB_DEVICE_Init  usb_device.o
    0x08002598   0x00000002   Code   RO         3110    i.NMI_Handler       stm32f0xx_it.o
    0x0800259a   0x00000002   PAD
    0x0800259c   0x00000044   Code   RO         2028    i.NVIC_SetPriority  stm32f0xx_hal_cortex.o
    0x080025e0   0x00000030   Code   RO         3230    i.OnRxDone          main.o
    0x08002610   0x00000338   Code   RO         1808    i.PCD_EP_ISR_Handler  stm32f0xx_hal_pcd.o
    0x08002948   0x0000001e   Code   RO         1809    i.PCD_ReadPMA       stm32f0xx_hal_pcd.o
    0x08002966   0x00000026   Code   RO         1810    i.PCD_WritePMA      stm32f0xx_hal_pcd.o
    0x0800298c   0x00000002   Code   RO         3111    i.PendSV_Handler    stm32f0xx_it.o
    0x0800298e   0x00000002   PAD
    0x08002990   0x00000094   Code   RO         3371    i.RxChainCalibration  sx1276.o
    0x08002a24   0x00000032   Code   RO          636    i.SPI_EndRxTxTransaction  stm32f0xx_hal_spi.o
    0x08002a56   0x00000002   PAD
    0x08002a58   0x000000a4   Code   RO          643    i.SPI_WaitFifoStateUntilTimeout  stm32f0xx_hal_spi.o
    0x08002afc   0x00000090   Code   RO          644    i.SPI_WaitFlagStateUntilTimeout  stm32f0xx_hal_spi.o
    0x08002b8c   0x00000002   Code   RO         3112    i.SVC_Handler       stm32f0xx_it.o
    0x08002b8e   0x00000004   Code   RO         3614    i.SX1276CheckRfFrequency  sx1276-board.o
    0x08002b92   0x00000002   PAD
    0x08002b94   0x0000000c   Code   RO         3372    i.SX1276GetStatus   sx1276.o
    0x08002ba0   0x000001e4   Code   RO         3373    i.SX1276GetTimeOnAir  sx1276.o
    0x08002d84   0x0000004c   Code   RO         3374    i.SX1276Init        sx1276.o
    0x08002dd0   0x0000003a   Code   RO         3375    i.SX1276IsChannelFree  sx1276.o
    0x08002e0a   0x00000002   PAD
    0x08002e0c   0x000001fc   Code   RO         3376    i.SX1276OnDio0Irq   sx1276.o
    0x08003008   0x000000bc   Code   RO         3377    i.SX1276OnDio1Irq   sx1276.o
    0x080030c4   0x000000ac   Code   RO         3378    i.SX1276OnDio2Irq   sx1276.o
    0x08003170   0x00000054   Code   RO         3379    i.SX1276OnDio3Irq   sx1276.o
    0x080031c4   0x0000001c   Code   RO         3380    i.SX1276OnDio4Irq   sx1276.o
    0x080031e0   0x00000002   Code   RO         3381    i.SX1276OnDio5Irq   sx1276.o
    0x080031e2   0x0000003e   Code   RO         3383    i.SX1276Random      sx1276.o
    0x08003220   0x00000010   Code   RO         3384    i.SX1276Read        sx1276.o
    0x08003230   0x00000044   Code   RO         3385    i.SX1276ReadBuffer  sx1276.o
    0x08003274   0x0000000e   Code   RO         3386    i.SX1276ReadFifo    sx1276.o
    0x08003282   0x00000002   PAD
    0x08003284   0x00000044   Code   RO         3387    i.SX1276ReadRssi    sx1276.o
    0x080032c8   0x00000030   Code   RO         3388    i.SX1276Reset       sx1276.o
    0x080032f8   0x000000f0   Code   RO         3389    i.SX1276Send        sx1276.o
    0x080033e8   0x00000002   Code   RO         3619    i.SX1276SetAntSw    sx1276-board.o
    0x080033ea   0x00000002   Code   RO         3620    i.SX1276SetAntSwLowPower  sx1276-board.o
    0x080033ec   0x00000040   Code   RO         3390    i.SX1276SetChannel  sx1276.o
    0x0800342c   0x00000030   Code   RO         3391    i.SX1276SetMaxPayloadLength  sx1276.o
    0x0800345c   0x00000070   Code   RO         3392    i.SX1276SetModem    sx1276.o
    0x080034cc   0x0000002e   Code   RO         3393    i.SX1276SetOpMode   sx1276.o
    0x080034fa   0x00000002   PAD
    0x080034fc   0x00000024   Code   RO         3394    i.SX1276SetPublicNetwork  sx1276.o
    0x08003520   0x00000090   Code   RO         3621    i.SX1276SetRfTxPower  sx1276-board.o
    0x080035b0   0x000001c4   Code   RO         3395    i.SX1276SetRx       sx1276.o
    0x08003774   0x00000288   Code   RO         3396    i.SX1276SetRxConfig  sx1276.o
    0x080039fc   0x00000014   Code   RO         3397    i.SX1276SetSleep    sx1276.o
    0x08003a10   0x00000014   Code   RO         3398    i.SX1276SetStby     sx1276.o
    0x08003a24   0x00000094   Code   RO         3399    i.SX1276SetTx       sx1276.o
    0x08003ab8   0x000001f0   Code   RO         3400    i.SX1276SetTxConfig  sx1276.o
    0x08003ca8   0x0000006c   Code   RO         3401    i.SX1276SetTxContinuousWave  sx1276.o
    0x08003d14   0x00000038   Code   RO         3402    i.SX1276StartCad    sx1276.o
    0x08003d4c   0x0000000c   Code   RO         3403    i.SX1276Write       sx1276.o
    0x08003d58   0x00000044   Code   RO         3404    i.SX1276WriteBuffer  sx1276.o
    0x08003d9c   0x0000000e   Code   RO         3405    i.SX1276WriteFifo   sx1276.o
    0x08003daa   0x00000002   PAD
    0x08003dac   0x00000024   Code   RO         3406    i.SpiInOut          sx1276.o
    0x08003dd0   0x0000000c   Code   RO         3113    i.SysTick_Handler   stm32f0xx_it.o
    0x08003ddc   0x0000006e   Code   RO         3231    i.SystemClock_Config  main.o
    0x08003e4a   0x00000002   PAD
    0x08003e4c   0x0000005c   Code   RO         2724    i.SystemInit        system_stm32f0xx.o
    0x08003ea8   0x0000000c   Code   RO         3233    i.TxDone            main.o
    0x08003eb4   0x000000ca   Code   RO         1243    i.UART_AdvFeatureConfig  stm32f0xx_hal_uart.o
    0x08003f7e   0x00000002   PAD
    0x08003f80   0x00000060   Code   RO         1244    i.UART_CheckIdleState  stm32f0xx_hal_uart.o
    0x08003fe0   0x0000001a   Code   RO         1250    i.UART_EndTransmit_IT  stm32f0xx_hal_uart.o
    0x08003ffa   0x00000082   Code   RO         1251    i.UART_Receive_IT   stm32f0xx_hal_uart.o
    0x0800407c   0x00000130   Code   RO         1252    i.UART_SetConfig    stm32f0xx_hal_uart.o
    0x080041ac   0x00000066   Code   RO         1253    i.UART_Transmit_IT  stm32f0xx_hal_uart.o
    0x08004212   0x000000b2   Code   RO         1254    i.UART_WaitOnFlagUntilTimeout  stm32f0xx_hal_uart.o
    0x080042c4   0x00000044   Code   RO         3114    i.USART2_IRQHandler  stm32f0xx_it.o
    0x08004308   0x0000001e   Code   RO          388    i.USBD_CDC_DataIn   usbd_cdc.o
    0x08004326   0x00000034   Code   RO          389    i.USBD_CDC_DataOut  usbd_cdc.o
    0x0800435a   0x0000003c   Code   RO          390    i.USBD_CDC_DeInit   usbd_cdc.o
    0x08004396   0x00000028   Code   RO          391    i.USBD_CDC_EP0_RxReady  usbd_cdc.o
    0x080043be   0x00000002   PAD
    0x080043c0   0x0000000c   Code   RO          392    i.USBD_CDC_GetDeviceQualifierDescriptor  usbd_cdc.o
    0x080043cc   0x0000000c   Code   RO          393    i.USBD_CDC_GetFSCfgDesc  usbd_cdc.o
    0x080043d8   0x0000000c   Code   RO          394    i.USBD_CDC_GetHSCfgDesc  usbd_cdc.o
    0x080043e4   0x0000000c   Code   RO          395    i.USBD_CDC_GetOtherSpeedCfgDesc  usbd_cdc.o
    0x080043f0   0x0000008a   Code   RO          396    i.USBD_CDC_Init     usbd_cdc.o
    0x0800447a   0x00000038   Code   RO          397    i.USBD_CDC_ReceivePacket  usbd_cdc.o
    0x080044b2   0x00000014   Code   RO          398    i.USBD_CDC_RegisterInterface  usbd_cdc.o
    0x080044c6   0x00000014   Code   RO          399    i.USBD_CDC_SetRxBuffer  usbd_cdc.o
    0x080044da   0x00000016   Code   RO          400    i.USBD_CDC_SetTxBuffer  usbd_cdc.o
    0x080044f0   0x00000074   Code   RO          401    i.USBD_CDC_Setup    usbd_cdc.o
    0x08004564   0x00000034   Code   RO          402    i.USBD_CDC_TransmitPacket  usbd_cdc.o
    0x08004598   0x00000010   Code   RO          198    i.USBD_ClrClassConfig  usbd_core.o
    0x080045a8   0x00000010   Code   RO          332    i.USBD_CtlContinueRx  usbd_ioreq.o
    0x080045b8   0x00000010   Code   RO          333    i.USBD_CtlContinueSendData  usbd_ioreq.o
    0x080045c8   0x00000014   Code   RO           12    i.USBD_CtlError     usbd_ctlreq.o
    0x080045dc   0x00000020   Code   RO          334    i.USBD_CtlPrepareRx  usbd_ioreq.o
    0x080045fc   0x00000018   Code   RO          335    i.USBD_CtlReceiveStatus  usbd_ioreq.o
    0x08004614   0x0000001c   Code   RO          336    i.USBD_CtlSendData  usbd_ioreq.o
    0x08004630   0x00000018   Code   RO          337    i.USBD_CtlSendStatus  usbd_ioreq.o
    0x08004648   0x00000020   Code   RO         2757    i.USBD_FS_ConfigStrDescriptor  usbd_desc.o
    0x08004668   0x0000000c   Code   RO         2758    i.USBD_FS_DeviceDescriptor  usbd_desc.o
    0x08004674   0x00000024   Code   RO         2759    i.USBD_FS_InterfaceStrDescriptor  usbd_desc.o
    0x08004698   0x0000000c   Code   RO         2760    i.USBD_FS_LangIDStrDescriptor  usbd_desc.o
    0x080046a4   0x00000028   Code   RO         2761    i.USBD_FS_ManufacturerStrDescriptor  usbd_desc.o
    0x080046cc   0x0000002c   Code   RO         2762    i.USBD_FS_ProductStrDescriptor  usbd_desc.o
    0x080046f8   0x00000024   Code   RO         2763    i.USBD_FS_SerialStrDescriptor  usbd_desc.o
    0x0800471c   0x000000e0   Code   RO           13    i.USBD_GetDescriptor  usbd_ctlreq.o
    0x080047fc   0x00000044   Code   RO           14    i.USBD_GetString    usbd_ctlreq.o
    0x08004840   0x00000032   Code   RO          200    i.USBD_Init         usbd_core.o
    0x08004872   0x00000012   Code   RO         2869    i.USBD_LL_ClearStallEP  usbd_conf.o
    0x08004884   0x00000012   Code   RO         2870    i.USBD_LL_CloseEP   usbd_conf.o
    0x08004896   0x000000b6   Code   RO          201    i.USBD_LL_DataInStage  usbd_core.o
    0x0800494c   0x00000074   Code   RO          202    i.USBD_LL_DataOutStage  usbd_core.o
    0x080049c0   0x00000010   Code   RO         2874    i.USBD_LL_GetRxDataSize  usbd_conf.o
    0x080049d0   0x00000088   Code   RO         2875    i.USBD_LL_Init      usbd_conf.o
    0x08004a58   0x00000024   Code   RO         2876    i.USBD_LL_IsStallEP  usbd_conf.o
    0x08004a7c   0x00000018   Code   RO         2877    i.USBD_LL_OpenEP    usbd_conf.o
    0x08004a94   0x00000012   Code   RO         2878    i.USBD_LL_PrepareReceive  usbd_conf.o
    0x08004aa6   0x00000046   Code   RO          207    i.USBD_LL_Reset     usbd_core.o
    0x08004aec   0x0000000c   Code   RO          208    i.USBD_LL_Resume    usbd_core.o
    0x08004af8   0x0000001e   Code   RO          209    i.USBD_LL_SOF       usbd_core.o
    0x08004b16   0x00000006   Code   RO          210    i.USBD_LL_SetSpeed  usbd_core.o
    0x08004b1c   0x00000012   Code   RO         2879    i.USBD_LL_SetUSBAddress  usbd_conf.o
    0x08004b2e   0x0000005e   Code   RO          211    i.USBD_LL_SetupStage  usbd_core.o
    0x08004b8c   0x00000012   Code   RO         2880    i.USBD_LL_StallEP   usbd_conf.o
    0x08004b9e   0x00000012   Code   RO         2881    i.USBD_LL_Start     usbd_conf.o
    0x08004bb0   0x00000010   Code   RO          212    i.USBD_LL_Suspend   usbd_core.o
    0x08004bc0   0x00000012   Code   RO         2883    i.USBD_LL_Transmit  usbd_conf.o
    0x08004bd2   0x00000028   Code   RO           15    i.USBD_ParseSetupRequest  usbd_ctlreq.o
    0x08004bfa   0x00000016   Code   RO          213    i.USBD_RegisterClass  usbd_core.o
    0x08004c10   0x0000001c   Code   RO          215    i.USBD_SetClassConfig  usbd_core.o
    0x08004c2c   0x00000070   Code   RO           16    i.USBD_SetConfig    usbd_ctlreq.o
    0x08004c9c   0x0000000a   Code   RO          216    i.USBD_Start        usbd_core.o
    0x08004ca6   0x000000ee   Code   RO           17    i.USBD_StdDevReq    usbd_ctlreq.o
    0x08004d94   0x000000ea   Code   RO           18    i.USBD_StdEPReq     usbd_ctlreq.o
    0x08004e7e   0x0000003a   Code   RO           19    i.USBD_StdItfReq    usbd_ctlreq.o
    0x08004eb8   0x00000002   Code   RO         2884    i.USBD_static_free  usbd_conf.o
    0x08004eba   0x00000002   PAD
    0x08004ebc   0x00000008   Code   RO         2885    i.USBD_static_malloc  usbd_conf.o
    0x08004ec4   0x00000010   Code   RO         3115    i.USB_IRQHandler    stm32f0xx_it.o
    0x08004ed4   0x0000002e   Code   RO         3807    i.__ARM_clz         mf_p.l(depilogue.o)
    0x08004f02   0x0000001a   Code   RO           67    i.__ARM_common_switch8  usbd_ctlreq.o
    0x08004f1c   0x0000000e   Code   RO         3817    i.__scatterload_copy  mc_p.l(handlers.o)
    0x08004f2a   0x00000002   Code   RO         3818    i.__scatterload_null  mc_p.l(handlers.o)
    0x08004f2c   0x0000000e   Code   RO         3819    i.__scatterload_zeroinit  mc_p.l(handlers.o)
    0x08004f3a   0x00000002   PAD
    0x08004f3c   0x00000020   Code   RO         3691    i._crc16_update     bwl_simplserial.o
    0x08004f5c   0x000000c8   Code   RO         3746    i.ceil              m_ps.l(ceil.o)
    0x08005024   0x000000c8   Code   RO         3750    i.floor             m_ps.l(floor.o)
    0x080050ec   0x00000074   Code   RO         3234    i.main              main.o
    0x08005160   0x0000009c   Code   RO         3753    i.round             m_ps.l(round.o)
    0x080051fc   0x000000f0   Code   RO         3693    i.sserial_poll_uart  bwl_simplserial.o
    0x080052ec   0x00000164   Code   RO         3694    i.sserial_process_internal  bwl_simplserial.o
    0x08005450   0x00000020   Code   RO         3235    i.sserial_process_request  main.o
    0x08005470   0x00000010   Code   RO         3236    i.sserial_send_end  main.o
    0x08005480   0x000000a4   Code   RO         3695    i.sserial_send_response  bwl_simplserial.o
    0x08005524   0x00000010   Code   RO         3237    i.sserial_send_start  main.o
    0x08005534   0x0000002c   Code   RO         3696    i.sserial_sendbyte  bwl_simplserial.o
    0x08005560   0x0000000c   Code   RO         3116    i.uart_get          stm32f0xx_it.o
    0x0800556c   0x00000004   Code   RO         3117    i.uart_received     stm32f0xx_it.o
    0x08005570   0x00000028   Code   RO         3118    i.uart_send         stm32f0xx_it.o
    0x08005598   0x00000008   Code   RO         3238    i.var_delay_ms      main.o
    0x080055a0   0x00000010   Data   RO         2725    .constdata          system_stm32f0xx.o
    0x080055b0   0x00000008   Data   RO         2726    .constdata          system_stm32f0xx.o
    0x080055b8   0x000000b0   Data   RO         3408    .constdata          sx1276.o
    0x08005668   0x0000005c   Data   RO         3622    .constdata          sx1276-board.o
    0x080056c4   0x00000020   Data   RO         3815    Region$$Table       anon$$obj.o


    Execution Region RW_IRAM1 (Base: 0x20000000, Size: 0x000017c8, Max: 0x00001800, ABSOLUTE, COMPRESSED[0x000000f0])

    Base Addr    Size         Type   Attr      Idx    E Section Name        Object

    0x20000000   0x00000001   Data   RW           20    .data               usbd_ctlreq.o
    0x20000001   0x00000003   PAD
    0x20000004   0x000000db   Data   RW          403    .data               usbd_cdc.o
    0x200000df   0x00000001   PAD
    0x200000e0   0x00000038   Data   RW          404    .data               usbd_cdc.o
    0x20000118   0x00000004   Data   RW         2621    .data               stm32f0xx_hal.o
    0x2000011c   0x00000004   Data   RW         2727    .data               system_stm32f0xx.o
    0x20000120   0x0000001c   Data   RW         2765    .data               usbd_desc.o
    0x2000013c   0x00000016   Data   RW         2766    .data               usbd_desc.o
    0x20000152   0x00000002   PAD
    0x20000154   0x00000010   Data   RW         3063    .data               usbd_cdc_if.o
    0x20000164   0x00000008   Data   RW         3064    .data               usbd_cdc_if.o
    0x2000016c   0x00000001   Data   RW         3120    .data               stm32f0xx_it.o
    0x2000016d   0x00000003   PAD
    0x20000170   0x00000037   Data   RW         3409    .data               sx1276.o
    0x200001a7   0x00000001   PAD
    0x200001a8   0x0000000c   Data   RW         3700    .data               bwl_simplserial.o
    0x200001b4   0x00000200   Zero   RW         2764    .bss                usbd_desc.o
    0x200003b4   0x00000224   Zero   RW         2822    .bss                usb_device.o
    0x200005d8   0x00000440   Zero   RW         2886    .bss                usbd_conf.o
    0x20000a18   0x000000f0   Zero   RW         3239    .bss                main.o
    0x20000b08   0x00000164   Zero   RW         3407    .bss                sx1276.o
    0x20000c6c   0x00000358   Zero   RW         3698    .bss                bwl_simplserial.o
    0x20000fc4   0x00000004   PAD
    0x20000fc8   0x00000800   Zero   RW            1    STACK               startup_stm32f042x6.o


==============================================================================

Image component sizes


      Code (inc. data)   RO Data    RW Data    ZI Data      Debug   Object Name

       836         62          0         12        856       6484   bwl_simplserial.o
       684         76          0          0        240       6716   main.o
        88         38        192          0       2048        636   startup_stm32f042x6.o
       116         18          0          4          0       3527   stm32f0xx_hal.o
       178         28          0          0          0      10435   stm32f0xx_hal_cortex.o
       354         28          0          0          0       3364   stm32f0xx_hal_gpio.o
       256         26          0          0          0       2083   stm32f0xx_hal_msp.o
      3468        144          0          0          0      13539   stm32f0xx_hal_pcd.o
        58          0          0          0          0       1218   stm32f0xx_hal_pcd_ex.o
      1504        102          0          0          0       5101   stm32f0xx_hal_rcc.o
       268         14          0          0          0       1468   stm32f0xx_hal_rcc_ex.o
      1286         26          0          0          0       5357   stm32f0xx_hal_spi.o
      1260         34          0          0          0       8179   stm32f0xx_hal_uart.o
       146          6          0          0          0       1891   stm32f0xx_hal_uart_ex.o
       292         56          0          1          0       9370   stm32f0xx_it.o
       152          0         92          0          0       5868   sx1276-board.o
      4704        288        176         55        356      22941   sx1276.o
        92         14         24          4          0       1347   system_stm32f0xx.o
        52         16          0          0        548       2347   usb_device.o
       654         20          0        275          0      12462   usbd_cdc.o
       176         32          0         24          0       3253   usbd_cdc_if.o
       602         40          0          0       1088      11830   usbd_conf.o
       652          0          0          0          0       9072   usbd_core.o
      1020         34          0          1          0     460852   usbd_ctlreq.o
       212        116          0         50        512       4787   usbd_desc.o
       140          0          0          0          0       4252   usbd_ioreq.o

    ----------------------------------------------------------------------
     19288       1218        516        436       5652     618379   Object Totals
         0          0         32          0          0          0   (incl. Generated)
        38          0          0         10          4          0   (incl. Padding)

    ----------------------------------------------------------------------

      Code (inc. data)   RO Data    RW Data    ZI Data      Debug   Library Member Name

       200         20          0          0          0         76   ceil.o
       200         20          0          0          0         76   floor.o
       156         14          0          0          0         84   round.o
        86          0          0          0          0          0   __dczerorl2.o
         0          0          0          0          0          0   entry.o
         0          0          0          0          0          0   entry10a.o
         0          0          0          0          0          0   entry11a.o
         8          4          0          0          0          0   entry2.o
         4          0          0          0          0          0   entry5.o
         0          0          0          0          0          0   entry7b.o
         0          0          0          0          0          0   entry8b.o
         8          4          0          0          0          0   entry9a.o
        30          0          0          0          0          0   handlers.o
        36          8          0          0          0         68   init.o
         0          0          0          0          0          0   iusefp.o
        32          0          0          0          0         68   llshl.o
        38          0          0          0          0         68   llsshr.o
        34          0          0          0          0         68   llushr.o
        36          0          0          0          0         60   memcpya.o
        36          0          0          0          0        100   memseta.o
        44          0          0          0          0         72   uidiv.o
        40          2          0          0          0         68   cdcmple.o
        40          2          0          0          0         68   cdrcmple.o
       356          4          0          0          0        140   dadd.o
       240          6          0          0          0         84   ddiv.o
       236          0          0          0          0        216   depilogue.o
        72         10          0          0          0         72   dfixi.o
        60         10          0          0          0         68   dfixui.o
        40          6          0          0          0         68   dflti.o
        28          4          0          0          0         68   dfltui.o
       208          6          0          0          0         88   dmul.o
       124         10          0          0          0         76   drnd.o
        44          0          0          0          0         72   dscalb.o

    ----------------------------------------------------------------------
      2440        130          0          0          0       1828   Library Totals
         4          0          0          0          0          0   (incl. Padding)

    ----------------------------------------------------------------------

      Code (inc. data)   RO Data    RW Data    ZI Data      Debug   Library Name

       556         54          0          0          0        236   m_ps.l
       392         16          0          0          0        504   mc_p.l
      1488         60          0          0          0       1088   mf_p.l

    ----------------------------------------------------------------------
      2440        130          0          0          0       1828   Library Totals

    ----------------------------------------------------------------------

==============================================================================


      Code (inc. data)   RO Data    RW Data    ZI Data      Debug   

     21728       1348        516        436       5652     610603   Grand Totals
     21728       1348        516        240       5652     610603   ELF Image Totals (compressed)
     21728       1348        516        240          0          0   ROM Totals

==============================================================================

    Total RO  Size (Code + RO Data)                22244 (  21.72kB)
    Total RW  Size (RW Data + ZI Data)              6088 (   5.95kB)
    Total ROM Size (Code + RO Data + RW Data)      22484 (  21.96kB)

==============================================================================

